******************************************************************************
                  TI ARM Linker PC v5.2.5                      
******************************************************************************
>> Linked Wed Sep 21 14:29:22 2016

OUTPUT FILE NAME:   <LCD_Voice.out>
ENTRY POINT SYMBOL: "_c_int00"  address: 20008509


MEMORY CONFIGURATION

         name            origin    length      used     unused   attr    fill
----------------------  --------  ---------  --------  --------  ----  --------
  SRAM_CODE             20004000   00012fff  00005d9e  0000d261  RW X
  SRAM_DATA             20017000   00019000  000046d3  0001492d  RW X


SEGMENT ALLOCATION MAP

run origin  load origin   length   init length attrs members
----------  ----------- ---------- ----------- ----- -------
20004000    20004000    00005da0   00005da0    r-x
  20004000    20004000    00000400   00000400    r-- .intvecs
  20004400    20004400    0000468e   0000468e    r-x .text
  20008a90    20008a90    00001258   00001258    r-- .const
  20009ce8    20009ce8    000000b8   000000b8    r-- .cinit
20017000    20017000    000041c5   00000000    rw-
  20017000    20017000    0000400c   00000000    rw- .bss
  2001b010    2001b010    000001b5   00000000    rw- .data
2002faec    2002faec    00000512   00000000    rw-
  2002faec    2002faec    00000512   00000000    rw- .stack


SECTION ALLOCATION MAP

 output                                  attributes/
section   page    origin      length       input sections
--------  ----  ----------  ----------   ----------------
.intvecs   0    20004000    00000400     
                  20004000    00000400     startup_ccs.obj (.intvecs)

.init_array 
*          0    20004000    00000000     UNINITIALIZED

.text      0    20004400    0000468e     
                  20004400    000010a6     rtsv7M4_T_le_eabi.lib : _printfi.obj (.text)
                  200054a6    00000002                           : i_div0.obj (.text)
                  200054a8    000010a4     LCD_TFT_ILI9341.obj (.text)
                  2000654c    000006c4     LCD_display.obj (.text)
                  20006c10    000003b8     Font_lib.obj (.text)
                  20006fc8    000001f4     rtsv7M4_T_le_eabi.lib : ull_div_t2.obj (.text)
                  200071bc    000001b6                           : fd_add_t2.obj (.text)
                  20007372    00000002     --HOLE-- [fill = 0]
                  20007374    00000168     main.obj (.text)
                  200074dc    00000136     rtsv7M4_T_le_eabi.lib : fd_div_t2.obj (.text)
                  20007612    00000002     --HOLE-- [fill = 0]
                  20007614    00000134     driverlib.a : prcm.obj (.text:PRCMCC3200MCUInit)
                  20007748    00000110     rtsv7M4_T_le_eabi.lib : xdscale.obj (.text)
                  20007858    000000fc                           : fd_mul_t2.obj (.text)
                  20007954    000000d8     pinmux.obj (.text)
                  20007a2c    000000be     rtsv7M4_T_le_eabi.lib : xdnorm.obj (.text)
                  20007aea    00000002     --HOLE-- [fill = 0]
                  20007aec    000000a8     driverlib.a : interrupt.obj (.text:IntEnable)
                  20007b94    000000a0                 : spi.obj (.text:SPIConfigSetExpClk)
                  20007c34    0000009c     rtsv7M4_T_le_eabi.lib : memcpy_t2.obj (.text)
                  20007cd0    00000094     driverlib.a : prcm.obj (.text:PRCMPeripheralClockGet)
                  20007d64    00000088                 : pin.obj (.text:PinConfigSet)
                  20007dec    00000086     rtsv7M4_T_le_eabi.lib : fd_cmp_t2.obj (.text:__aeabi_cdcmple)
                  20007e72    00000086                           : fd_cmp_t2.obj (.text:__aeabi_cdrcmple)
                  20007ef8    0000007a                           : fs_mul_t2.obj (.text)
                  20007f72    0000007a                           : memset_t2.obj (.text)
                  20007fec    0000006c                           : autoinit.obj (.text)
                  20008058    0000006a                           : copy_decompress_rle.obj (.text)
                  200080c2    00000066                           : xdunscal.obj (.text)
                  20008128    00000060                           : sprintf.obj (.text)
                  20008188    0000005e                           : i_divt2.obj (.text)
                  200081e6    00000002     --HOLE-- [fill = 0]
                  200081e8    00000058     driverlib.a : prcm.obj (.text:PRCMPeripheralReset)
                  20008240    00000056     rtsv7M4_T_le_eabi.lib : ltoa.obj (.text)
                  20008296    00000002     --HOLE-- [fill = 0]
                  20008298    0000004c                           : atoi.obj (.text)
                  200082e4    0000004c                           : cpy_tbl.obj (.text)
                  20008330    00000048                           : fd_toi_t2.obj (.text)
                  20008378    00000048                           : fd_tos_t2.obj (.text)
                  200083c0    00000046                           : ldexp.obj (.text)
                  20008406    00000002     --HOLE-- [fill = 0]
                  20008408    00000044                           : exit.obj (.text)
                  2000844c    00000040     driverlib.a : pin.obj (.text:PinModeSet)
                  2000848c    00000040     rtsv7M4_T_le_eabi.lib : signal.obj (.text)
                  200084cc    0000003c     driverlib.a : prcm.obj (.text:PRCMPeripheralClkEnable)
                  20008508    0000003c     rtsv7M4_T_le_eabi.lib : boot.obj (.text)
                  20008544    00000038     driverlib.a : adc.obj (.text:ADCChannelDisable)
                  2000857c    00000038                 : adc.obj (.text:ADCChannelEnable)
                  200085b4    00000038     rtsv7M4_T_le_eabi.lib : fs_tod_t2.obj (.text)
                  200085ec    00000038                           : fs_toi_t2.obj (.text)
                  20008624    00000036     driverlib.a : gpio.obj (.text:GPIODirModeSet)
                  2000865a    00000002     --HOLE-- [fill = 0]
                  2000865c    00000034     rtsv7M4_T_le_eabi.lib : feraiseexcept.obj (.text)
                  20008690    00000030     driverlib.a : pin.obj (.text:PinTypeGPIO)
                  200086c0    00000030     rtsv7M4_T_le_eabi.lib : xferaise.obj (.text)
                  200086f0    0000002e                           : i_tofd_t2.obj (.text)
                  2000871e    0000002e                           : raise.obj (.text)
                  2000874c    0000002c     driverlib.a : prcm.obj (.text:PRCMSysResetCauseGet)
                  20008778    0000002a                 : spi.obj (.text:SPIDataGetNonBlocking)
                  200087a2    0000002a     rtsv7M4_T_le_eabi.lib : xdclass.obj (.text)
                  200087cc    00000028     driverlib.a : prcm.obj (.text:PRCMPeripheralClkDisable)
                  200087f4    00000024     rtsv7M4_T_le_eabi.lib : u_tofs_t2.obj (.text)
                  20008818    00000022     driverlib.a : adc.obj (.text:ADCTimerConfig)
                  2000883a    00000022                 : spi.obj (.text:SPIReset)
                  2000885c    00000022     rtsv7M4_T_le_eabi.lib : frexp.obj (.text)
                  2000887e    00000020     driverlib.a : gpio.obj (.text:GPIOPinWrite)
                  2000889e    00000020                 : spi.obj (.text:SPIDataGet)
                  200088be    0000001e                 : spi.obj (.text:SPIDataPut)
                  200088dc    0000001c                 : adc.obj (.text:ADCFIFOLvlGet)
                  200088f8    0000001c     rtsv7M4_T_le_eabi.lib : memccpy.obj (.text)
                  20008914    0000001a     driverlib.a : pin.obj (.text:PinTypeSPI)
                  2000892e    0000001a                 : pin.obj (.text:PinTypeUART)
                  20008948    00000018                 : adc.obj (.text:ADCFIFORead)
                  20008960    00000018                 : spi.obj (.text:SPIEnable)
                  20008978    00000018     rtsv7M4_T_le_eabi.lib : args_main.obj (.text)
                  20008990    00000016     driverlib.a : adc.obj (.text:ADCTimerEnable)
                  200089a6    00000016                 : prcm.obj (.text:PRCMHIBRegRead)
                  200089bc    00000016                 : prcm.obj (.text:PRCMHIBRegWrite)
                  200089d2    00000016     rtsv7M4_T_le_eabi.lib : strchr.obj (.text)
                  200089e8    00000014     driverlib.a : adc.obj (.text:ADCEnable)
                  200089fc    00000014                 : cpu.obj (.text:CPUcpsie)
                  20008a10    00000014                 : pin.obj (.text:PinTypeADC)
                  20008a24    00000014     rtsv7M4_T_le_eabi.lib : _lock.obj (.text)
                  20008a38    00000014                           : strlen.obj (.text)
                  20008a4c    0000000e                           : copy_decompress_none.obj (.text:decompress:none)
                  20008a5a    0000000e     startup_ccs.obj (.text)
                  20008a68    0000000c     rtsv7M4_T_le_eabi.lib : copy_zero_init.obj (.text:decompress:ZI)
                  20008a74    0000000a     driverlib.a : interrupt.obj (.text:IntMasterEnable)
                  20008a7e    00000006                 : utils.obj (.text:UtilsDelay)
                  20008a84    00000006     rtsv7M4_T_le_eabi.lib : copy_decompress_rle.obj (.text:decompress:rle24)
                  20008a8a    00000004                           : pre_init.obj (.text)

.const     0    20008a90    00001258     
                  20008a90    000005f0     LCD_TFT_ILI9341.obj (.const:asc2_1608)
                  20009080    000004c8     LCD_TFT_ILI9341.obj (.const:tfont24)
                  20009548    00000474     LCD_TFT_ILI9341.obj (.const:asc2_1206)
                  200099bc    00000101     rtsv7M4_T_le_eabi.lib : ctype.obj (.const:.string:_ctypes_)
                  20009abd    00000003     --HOLE-- [fill = 0]
                  20009ac0    00000100     driverlib.a : pin.obj (.const:g_ulPinToPadMap)
                  20009bc0    000000a8                 : prcm.obj (.const:PRCM_PeriphRegsList)
                  20009c68    00000080                 : interrupt.obj (.const)

.cinit     0    20009ce8    000000b8     
                  20009ce8    0000008f     (.cinit..data.load) [load image, compression = rle]
                  20009d77    00000001     --HOLE-- [fill = 0]
                  20009d78    0000000c     (__TI_handler_table)
                  20009d84    00000004     --HOLE-- [fill = 0]
                  20009d88    00000008     (.cinit..bss.load) [load image, compression = zero_init]
                  20009d90    00000010     (__TI_cinit_table)

.bss       0    20017000    0000400c     UNINITIALIZED
                  20017000    00004000     main.obj (.bss:pulAdcSamples)
                  2001b000    00000004     (.common:char_x)
                  2001b004    00000004     (.common:char_y)
                  2001b008    00000002     (.common:_background)
                  2001b00a    00000002     (.common:_foreground)

.data      0    2001b010    000001b5     UNINITIALIZED
                  2001b010    000000b0     rtsv7M4_T_le_eabi.lib : signal.obj (.data:sigtable)
                  2001b0c0    00000080                           : xvalues.obj (.data)
                  2001b140    00000060     Font_lib.obj (.data:fontSize)
                  2001b1a0    00000008     rtsv7M4_T_le_eabi.lib : _lock.obj (.data)
                  2001b1a8    00000008                           : exit.obj (.data)
                  2001b1b0    00000008                           : feraiseexcept.obj (.data)
                  2001b1b8    00000004     main.obj (.data)
                  2001b1bc    00000004     rtsv7M4_T_le_eabi.lib : errno.obj (.data)
                  2001b1c0    00000004                           : stkdepth_vars.obj (.data)
                  2001b1c4    00000001     LCD_display.obj (.data)

.TI.noinit 
*          0    20017000    00000000     UNINITIALIZED

.TI.persistent 
*          0    2001b010    00000000     UNINITIALIZED

.stack     0    2002faec    00000512     UNINITIALIZED
                  2002faec    00000512     --HOLE--


LINKER GENERATED COPY TABLES

__TI_cinit_table @ 20009d90 records: 2, size/record: 8, table size: 16
	.data: load addr=20009ce8, load size=0000008f bytes, run addr=2001b010, run size=000001b5 bytes, compression=rle
	.bss: load addr=20009d88, load size=00000008 bytes, run addr=20017000, run size=0000400c bytes, compression=zero_init


LINKER GENERATED HANDLER TABLE

__TI_handler_table @ 20009d78 records: 3, size/record: 4, table size: 12
	index: 0, handler: __TI_decompress_rle24
	index: 1, handler: __TI_decompress_none
	index: 2, handler: __TI_zero_init


GLOBAL SYMBOLS: SORTED ALPHABETICALLY BY Name 

address   name                           
-------   ----                           
20008545  ADCChannelDisable              
2000857d  ADCChannelEnable               
200089e9  ADCEnable                      
200088dd  ADCFIFOLvlGet                  
20008949  ADCFIFORead                    
20008819  ADCTimerConfig                 
20008991  ADCTimerEnable                 
20008409  C$$EXIT                        
200089fd  CPUcpsie                       
20006e4b  FONT_SPI_writebyte             
20008625  GPIODirModeSet                 
2000887f  GPIOPinWrite                   
20006c11  GT20GetFontAddr                
20006e87  GT20Init                       
20006e95  GT20Read                       
20007aed  IntEnable                      
20008a75  IntMasterEnable                
2000654d  IntToStr                       
2000681f  LCD_AsciiDisplay               
200054d9  LCD_CD_HIGH                    
200054c9  LCD_CD_LOW                     
200054b9  LCD_CS_HIGH                    
200054a9  LCD_CS_LOW                     
20006a2d  LCD_ChineseDisplay             
20006b7d  LCD_FloatDisplay               
20006ac7  LCD_FontDisplay                
2000594d  LCD_ILI9341_TFT_Init           
20005641  LCD_ILI9341_TFT_WindowMax      
20005fc1  LCD_ILI9341_TFT_background     
2000596b  LCD_ILI9341_TFT_circle         
200058f9  LCD_ILI9341_TFT_cls            
20005bbd  LCD_ILI9341_TFT_fillcircle     
20005f0f  LCD_ILI9341_TFT_fillrect       
20006641  LCD_ILI9341_TFT_fontpixel      
20005fad  LCD_ILI9341_TFT_foreground     
20005553  LCD_ILI9341_TFT_height         
20005bf9  LCD_ILI9341_TFT_hline          
20005ce9  LCD_ILI9341_TFT_line           
20005f95  LCD_ILI9341_TFT_locate         
20005895  LCD_ILI9341_TFT_pixel          
20005e77  LCD_ILI9341_TFT_rect           
200055bd  LCD_ILI9341_TFT_set_orientation
20005659  LCD_ILI9341_TFT_tft_reset      
20005c71  LCD_ILI9341_TFT_vline          
2000554b  LCD_ILI9341_TFT_width          
200055cd  LCD_ILI9341_TFT_window         
20005559  LCD_ILI9341_TFT_wr_cmd         
20005573  LCD_ILI9341_TFT_wr_dat         
2000558d  LCD_ILI9341_TFT_wr_dat_start   
20005599  LCD_ILI9341_TFT_wr_dat_stop    
200055a1  LCD_ILI9341_TFT_wr_reg         
200054e9  LCD_PIN_Init                   
20006e65  LCD_SPI_readbyte               
20005531  LCD_SPI_writebyte              
2000622d  LCD_Show_ChFont2424            
2000636d  LCD_Show_StandbyPage           
20006af5  LCD_StringDisplay              
20005fd5  LCD_TFT_ShowChar               
20006111  LCD_TFT_ShowString             
200066a5  LCD_font2char                  
200068bd  LCD_font2hanzi                 
20007615  PRCMCC3200MCUInit              
200089a7  PRCMHIBRegRead                 
200089bd  PRCMHIBRegWrite                
200087cd  PRCMPeripheralClkDisable       
200084cd  PRCMPeripheralClkEnable        
20007cd1  PRCMPeripheralClockGet         
200081e9  PRCMPeripheralReset            
2000874d  PRCMSysResetCauseGet           
20007d65  PinConfigSet                   
2000844d  PinModeSet                     
20007955  PinMuxConfig                   
20008a11  PinTypeADC                     
20008691  PinTypeGPIO                    
20008915  PinTypeSPI                     
2000892f  PinTypeUART                    
20008a5b  ResetISR                       
UNDEFED   SHT$$INIT_ARRAY$$Base          
UNDEFED   SHT$$INIT_ARRAY$$Limit         
20007b95  SPIConfigSetExpClk             
2000889f  SPIDataGet                     
20008779  SPIDataGetNonBlocking          
200088bf  SPIDataPut                     
20008961  SPIEnable                      
2000883b  SPIReset                       
20008a7f  UtilsDelay                     
200073cd  Voicegetvalue                  
200073ad  Voiceinit                      
200087a3  _Dclass                        
2001b0c0  _Denorm                        
20007a2d  _Dnorm                         
20007749  _Dscale                        
200080c3  _Dunscale                      
2001b0d0  _Eps                           
2001b1bc  _Errno                         
2001b1b0  _Fenv                          
200086c1  _Feraise                       
2001b0e0  _Hugeval                       
2001b0f0  _Inf                           
2001b100  _Nan                           
2001b120  _Rteps                         
2001b110  _Snan                          
2001b1b4  _Tls_setup__Fenv               
2001b130  _Xbig                          
2001b138  _Zero                          
2002fffe  __STACK_END                    
00000512  __STACK_SIZE                   
20009d90  __TI_CINIT_Base                
20009da0  __TI_CINIT_Limit               
20009d78  __TI_Handler_Table_Base        
20009d84  __TI_Handler_Table_Limit       
20007fed  __TI_auto_init                 
2001b1a8  __TI_cleanup_ptr               
20008a4d  __TI_decompress_none           
20008a85  __TI_decompress_rle24          
2001b1ac  __TI_dtors_ptr                 
200051a1  __TI_printfi                   
20009ce8  __TI_static_base__             
20008a69  __TI_zero_init                 
20007ded  __aeabi_cdcmpeq                
20007ded  __aeabi_cdcmple                
20007e73  __aeabi_cdrcmple               
20008379  __aeabi_d2f                    
20008331  __aeabi_d2iz                   
200071c7  __aeabi_dadd                   
200074dd  __aeabi_ddiv                   
20007859  __aeabi_dmul                   
200071bd  __aeabi_dsub                   
200085b5  __aeabi_f2d                    
200085ed  __aeabi_f2iz                   
20007ef9  __aeabi_fmul                   
200086f1  __aeabi_i2d                    
20008189  __aeabi_idiv                   
200054a7  __aeabi_idiv0                  
20008189  __aeabi_idivmod                
20007f73  __aeabi_memclr                 
20007f73  __aeabi_memclr4                
20007f73  __aeabi_memclr8                
20007c35  __aeabi_memcpy                 
20007c35  __aeabi_memcpy4                
20007c35  __aeabi_memcpy8                
20007f75  __aeabi_memset                 
20007f75  __aeabi_memset4                
20007f75  __aeabi_memset8                
200087f5  __aeabi_ui2f                   
20006fc9  __aeabi_uldivmod               
ffffffff  __binit__                      
ffffffff  __c_args__                     
2002faec  __stack                        
20008979  _args_main                     
2001b008  _background                    
20008509  _c_int00                       
200099bc  _ctypes_                       
2001b00a  _foreground                    
2001b1a0  _lock                          
20008a33  _nop                           
20008a2b  _register_lock                 
20008a25  _register_unlock               
20008a8b  _system_pre_init               
2001b1a4  _unlock                        
2000840d  abort                          
20009548  asc2_1206                      
20008a90  asc2_1608                      
20008299  atoi                           
ffffffff  binit                          
2001b000  char_x                         
2001b004  char_y                         
200082e5  copy_in                        
20008415  exit                           
2000865d  feraiseexcept                  
2001b140  fontSize                       
2000885d  frexp                          
20004000  g_pfnVectors                   
2001b1c4  is_fontchip_ok                 
20006635  lcd_clear                      
200065e5  lcd_init                       
200083c1  ldexp                          
20008241  ltoa                           
2000746b  main                           
2001b1c0  main_func_sp                   
200088f9  memccpy                        
20007c35  memcpy                         
20007f7b  memset                         
20017000  pulAdcSamples                  
2000871f  raise                          
2000848d  signal                         
20008129  sprintf                        
200089d3  strchr                         
20008a39  strlen                         
20009080  tfont24                        
2001b1b8  uiIndex                        
20007375  wait_ms                        


GLOBAL SYMBOLS: SORTED BY Symbol Address 

address   name                           
-------   ----                           
00000512  __STACK_SIZE                   
20004000  g_pfnVectors                   
200051a1  __TI_printfi                   
200054a7  __aeabi_idiv0                  
200054a9  LCD_CS_LOW                     
200054b9  LCD_CS_HIGH                    
200054c9  LCD_CD_LOW                     
200054d9  LCD_CD_HIGH                    
200054e9  LCD_PIN_Init                   
20005531  LCD_SPI_writebyte              
2000554b  LCD_ILI9341_TFT_width          
20005553  LCD_ILI9341_TFT_height         
20005559  LCD_ILI9341_TFT_wr_cmd         
20005573  LCD_ILI9341_TFT_wr_dat         
2000558d  LCD_ILI9341_TFT_wr_dat_start   
20005599  LCD_ILI9341_TFT_wr_dat_stop    
200055a1  LCD_ILI9341_TFT_wr_reg         
200055bd  LCD_ILI9341_TFT_set_orientation
200055cd  LCD_ILI9341_TFT_window         
20005641  LCD_ILI9341_TFT_WindowMax      
20005659  LCD_ILI9341_TFT_tft_reset      
20005895  LCD_ILI9341_TFT_pixel          
200058f9  LCD_ILI9341_TFT_cls            
2000594d  LCD_ILI9341_TFT_Init           
2000596b  LCD_ILI9341_TFT_circle         
20005bbd  LCD_ILI9341_TFT_fillcircle     
20005bf9  LCD_ILI9341_TFT_hline          
20005c71  LCD_ILI9341_TFT_vline          
20005ce9  LCD_ILI9341_TFT_line           
20005e77  LCD_ILI9341_TFT_rect           
20005f0f  LCD_ILI9341_TFT_fillrect       
20005f95  LCD_ILI9341_TFT_locate         
20005fad  LCD_ILI9341_TFT_foreground     
20005fc1  LCD_ILI9341_TFT_background     
20005fd5  LCD_TFT_ShowChar               
20006111  LCD_TFT_ShowString             
2000622d  LCD_Show_ChFont2424            
2000636d  LCD_Show_StandbyPage           
2000654d  IntToStr                       
200065e5  lcd_init                       
20006635  lcd_clear                      
20006641  LCD_ILI9341_TFT_fontpixel      
200066a5  LCD_font2char                  
2000681f  LCD_AsciiDisplay               
200068bd  LCD_font2hanzi                 
20006a2d  LCD_ChineseDisplay             
20006ac7  LCD_FontDisplay                
20006af5  LCD_StringDisplay              
20006b7d  LCD_FloatDisplay               
20006c11  GT20GetFontAddr                
20006e4b  FONT_SPI_writebyte             
20006e65  LCD_SPI_readbyte               
20006e87  GT20Init                       
20006e95  GT20Read                       
20006fc9  __aeabi_uldivmod               
200071bd  __aeabi_dsub                   
200071c7  __aeabi_dadd                   
20007375  wait_ms                        
200073ad  Voiceinit                      
200073cd  Voicegetvalue                  
2000746b  main                           
200074dd  __aeabi_ddiv                   
20007615  PRCMCC3200MCUInit              
20007749  _Dscale                        
20007859  __aeabi_dmul                   
20007955  PinMuxConfig                   
20007a2d  _Dnorm                         
20007aed  IntEnable                      
20007b95  SPIConfigSetExpClk             
20007c35  __aeabi_memcpy                 
20007c35  __aeabi_memcpy4                
20007c35  __aeabi_memcpy8                
20007c35  memcpy                         
20007cd1  PRCMPeripheralClockGet         
20007d65  PinConfigSet                   
20007ded  __aeabi_cdcmpeq                
20007ded  __aeabi_cdcmple                
20007e73  __aeabi_cdrcmple               
20007ef9  __aeabi_fmul                   
20007f73  __aeabi_memclr                 
20007f73  __aeabi_memclr4                
20007f73  __aeabi_memclr8                
20007f75  __aeabi_memset                 
20007f75  __aeabi_memset4                
20007f75  __aeabi_memset8                
20007f7b  memset                         
20007fed  __TI_auto_init                 
200080c3  _Dunscale                      
20008129  sprintf                        
20008189  __aeabi_idiv                   
20008189  __aeabi_idivmod                
200081e9  PRCMPeripheralReset            
20008241  ltoa                           
20008299  atoi                           
200082e5  copy_in                        
20008331  __aeabi_d2iz                   
20008379  __aeabi_d2f                    
200083c1  ldexp                          
20008409  C$$EXIT                        
2000840d  abort                          
20008415  exit                           
2000844d  PinModeSet                     
2000848d  signal                         
200084cd  PRCMPeripheralClkEnable        
20008509  _c_int00                       
20008545  ADCChannelDisable              
2000857d  ADCChannelEnable               
200085b5  __aeabi_f2d                    
200085ed  __aeabi_f2iz                   
20008625  GPIODirModeSet                 
2000865d  feraiseexcept                  
20008691  PinTypeGPIO                    
200086c1  _Feraise                       
200086f1  __aeabi_i2d                    
2000871f  raise                          
2000874d  PRCMSysResetCauseGet           
20008779  SPIDataGetNonBlocking          
200087a3  _Dclass                        
200087cd  PRCMPeripheralClkDisable       
200087f5  __aeabi_ui2f                   
20008819  ADCTimerConfig                 
2000883b  SPIReset                       
2000885d  frexp                          
2000887f  GPIOPinWrite                   
2000889f  SPIDataGet                     
200088bf  SPIDataPut                     
200088dd  ADCFIFOLvlGet                  
200088f9  memccpy                        
20008915  PinTypeSPI                     
2000892f  PinTypeUART                    
20008949  ADCFIFORead                    
20008961  SPIEnable                      
20008979  _args_main                     
20008991  ADCTimerEnable                 
200089a7  PRCMHIBRegRead                 
200089bd  PRCMHIBRegWrite                
200089d3  strchr                         
200089e9  ADCEnable                      
200089fd  CPUcpsie                       
20008a11  PinTypeADC                     
20008a25  _register_unlock               
20008a2b  _register_lock                 
20008a33  _nop                           
20008a39  strlen                         
20008a4d  __TI_decompress_none           
20008a5b  ResetISR                       
20008a69  __TI_zero_init                 
20008a75  IntMasterEnable                
20008a7f  UtilsDelay                     
20008a85  __TI_decompress_rle24          
20008a8b  _system_pre_init               
20008a90  asc2_1608                      
20009080  tfont24                        
20009548  asc2_1206                      
200099bc  _ctypes_                       
20009ce8  __TI_static_base__             
20009d78  __TI_Handler_Table_Base        
20009d84  __TI_Handler_Table_Limit       
20009d90  __TI_CINIT_Base                
20009da0  __TI_CINIT_Limit               
20017000  pulAdcSamples                  
2001b000  char_x                         
2001b004  char_y                         
2001b008  _background                    
2001b00a  _foreground                    
2001b0c0  _Denorm                        
2001b0d0  _Eps                           
2001b0e0  _Hugeval                       
2001b0f0  _Inf                           
2001b100  _Nan                           
2001b110  _Snan                          
2001b120  _Rteps                         
2001b130  _Xbig                          
2001b138  _Zero                          
2001b140  fontSize                       
2001b1a0  _lock                          
2001b1a4  _unlock                        
2001b1a8  __TI_cleanup_ptr               
2001b1ac  __TI_dtors_ptr                 
2001b1b0  _Fenv                          
2001b1b4  _Tls_setup__Fenv               
2001b1b8  uiIndex                        
2001b1bc  _Errno                         
2001b1c0  main_func_sp                   
2001b1c4  is_fontchip_ok                 
2002faec  __stack                        
2002fffe  __STACK_END                    
ffffffff  __binit__                      
ffffffff  __c_args__                     
ffffffff  binit                          
UNDEFED   SHT$$INIT_ARRAY$$Base          
UNDEFED   SHT$$INIT_ARRAY$$Limit         

[192 symbols]
