******************************************************************************
                  TI ARM Linker PC v5.2.2                      
******************************************************************************
>> Linked Tue Dec 11 01:00:55 2018

OUTPUT FILE NAME:   <aaa_Project.out>
ENTRY POINT SYMBOL: "_c_int00"  address: 20011371


MEMORY CONFIGURATION

         name            origin    length      used     unused   attr    fill
----------------------  --------  ---------  --------  --------  ----  --------
  SRAM_CODE             20004000   00013000  00012012  00000fee  RW X
  SRAM_DATA             20017000   00019000  00015810  000037f0  RW X


SEGMENT ALLOCATION MAP

run origin  load origin   length   init length attrs members
----------  ----------- ---------- ----------- ----- -------
20004000    20004000    00012018   00012018    r-x
  20004000    20004000    0000030c   0000030c    r-- .resetVecs
  20004310    20004310    0000eff2   0000eff2    r-x .text
  20013304    20013304    0000296c   0000296c    r-- .const
  20015c70    20015c70    000003a8   000003a8    r-- .cinit
20017000    20017000    00013814   00000000    rw-
  20017000    20017000    00013264   00000000    rw- .bss
  2002a268    2002a268    000005ac   00000000    rw- .data
2002e000    2002e000    00002000   00000000    rw-
  2002e000    2002e000    00002000   00000000    rw- .stack


SECTION ALLOCATION MAP

 output                                  attributes/
section   page    origin      length       input sections
--------  ----  ----------  ----------   ----------------
.bootVecs 
*          0    00000000    00000008     DSECT
                  00000000    00000008     boot.aem4 : boot.oem4 (.bootVecs)

.vecs      0    20004000    00000000     DSECT

.resetVecs 
*          0    20004000    0000030c     
                  20004000    0000030c     app_pem4.oem4 (.resetVecs)

xdc.meta   0    00000000    000000f8     COPY SECTION
                  00000000    000000f8     app_pem4.oem4 (xdc.meta)

.init_array 
*          0    20004000    00000000     UNINITIALIZED

.text      0    20004310    0000eff2     
                  20004310    0000152c     main.obj (.text)
                  2000583c    000010a6     rtsv7M4_T_le_eabi.lib : _printfi.obj (.text)
                  200068e2    00000002     app_pem4.oem4 (.text:ti_sysbios_BIOS_nullFunc__I)
                  200068e4    00001060     TFT.obj (.text)
                  20007944    000005ec     simplelink.a : driver.obj (.text:_SlDrvMsgRead)
                  20007f30    00000544     ti_rtos.a : osi_tirtos.obj (.text)
                  20008474    00000004     ti.targets.arm.rtsarm.aem4 : LoggerBuf.oem4 (.text:LoggerBuf_instanceStartup)
                  20008478    00000430     sysbios.aem4 : BIOS.obj (.text:ti_sysbios_family_arm_m3_Hwi_excDumpRegs__I)
                  200088a8    00000394     gpio_if.obj (.text)
                  20008c3c    0000033c     ti.targets.arm.rtsarm.aem4 : System.oem4 (.text:xdc_runtime_System_doPrint__I)
                  20008f78    00000314     sysbios.aem4 : BIOS.obj (.text:ti_sysbios_knl_Semaphore_pend__E)
                  2000928c    000002d4     rtsv7M4_T_le_eabi.lib : trgdrv.obj (.text)
                  20009560    00000280     uart_if.obj (.text)
                  200097e0    00000254     sysbios.aem4 : BIOS.obj (.text:ti_sysbios_heaps_HeapMem_free__E)
                  20009a34    00000248     simplelink.a : driver.obj (.text:_SlDrvRxHdrRead)
                  20009c7c    00000004     app_pem4.oem4 (.text:ti_sysbios_BIOS_RtsGateProxy_enter__E)
                  20009c80    00000240     sysbios.aem4 : BIOS.obj (.text:ti_sysbios_heaps_HeapMem_alloc__E)
                  20009ec0    0000022c                  : BIOS.obj (.text:ti_sysbios_knl_Task_Instance_finalize__E)
                  2000a0ec    00000004     app_pem4.oem4 (.text:ti_sysbios_BIOS_RtsGateProxy_leave__E)
                  2000a0f0    00000200     sysbios.aem4 : BIOS.obj (.text:ti_sysbios_knl_Task_sleep__E)
                  2000a2f0    000001fc                  : BIOS.obj (.text:ti_sysbios_family_arm_m3_Hwi_excHandlerMax__I)
                  2000a4ec    000001f4     rtsv7M4_T_le_eabi.lib : ull_div_t2.obj (.text)
                  2000a6e0    000001d0     simplelink.a : driver.obj (.text:_SlDrvReleasePoolObj)
                  2000a8b0    000001cc                  : driver.obj (.text:_SlDrvMsgWrite)
                  2000aa7c    00000004     app_pem4.oem4 (.text:ti_sysbios_family_arm_m3_Hwi_delete)
                  2000aa80    000001c8     sysbios.aem4 : BIOS.obj (.text:ti_sysbios_knl_Task_Instance_init__E)
                  2000ac48    000001b6     rtsv7M4_T_le_eabi.lib : fd_add_t2.obj (.text)
                  2000adfe    00000002     app_pem4.oem4 (.text:xdc_runtime_Startup_reset__I)
                  2000ae00    0000019c     sysbios.aem4 : BIOS.obj (.text:ti_sysbios_knl_Task_Module_startup__E)
                  2000af9c    00000190     simplelink.a : driver.obj (.text:_SlDrvWaitForPoolObj)
                  2000b12c    00000174                  : driver.obj (.text:_SlDrvDriverCBInit)
                  2000b2a0    00000174     sysbios.aem4 : BIOS.obj (.text:ti_sysbios_family_arm_m3_Hwi_excBusFault__I)
                  2000b414    00000170     simplelink.a : driver.obj (.text:_SlFindAndSetActiveObj)
                  2000b584    00000004     app_pem4.oem4 (.text:ti_sysbios_family_arm_m3_TaskSupport_Module__startupDone__S)
                  2000b588    00000164     sysbios.aem4 : BIOS.obj (.text:ti_sysbios_family_arm_m3_Hwi_excUsageFault__I)
                  2000b6ec    00000004     app_pem4.oem4 (.text:ti_sysbios_heaps_HeapMem_Module_GateProxy_enter__E)
                  2000b6f0    00000158     sysbios.aem4 : BIOS.obj (.text:ti_sysbios_knl_Mailbox_Instance_init__E)
                  2000b848    0000014c     simplelink.a : cc_pal.obj (.text:spi_Open)
                  2000b994    00000004     app_pem4.oem4 (.text:ti_sysbios_heaps_HeapMem_Module_GateProxy_leave__E)
                  2000b998    00000148     sysbios.aem4 : BIOS.obj (.text:ti_sysbios_family_arm_m3_Hwi_excMemFault__I)
                  2000bae0    00000140                  : BIOS.obj (.text:ti_sysbios_knl_Semaphore_post__E)
                  2000bc20    0000013c                  : BIOS.obj (.text:ti_sysbios_heaps_HeapMem_Instance_init__E)
                  2000bd5c    00000138     simplelink.a : socket.obj (.text:sl_Accept)
                  2000be94    00000004     app_pem4.oem4 (.text:ti_sysbios_knl_Clock_TimerProxy_getMaxTicks__E)
                  2000be98    00000138     sysbios.aem4 : BIOS.obj (.text:ti_sysbios_family_arm_m3_Hwi_dispatchC__I)
                  2000bfd0    00000136     rtsv7M4_T_le_eabi.lib : fd_div_t2.obj (.text)
                  2000c106    00000002     --HOLE-- [fill = 0]
                  2000c108    00000134     driverlib.a : prcm.obj (.text:PRCMCC3200MCUInit)
                  2000c23c    00000004     app_pem4.oem4 (.text:ti_sysbios_knl_Mailbox_delete)
                  2000c240    00000134     sysbios.aem4 : BIOS.obj (.text:ti_sysbios_knl_Clock_workFunc__E)
                  2000c374    00000130     ti.targets.arm.rtsarm.aem4 : LoggerBuf.oem4 (.text:xdc_runtime_LoggerBuf_write8__E)
                  2000c4a4    00000128     simplelink.a : driver.obj (.text:_SlDrvDataReadOp)
                  2000c5cc    00000120     ti.targets.arm.rtsarm.aem4 : Error.oem4 (.text:xdc_runtime_Error_policyDefault__E)
                  2000c6ec    00000004     app_pem4.oem4 (.text:ti_sysbios_knl_Queue_destruct)
                  2000c6f0    0000011c     sysbios.aem4 : BIOS.obj (.text:ti_sysbios_knl_Swi_run__I)
                  2000c80c    00000110     rtsv7M4_T_le_eabi.lib : xdscale.obj (.text)
                  2000c91c    00000104     ti.targets.arm.rtsarm.aem4 : Core-mem.oem4 (.text:xdc_runtime_Core_createObject__I)
                  2000ca20    000000fe     simplelink.a : netapp.obj (.text:_SlDrvNetAppEventHandler)
                  2000cb1e    000000fc     rtsv7M4_T_le_eabi.lib : fd_mul_t2.obj (.text)
                  2000cc1a    00000002     --HOLE-- [fill = 0]
                  2000cc1c    000000fc     ti.targets.arm.rtsarm.aem4 : Startup.oem4 (.text:xdc_runtime_Startup_startMods__I)
                  2000cd18    000000fa     rtsv7M4_T_le_eabi.lib : fs_add_t2.obj (.text)
                  2000ce12    000000f8     app_pem4.oem4 (.text:xdc_runtime_System_printfExtend__I)
                  2000cf0a    00000002     --HOLE-- [fill = 0]
                  2000cf0c    000000f4     simplelink.a : driver.obj (.text:_SlDrvDriverCBDeinit)
                  2000d000    000000f4                  : fs.obj (.text:sl_FsRead)
                  2000d0f4    000000f0     driverlib.a : udma.obj (.text:uDMAChannelTransferSet)
                  2000d1e4    000000ec     simplelink.a : fs.obj (.text:sl_FsWrite)
                  2000d2d0    000000dc                  : cc_pal.obj (.text:spi_Read)
                  2000d3ac    000000d8                  : driver.obj (.text:_SlDrvClassifyRxMsg)
                  2000d484    000000d8     pinmux.obj (.text)
                  2000d55c    000000d4     simplelink.a : device.obj (.text:sl_Stop)
                  2000d630    000000d4     ti.targets.arm.rtsarm.aem4 : LoggerBuf.oem4 (.text:xdc_runtime_LoggerBuf_write4__E)
                  2000d704    000000d0     sysbios.aem4 : m3_Hwi_asm.obj (.text:ti_sysbios_family_arm_m3_Hwi_dispatch__I)
                  2000d7d4    00000004     app_pem4.oem4 (.text:ti_sysbios_knl_Semaphore_delete)
                  2000d7d8    000000cc     sysbios.aem4 : BIOS.obj (.text:ti_sysbios_knl_Task_schedule__I)
                  2000d8a4    000000cc     ti.targets.arm.rtsarm.aem4 : Core-smem.oem4 (.text:xdc_runtime_Core_constructObject__I)
                  2000d970    000000c8     simplelink.a : netapp.obj (.text:_sl_HandleAsync_DnsGetHostByService)
                  2000da38    000000c4     sysbios.aem4 : BIOS.obj (.text:ti_sysbios_family_arm_m3_Hwi_Module_startup__E)
                  2000dafc    000000c0     simplelink.a : driver.obj (.text:_SlRemoveFromList)
                  2000dbbc    00000004     app_pem4.oem4 (.text:ti_sysbios_knl_Semaphore_destruct)
                  2000dbc0    000000c0     sysbios.aem4 : BIOS.obj (.text:ti_sysbios_knl_Task_exit__E)
                  2000dc80    000000be     rtsv7M4_T_le_eabi.lib : xdnorm.obj (.text)
                  2000dd3e    00000002     --HOLE-- [fill = 0]
                  2000dd40    000000bc     simplelink.a : driver.obj (.text:_SlDrvMsgReadCmdCtx)
                  2000ddfc    000000bc                  : device.obj (.text:sl_Start)
                  2000deb8    000000bc     sysbios.aem4 : BIOS.obj (.text:ti_sysbios_family_arm_m3_Hwi_excDebugMon__I)
                  2000df74    00000004     app_pem4.oem4 (.text:ti_sysbios_knl_Task_delete)
                  2000df78    000000bc     sysbios.aem4 : BIOS.obj (.text:ti_sysbios_family_arm_m3_Hwi_excHardFault__I)
                  2000e034    00000004     ti.targets.arm.rtsarm.aem4 : Error.oem4 (.text:xdc_runtime_Error_getSite__E)
                  2000e038    000000bc     sysbios.aem4 : BIOS.obj (.text:ti_sysbios_knl_Task_startCore__E)
                  2000e0f4    000000b8     simplelink.a : driver.obj (.text:_SlAsyncEventGenericHandler)
                  2000e1ac    000000b4                  : netapp.obj (.text:sl_NetAppMDNSRegisterUnregisterService)
                  2000e260    000000b4     sysbios.aem4 : BIOS.obj (.text:ti_sysbios_gates_GateMutex_enter__E)
                  2000e314    00000004     app_pem4.oem4 (.text:xdc_runtime_LoggerBuf_Module_GateProxy_enter__E)
                  2000e318    000000b4     sysbios.aem4 : BIOS.obj (.text:ti_sysbios_knl_Task_checkStacks__E)
                  2000e3cc    00000004     app_pem4.oem4 (.text:xdc_runtime_LoggerBuf_Module_GateProxy_leave__E)
                  2000e3d0    000000b4     sysbios.aem4 : BIOS.obj (.text:ti_sysbios_knl_Task_yield__E)
                  2000e484    00000004     app_pem4.oem4 (.text:xdc_runtime_System_Module_GateProxy_enter__E)
                  2000e488    000000ac     sysbios.aem4 : BIOS.obj (.text:ti_sysbios_knl_Swi_post__E)
                  2000e534    000000a8     driverlib.a : interrupt.obj (.text:IntEnable)
                  2000e5dc    000000a8     simplelink.a : netcfg.obj (.text:sl_NetCfgGet)
                  2000e684    00000004     app_pem4.oem4 (.text:xdc_runtime_System_Module_GateProxy_leave__E)
                  2000e688    000000a8     sysbios.aem4 : BIOS.obj (.text:ti_sysbios_knl_Task_blockI__E)
                  2000e730    000000a8                  : BIOS.obj (.text:ti_sysbios_knl_Task_postInit__I)
                  2000e7d8    000000a0     driverlib.a : spi.obj (.text:SPIConfigSetExpClk)
                  2000e878    000000a0     auto_init.aem4 : auto_init.oem4 (.text)
                  2000e918    000000a0     sysbios.aem4 : BIOS.obj (.text:ti_sysbios_family_arm_m3_Hwi_Instance_init__E)
                  2000e9b8    0000009c     simplelink.a : driver.obj (.text:_SlDrvMsgReadSpawnCtx)
                  2000ea54    0000009c     rtsv7M4_T_le_eabi.lib : memcpy_t2.obj (.text)
                  2000eaf0    0000009c     simplelink.a : device.obj (.text:sl_DevGet)
                  2000eb8c    00000004     ti.targets.arm.rtsarm.aem4 : System.oem4 (.text:xdc_runtime_System_aprintf_va__F)
                  2000eb90    0000009c     sysbios.aem4 : BIOS.obj (.text:ti_sysbios_knl_Semaphore_Instance_init__E)
                  2000ec2c    0000009a     ti.targets.arm.rtsarm.aem4 : Text.oem4 (.text:xdc_runtime_Text_putSite__E)
                  2000ecc6    00000002     --HOLE-- [fill = 0]
                  2000ecc8    00000098     sysbios.aem4 : BIOS.obj (.text:ti_sysbios_knl_Mailbox_post__E)
                  2000ed60    00000094     driverlib.a : prcm.obj (.text:PRCMPeripheralClockGet)
                  2000edf4    00000094     ti.targets.arm.rtsarm.aem4 : Text.oem4 (.text:xdc_runtime_Text_putMod__E)
                  2000ee88    00000092     rtsv7M4_T_le_eabi.lib : fs_div_t2.obj (.text)
                  2000ef1a    00000006     driverlib.a : utils.obj (.text:UtilsDelay)
                  2000ef20    00000090     sysbios.aem4 : BIOS.obj (.text:ti_sysbios_knl_Task_unblockI__E)
                  2000efb0    0000008c     simplelink.a : cc_pal.obj (.text:SetupDMAReceive)
                  2000f03c    0000008c                  : cc_pal.obj (.text:SetupDMASend)
                  2000f0c8    0000008c                  : netapp.obj (.text:_sl_HandleAsync_DnsGetHostByName)
                  2000f154    0000008c                  : netapp.obj (.text:_sl_HandleAsync_PingResponse)
                  2000f1e0    0000008c                  : cc_pal.obj (.text:spi_Write)
                  2000f26c    00000004     ti.targets.arm.rtsarm.aem4 : System.oem4 (.text:xdc_runtime_System_printf_va__F)
                  2000f270    0000008c     sysbios.aem4 : BIOS.obj (.text:ti_sysbios_knl_Mailbox_pend__E)
                  2000f2fc    00000088     driverlib.a : pin.obj (.text:PinConfigSet)
                  2000f384    00000088     rtsv7M4_T_le_eabi.lib : vsnprintf.obj (.text)
                  2000f40c    00000088     simplelink.a : socket.obj (.text:sl_Bind)
                  2000f494    00000088                  : fs.obj (.text:sl_FsClose)
                  2000f51c    00000004     --HOLE-- [fill = 0]
                  2000f520    00000088     sysbios.aem4 : BIOS.obj (.text:ti_sysbios_family_arm_m3_Hwi_initNVIC__E)
                  2000f5a8    00000088                  : BIOS.obj (.text:ti_sysbios_knl_Mailbox_Module_startup__E)
                  2000f630    00000086     rtsv7M4_T_le_eabi.lib : fd_cmp_t2.obj (.text:__aeabi_cdcmple)
                  2000f6b6    00000086                           : fd_cmp_t2.obj (.text:__aeabi_cdrcmple)
                  2000f73c    00000084     simplelink.a : cc_pal.obj (.text:NwpPowerOnPreamble)
                  2000f7c0    00000082     driverlib.a : gpio.obj (.text:GPIOIntTypeSet)
                  2000f842    00000002     --HOLE-- [fill = 0]
                  2000f844    00000080     simplelink.a : driver.obj (.text:_SlDrvCmdOp)
                  2000f8c4    00000080                  : cc_pal.obj (.text:spi_Read_CPU)
                  2000f944    00000080                  : cc_pal.obj (.text:spi_Write_CPU)
                  2000f9c4    00000080     ti.targets.arm.rtsarm.aem4 : LoggerBuf.oem4 (.text:xdc_runtime_LoggerBuf_setFilterLevel__E)
                  2000fa44    0000007c     simplelink.a : device.obj (.text:_sl_HandleAsync_InitComplete)
                  2000fac0    0000007a     rtsv7M4_T_le_eabi.lib : fs_mul_t2.obj (.text)
                  2000fb3a    0000007a                           : memset_t2.obj (.text)
                  2000fbb4    00000078     simplelink.a : socket.obj (.text:_sl_HandleAsync_Connect)
                  2000fc2c    00000078                  : fs.obj (.text:sl_FsOpen)
                  2000fca4    00000078                  : cc_pal.obj (.text:spi_Close)
                  2000fd1c    00000076     driverlib.a : uart.obj (.text:UARTConfigSetExpClk)
                  2000fd92    00000002     --HOLE-- [fill = 0]
                  2000fd94    00000074     simplelink.a : socket.obj (.text:sl_Recv)
                  2000fe08    00000074     sysbios.aem4 : BIOS.obj (.text:ti_sysbios_family_arm_m3_Hwi_postInit__I)
                  2000fe7c    00000004     --HOLE-- [fill = 0]
                  2000fe80    00000070                  : BIOS.obj (.text:ti_sysbios_knl_Mailbox_Instance_finalize__E)
                  2000fef0    00000070     ti.targets.arm.rtsarm.aem4 : Memory.oem4 (.text:xdc_runtime_Memory_alloc__E)
                  2000ff60    0000006c     simplelink.a : driver.obj (.text:_SlDrvCmdSend)
                  2000ffcc    0000006c     ti.targets.arm.rtsarm.aem4 : Error.oem4 (.text:xdc_runtime_Error_print__E)
                  20010038    0000006c                                : LoggerBuf.oem4 (.text:xdc_runtime_LoggerBuf_getFilterLevel__E)
                  200100a4    0000006a     rtsv7M4_T_le_eabi.lib : copy_decompress_rle.obj (.text)
                  2001010e    00000002     --HOLE-- [fill = 0]
                  20010110    00000068     simplelink.a : netapp.obj (.text:_sl_NetAppSendTokenValue)
                  20010178    00000068     rtsv7M4_T_le_eabi.lib : trgmsg.obj (.text)
                  200101e0    00000068     simplelink.a : netcfg.obj (.text:sl_NetCfgSet)
                  20010248    00000068                  : wlan.obj (.text:sl_WlanSet)
                  200102b0    00000066     rtsv7M4_T_le_eabi.lib : xdunscal.obj (.text)
                  20010316    00000066     ti.targets.arm.rtsarm.aem4 : Core-mem.oem4 (.text:xdc_runtime_Core_deleteObject__I)
                  2001037c    00000064     app_pem4.oem4 (.text:ti_sysbios_family_arm_m3_Hwi_create)
                  200103e0    00000064     sysbios.aem4 : BIOS.obj (.text:ti_sysbios_family_arm_m3_TimestampProvider_get64__E)
                  20010444    00000064     app_pem4.oem4 (.text:ti_sysbios_knl_Mailbox_create)
                  200104a8    00000064     driverlib.a : udma.obj (.text:uDMAChannelAttributeDisable)
                  2001050c    00000064                 : udma.obj (.text:uDMAChannelAttributeEnable)
                  20010570    00000060     rtsv7M4_T_le_eabi.lib : fs_cmp_t2.obj (.text:__aeabi_cfcmple)
                  200105d0    00000060     simplelink.a : socket.obj (.text:_sl_HandleAsync_Accept)
                  20010630    00000060                  : wlan.obj (.text:sl_WlanPolicySet)
                  20010690    00000060     sysbios.aem4 : BIOS.obj (.text:ti_sysbios_knl_Clock_logTick__E)
                  200106f0    00000060     ti.targets.arm.rtsarm.aem4 : System.oem4 (.text:xdc_runtime_System_formatNum__I)
                  20010750    0000005c     simplelink.a : socket.obj (.text:sl_Socket)
                  200107ac    00000004     --HOLE-- [fill = 0]
                  200107b0    0000005c     sysbios.aem4 : BIOS.obj (.text:ti_sysbios_knl_Swi_restoreHwi__E)
                  2001080c    00000004     --HOLE-- [fill = 0]
                  20010810    0000005c                  : BIOS.obj (.text:ti_sysbios_knl_Swi_schedule__I)
                  2001086c    0000005c     app_pem4.oem4 (.text:ti_sysbios_knl_Task_create)
                  200108c8    0000005c     app_pem4.oem4 (.text:xdc_runtime_LoggerBuf_Object__create__S)
                  20010924    0000005b     ti.targets.arm.rtsarm.aem4 : Text.oem4 (.text:xdc_runtime_Text_putLab__E)
                  2001097f    00000001     --HOLE-- [fill = 0]
                  20010980    00000058     driverlib.a : interrupt.obj (.text:IntPendClear)
                  200109d8    00000058                 : prcm.obj (.text:PRCMPeripheralReset)
                  20010a30    00000058     sysbios.aem4 : BIOS.obj (.text:ti_sysbios_family_arm_m3_Timer_setPeriod__E)
                  20010a88    00000056     rtsv7M4_T_le_eabi.lib : ltoa.obj (.text)
                  20010ade    00000002     --HOLE-- [fill = 0]
                  20010ae0    00000054     simplelink.a : socket.obj (.text:_sl_HandleAsync_Select)
                  20010b34    00000054                  : wlan.obj (.text:sl_WlanRxFilterSet)
                  20010b88    00000054     sysbios.aem4 : BIOS.obj (.text:ti_sysbios_family_arm_m3_Timer_start__E)
                  20010bdc    00000050     simplelink.a : device.obj (.text:_sl_HandleAsync_Stop)
                  20010c2c    00000050     ti.targets.arm.rtsarm.aem4 : Startup.oem4 (.text:xdc_runtime_Startup_exec__E)
                  20010c7c    00000050                                : Text.oem4 (.text:xdc_runtime_Text_visitRope2__I)
                  20010ccc    0000004c     driverlib.a : spi.obj (.text:SPIIntEnable)
                  20010d18    0000004c     simplelink.a : driver.obj (.text:_SlDrvProtectAsyncRespSetting)
                  20010d64    0000004c                  : driver.obj (.text:_SlDrvRxIrqHandler)
                  20010db0    0000004c                  : socket.obj (.text:_sl_BuildAddress)
                  20010dfc    0000004c     rtsv7M4_T_le_eabi.lib : atoi.obj (.text)
                  20010e48    0000004c                           : cpy_tbl.obj (.text)
                  20010e94    0000004c     sysbios.aem4 : m3_TaskSupport_asm.obj (.text:ti_sysbios_family_arm_m3_TaskSupport_buildTaskStack)
                  20010ee0    0000004c                  : BIOS.obj (.text:ti_sysbios_heaps_HeapMem_getStats__E)
                  20010f2c    00000004     --HOLE-- [fill = 0]
                  20010f30    0000004c                  : BIOS.obj (.text:ti_sysbios_knl_Swi_runLoop__I)
                  20010f7c    00000004     --HOLE-- [fill = 0]
                  20010f80    0000004c                  : BIOS.obj (.text:ti_sysbios_knl_Task_allBlockedFunction__I)
                  20010fcc    0000004c     driverlib.a : udma.obj (.text:uDMAChannelAssign)
                  20011018    00000048                 : spi.obj (.text:SPIIntClear)
                  20011060    00000048     simplelink.a : driver.obj (.text:_SlDrvBasicCmd)
                  200110a8    00000048     rtsv7M4_T_le_eabi.lib : fd_toi_t2.obj (.text)
                  200110f0    00000048     sysbios.aem4 : BIOS.obj (.text:ti_sysbios_family_arm_m3_Hwi_disableInterrupt__E)
                  20011138    00000048                  : BIOS.obj (.text:ti_sysbios_family_arm_m3_Hwi_enableInterrupt__E)
                  20011180    00000048                  : BIOS.obj (.text:ti_sysbios_family_arm_m3_Hwi_excReserved__I)
                  200111c8    00000048                  : m3_Hwi_asm_switch.obj (.text:ti_sysbios_family_arm_m3_Hwi_initStacks__E)
                  20011210    00000048                  : BIOS.obj (.text:ti_sysbios_family_arm_m3_Timer_initDevice__I)
                  20011258    00000048     ti.targets.arm.rtsarm.aem4 : Assert.oem4 (.text:xdc_runtime_Assert_raise__I)
                  200112a0    00000046     rtsv7M4_T_le_eabi.lib : ldexp.obj (.text)
                  200112e6    00000046     ti.targets.arm.rtsarm.aem4 : Core-params.oem4 (.text:xdc_runtime_Core_assignParams__I)
                  2001132c    00000044     driverlib.a : spi.obj (.text:SPIDmaMaskGet)
                  20011370    00000044     boot.aem4 : boot.oem4 (.text)
                  200113b4    00000044     simplelink.a : cc_pal.obj (.text:cc_SetupTransfer)
                  200113f8    00000044     rtsv7M4_T_le_eabi.lib : exit.obj (.text)
                  2001143c    00000004     --HOLE-- [fill = 0]
                  20011440    00000044     sysbios.aem4 : BIOS.obj (.text:ti_sysbios_family_arm_m3_Hwi_getStackInfo__E)
                  20011484    00000004     --HOLE-- [fill = 0]
                  20011488    00000044                  : BIOS.obj (.text:ti_sysbios_knl_Mailbox_postInit__I)
                  200114cc    00000044     ti.targets.arm.rtsarm.aem4 : Error.oem4 (.text:xdc_runtime_Error_setX__E)
                  20011510    00000044                                : LoggerBuf.oem4 (.text:xdc_runtime_LoggerBuf_filterOutEvent__I)
                  20011554    00000044                                : SysMin.oem4 (.text:xdc_runtime_SysMin_flush__E)
                  20011598    00000042     rtsv7M4_T_le_eabi.lib : u_divt2.obj (.text)
                  200115da    00000002     --HOLE-- [fill = 0]
                  200115dc    00000040     driverlib.a : pin.obj (.text:PinModeSet)
                  2001161c    00000040     rtsv7M4_T_le_eabi.lib : signal.obj (.text)
                  2001165c    00000004     --HOLE-- [fill = 0]
                  20011660    00000040     sysbios.aem4 : BIOS.obj (.text:ti_sysbios_family_arm_m3_Timer_Module_startup__E)
                  200116a0    0000003e     app_pem4.oem4 (.text:realloc)
                  200116de    0000003c     simplelink.a : netapp.obj (.text:CopyPingResultsToReport)
                  2001171a    00000002     --HOLE-- [fill = 0]
                  2001171c    0000003c     driverlib.a : prcm.obj (.text:PRCMPeripheralClkEnable)
                  20011758    0000003c     simplelink.a : socket.obj (.text:sl_Htons)
                  20011794    0000003c                  : socket.obj (.text:sl_Listen)
                  200117d0    0000003c     sysbios.aem4 : BIOS.obj (.text:ti_sysbios_family_arm_m3_Hwi_excSvCall__I)
                  2001180c    00000004     --HOLE-- [fill = 0]
                  20011810    0000003c                  : BIOS.obj (.text:ti_sysbios_family_arm_m3_TaskSupport_start__E)
                  2001184c    00000004     --HOLE-- [fill = 0]
                  20011850    0000003c                  : BIOS.obj (.text:ti_sysbios_heaps_HeapMem_init__I)
                  2001188c    00000004     --HOLE-- [fill = 0]
                  20011890    0000003c                  : BIOS.obj (.text:ti_sysbios_knl_Swi_startup__E)
                  200118cc    0000003c     driverlib.a : udma.obj (.text:uDMAChannelControlSet)
                  20011908    0000003c     ti.targets.arm.rtsarm.aem4 : Text.oem4 (.text:xdc_runtime_Text_xprintf__I)
                  20011944    0000003a                                : LoggerBuf.oem4 (.text:xdc_runtime_LoggerBuf_Instance_init__E)
                  2001197e    00000038     driverlib.a : adc.obj (.text:ADCChannelDisable)
                  200119b6    00000038                 : adc.obj (.text:ADCChannelEnable)
                  200119ee    00000002     --HOLE-- [fill = 0]
                  200119f0    00000038     simplelink.a : cc_pal.obj (.text:NwpPowerOff)
                  20011a28    00000038     rtsv7M4_T_le_eabi.lib : fs_toi_t2.obj (.text)
                  20011a60    00000038     sysbios.aem4 : BIOS.obj (.text:ti_sysbios_family_arm_m3_Hwi_excNoIsr__I)
                  20011a98    00000038                  : BIOS.obj (.text:ti_sysbios_knl_Task_processVitalTaskFlag__I)
                  20011ad0    00000038     ti.targets.arm.rtsarm.aem4 : SysMin.oem4 (.text:xdc_runtime_SysMin_putch__E)
                  20011b08    00000038                                : System.oem4 (.text:xdc_runtime_System_atexit__E)
                  20011b40    00000036     driverlib.a : gpio.obj (.text:GPIODirModeSet)
                  20011b76    00000036     simplelink.a : netapp.obj (.text:sl_NetAppMDNSUnRegisterService)
                  20011bac    00000034     driverlib.a : prcm.obj (.text:PRCMPeripheralStatusGet)
                  20011be0    00000034                 : spi.obj (.text:SPIFIFOLevelSet)
                  20011c14    00000034     rtsv7M4_T_le_eabi.lib : feraiseexcept.obj (.text)
                  20011c48    00000034                           : fs_tou_t2.obj (.text)
                  20011c7c    00000004     --HOLE-- [fill = 0]
                  20011c80    00000034     sysbios.aem4 : BIOS.obj (.text:ti_sysbios_family_arm_m3_Hwi_excNmi__I)
                  20011cb4    00000004     --HOLE-- [fill = 0]
                  20011cb8    00000034                  : BIOS.obj (.text:ti_sysbios_family_arm_m3_Timer_periodicStub__I)
                  20011cec    00000004     --HOLE-- [fill = 0]
                  20011cf0    00000034                  : BIOS.obj (.text:ti_sysbios_hal_Hwi_checkStack)
                  20011d24    00000034     app_pem4.oem4 (.text:ti_sysbios_knl_Semaphore_create)
                  20011d58    00000034     ti.targets.arm.rtsarm.aem4 : Core-label.oem4 (.text:xdc_runtime_Core_assignLabel__I)
                  20011d8c    00000033                                : Text.oem4 (.text:xdc_runtime_Text_printVisFxn__I)
                  20011dbf    00000001     --HOLE-- [fill = 0]
                  20011dc0    00000032     sysbios.aem4 : BIOS.obj (.text:ti_sysbios_hal_Hwi_initStack)
                  20011df2    00000006     ti.targets.arm.rtsarm.aem4 : xdc_noinit.oem4 (.text:__xdc__init)
                  20011df8    00000032     sysbios.aem4 : BIOS.obj (.text:ti_sysbios_knl_Semaphore_pendTimeout__I)
                  20011e2a    00000030     driverlib.a : pin.obj (.text:PinTypeGPIO)
                  20011e5a    00000002     --HOLE-- [fill = 0]
                  20011e5c    00000030                 : uart.obj (.text:UARTDisable)
                  20011e8c    00000030     simplelink.a : device.obj (.text:_SlDrvDeviceEventHandler)
                  20011ebc    00000030                  : fs.obj (.text:_sl_Strlen)
                  20011eec    00000030     rtsv7M4_T_le_eabi.lib : xferaise.obj (.text)
                  20011f1c    00000030     simplelink.a : wlan.obj (.text:sl_WlanProfileDel)
                  20011f4c    00000030                  : wlan.obj (.text:sl_WlanSetMode)
                  20011f7c    00000030     app_pem4.oem4 (.text:ti_sysbios_BIOS_atExitFunc__I)
                  20011fac    00000030     app_pem4.oem4 (.text:ti_sysbios_gates_GateHwi_Object__create__S)
                  20011fdc    00000030     app_pem4.oem4 (.text:ti_sysbios_gates_GateMutex_Object__create__S)
                  2001200c    00000030     app_pem4.oem4 (.text:ti_sysbios_heaps_HeapMem_Object__create__S)
                  2001203c    00000030     app_pem4.oem4 (.text:ti_sysbios_knl_Semaphore_construct)
                  2001206c    00000030     ti.targets.arm.rtsarm.aem4 : SysMin.oem4 (.text:xdc_runtime_SysMin_abort__E)
                  2001209c    00000030                                : System.oem4 (.text:xdc_runtime_System_processAtExit__E)
                  200120cc    0000002e     app_pem4.oem4 (.text:malloc)
                  200120fa    0000002e     rtsv7M4_T_le_eabi.lib : i_tofd_t2.obj (.text)
                  20012128    0000002e                           : raise.obj (.text)
                  20012156    00000002     --HOLE-- [fill = 0]
                  20012158    0000002c     simplelink.a : cc_pal.obj (.text:DmaSpiSwIntHandler)
                  20012184    0000002c                  : cc_pal.obj (.text:NwpPowerOn)
                  200121b0    0000002c     driverlib.a : prcm.obj (.text:PRCMSysResetCauseGet)
                  200121dc    0000002c     app_pem4.oem4 (.text:ti_sysbios_knl_Clock_doTick__I)
                  20012208    0000002c     app_pem4.oem4 (.text:ti_sysbios_knl_Queue_construct)
                  20012234    00000004     --HOLE-- [fill = 0]
                  20012238    0000002c     sysbios.aem4 : BIOS.obj (.text:ti_sysbios_knl_Task_restore__E)
                  20012264    0000002c     ti.targets.arm.rtsarm.aem4 : Text.oem4 (.text:xdc_runtime_Text_cordText__E)
                  20012290    0000002a     rtsv7M4_T_le_eabi.lib : xdclass.obj (.text)
                  200122ba    0000002a     ti.targets.arm.rtsarm.aem4 : System.oem4 (.text:xdc_runtime_System_putchar__I)
                  200122e4    00000028     driverlib.a : prcm.obj (.text:PRCMPeripheralClkDisable)
                  2001230c    00000004     --HOLE-- [fill = 0]
                  20012310    00000028     sysbios.aem4 : BIOS.obj (.text:ti_sysbios_family_arm_m3_Hwi_Instance_finalize__E)
                  20012338    00000028                  : BIOS.obj (.text:ti_sysbios_knl_Swi_Module_startup__E)
                  20012360    00000028     ti.targets.arm.rtsarm.aem4 : LoggerBuf.oem4 (.text:xdc_runtime_LoggerBuf_Module_startup__E)
                  20012388    00000026     simplelink.a : cc_pal.obj (.text:NwpRegisterInterruptHandler)
                  200123ae    00000026     ti.targets.arm.rtsarm.aem4 : System.oem4 (.text:xdc_runtime_System_avprintf__E)
                  200123d4    00000024     driverlib.a : uart.obj (.text:UARTEnable)
                  200123f8    00000024     simplelink.a : driver.obj (.text:_SlDrvProtectionObjLockWaitForever)
                  2001241c    00000024     rtsv7M4_T_le_eabi.lib : memmov.obj (.text)
                  20012440    00000024                           : u_tofs_t2.obj (.text)
                  20012464    00000024     app_pem4.oem4 (.text:ti_sysbios_BIOS_errorRaiseHook__I)
                  20012488    00000024     app_pem4.oem4 (.text:ti_sysbios_BIOS_registerRTSLock__I)
                  200124ac    00000024     app_pem4.oem4 (.text:ti_sysbios_BIOS_removeRTSLock__I)
                  200124d0    00000024     app_pem4.oem4 (.text:ti_sysbios_BIOS_startFunc__I)
                  200124f4    00000004     --HOLE-- [fill = 0]
                  200124f8    00000024     sysbios.aem4 : BIOS.obj (.text:ti_sysbios_family_arm_m3_Hwi_doTaskRestore__I)
                  2001251c    00000004     --HOLE-- [fill = 0]
                  20012520    00000024                  : BIOS.obj (.text:ti_sysbios_family_arm_m3_Timer_startup__E)
                  20012544    00000024     app_pem4.oem4 (.text:ti_sysbios_gates_GateMutex_Object__delete__S)
                  20012568    00000024     sysbios.aem4 : BIOS.obj (.text:ti_sysbios_knl_Clock_Module_startup__E)
                  2001258c    00000024     app_pem4.oem4 (.text:ti_sysbios_knl_Semaphore_Object__delete__S)
                  200125b0    00000024     ti.targets.arm.rtsarm.aem4 : System.oem4 (.text:xdc_runtime_System_vprintf__E)
                  200125d4    00000022     driverlib.a : adc.obj (.text:ADCTimerConfig)
                  200125f6    00000022                 : spi.obj (.text:SPIReset)
                  20012618    00000022                 : spi.obj (.text:SPIWordCountSet)
                  2001263a    00000022     rtsv7M4_T_le_eabi.lib : frexp.obj (.text)
                  2001265c    00000022     app_pem4.oem4 (.text:xdc_runtime_SysMin_output__I)
                  2001267e    00000020     driverlib.a : gpio.obj (.text:GPIOPinWrite)
                  2001269e    00000020                 : spi.obj (.text:SPIDataGet)
                  200126be    00000002     --HOLE-- [fill = 0]
                  200126c0    00000020     simplelink.a : driver.obj (.text:_SlDrvProtectionObjUnLock)
                  200126e0    00000020     app_pem4.oem4 (.text:ti_sysbios_BIOS_rtsLock__I)
                  20012700    00000020     app_pem4.oem4 (.text:ti_sysbios_family_arm_m3_Hwi_Object__delete__S)
                  20012720    00000020     sysbios.aem4 : m3_Hwi_asm.obj (.text:ti_sysbios_family_arm_m3_Hwi_excHandlerAsm__I)
                  20012740    00000020                  : BIOS.obj (.text:ti_sysbios_family_arm_m3_Hwi_excHandler__I)
                  20012760    00000020                  : BIOS.obj (.text:ti_sysbios_family_arm_m3_TimestampProvider_Module_startup__E)
                  20012780    00000020     app_pem4.oem4 (.text:ti_sysbios_gates_GateHwi_Object__delete__S)
                  200127a0    00000020     app_pem4.oem4 (.text:ti_sysbios_heaps_HeapMem_Object__delete__S)
                  200127c0    00000020     sysbios.aem4 : BIOS.obj (.text:ti_sysbios_knl_Idle_run__E)
                  200127e0    00000020     app_pem4.oem4 (.text:ti_sysbios_knl_Mailbox_Object__delete__S)
                  20012800    00000020     app_pem4.oem4 (.text:ti_sysbios_knl_Semaphore_Object__destruct__S)
                  20012820    00000020     app_pem4.oem4 (.text:ti_sysbios_knl_Task_Object__delete__S)
                  20012840    00000020     app_pem4.oem4 (.text:xdc_runtime_LoggerBuf_Object__delete__S)
                  20012860    00000020     ti.targets.arm.rtsarm.aem4 : LoggerBuf.oem4 (.text:xdc_runtime_LoggerBuf_reset__E)
                  20012880    00000020                                : Registry.oem4 (.text:xdc_runtime_Registry_findById__E)
                  200128a0    00000020                                : SysMin.oem4 (.text:xdc_runtime_SysMin_Module_startup__E)
                  200128c0    0000001e     driverlib.a : spi.obj (.text:SPIDataPut)
                  200128de    0000001e                 : uart.obj (.text:UARTCharPut)
                  200128fc    0000001e     simplelink.a : cc_pal.obj (.text:cc_UDMAChannelSelect)
                  2001291a    0000001e     sysbios.aem4 : m3_Hwi_asm_switch.obj (.text:ti_sysbios_family_xxx_Hwi_switchAndRunFunc)
                  20012938    0000001c     driverlib.a : adc.obj (.text:ADCFIFOLvlGet)
                  20012954    0000001c                 : uart.obj (.text:UARTCharGetNonBlocking)
                  20012970    0000001c     simplelink.a : driver.obj (.text:_SlDrvObjLockWaitForever)
                  2001298c    0000001c                  : driver.obj (.text:_SlDrvSyncObjWaitForever)
                  200129a8    0000001c     rtsv7M4_T_le_eabi.lib : memccpy.obj (.text)
                  200129c4    00000004     --HOLE-- [fill = 0]
                  200129c8    0000001c     sysbios.aem4 : BIOS.obj (.text:ti_sysbios_family_arm_m3_Hwi_setPriority__E)
                  200129e4    00000004     --HOLE-- [fill = 0]
                  200129e8    0000001c                  : BIOS.obj (.text:ti_sysbios_gates_GateMutex_Instance_init__E)
                  20012a04    0000001c     app_pem4.oem4 (.text:ti_sysbios_knl_Queue_Object__destruct__S)
                  20012a20    0000001c     sysbios.aem4 : BIOS.obj (.text:ti_sysbios_knl_Task_enter__I)
                  20012a3c    0000001c     driverlib.a : udma.obj (.text:uDMAChannelEnable)
                  20012a58    0000001c     ti.targets.arm.rtsarm.aem4 : Error.oem4 (.text:xdc_runtime_Error_raiseX__E)
                  20012a74    0000001c                                : Memory.oem4 (.text:xdc_runtime_Memory_valloc__E)
                  20012a90    0000001c                                : SysMin.oem4 (.text:xdc_runtime_SysMin_exit__E)
                  20012aac    0000001c                                : System.oem4 (.text:xdc_runtime_System_abort__E)
                  20012ac8    0000001a     driverlib.a : gpio.obj (.text:GPIOIntEnable)
                  20012ae2    0000001a                 : pin.obj (.text:PinTypeSPI)
                  20012afc    0000001a                 : pin.obj (.text:PinTypeUART)
                  20012b16    0000001a                 : spi.obj (.text:SPIDmaDisable)
                  20012b30    0000001a                 : spi.obj (.text:SPIDmaEnable)
                  20012b4a    0000001a                 : spi.obj (.text:SPIFIFODisable)
                  20012b64    0000001a                 : spi.obj (.text:SPIFIFOEnable)
                  20012b7e    0000001a     app_pem4.oem4 (.text:ti_sysbios_family_arm_m3_Hwi_Handle__label__S)
                  20012b98    0000001a     sysbios.aem4 : m3_Hwi_asm.obj (.text:ti_sysbios_family_arm_m3_Hwi_pendSV__I)
                  20012bb2    0000001a     app_pem4.oem4 (.text:ti_sysbios_gates_GateHwi_Handle__label__S)
                  20012bcc    0000001a     app_pem4.oem4 (.text:ti_sysbios_gates_GateMutex_Handle__label__S)
                  20012be6    0000001a     app_pem4.oem4 (.text:ti_sysbios_heaps_HeapMem_Handle__label__S)
                  20012c00    0000001a     app_pem4.oem4 (.text:ti_sysbios_knl_Swi_Handle__label__S)
                  20012c1a    0000001a     app_pem4.oem4 (.text:ti_sysbios_knl_Task_Handle__label__S)
                  20012c34    00000004     --HOLE-- [fill = 0]
                  20012c38    0000001a     sysbios.aem4 : BIOS.obj (.text:ti_sysbios_knl_Task_sleepTimeout__I)
                  20012c52    0000001a     app_pem4.oem4 (.text:xdc_runtime_LoggerBuf_Handle__label__S)
                  20012c6c    0000001a     app_pem4.oem4 (.text:xdc_runtime_System_aprintf__E)
                  20012c86    0000001a     app_pem4.oem4 (.text:xdc_runtime_System_printf__E)
                  20012ca0    00000018     driverlib.a : adc.obj (.text:ADCFIFORead)
                  20012cb8    00000018                 : gpio.obj (.text:GPIOPinRead)
                  20012cd0    00000018                 : spi.obj (.text:SPICSDisable)
                  20012ce8    00000018                 : spi.obj (.text:SPICSEnable)
                  20012d00    00000018                 : spi.obj (.text:SPIDisable)
                  20012d18    00000018                 : spi.obj (.text:SPIEnable)
                  20012d30    00000018                 : uart.obj (.text:UARTCharsAvail)
                  20012d48    00000018     simplelink.a : driver.obj (.text:_SlDrvObjUnLock)
                  20012d60    00000018                  : driver.obj (.text:_SlDrvSyncObjSignal)
                  20012d78    00000018                  : device.obj (.text:_sl_GetStartResponseConvert)
                  20012d90    00000018     app_pem4.oem4 (.text:free)
                  20012da8    00000018     rtsv7M4_T_le_eabi.lib : args_main.obj (.text)
                  20012dc0    00000018     app_pem4.oem4 (.text:ti_sysbios_BIOS_rtsUnlock__I)
                  20012dd8    00000018     app_pem4.oem4 (.text:ti_sysbios_family_arm_m3_Hwi_Module__startupDone__F)
                  20012df0    00000018     app_pem4.oem4 (.text:ti_sysbios_family_arm_m3_Timer_Module__startupDone__F)
                  20012e08    00000018     sysbios.aem4 : BIOS.obj (.text:ti_sysbios_gates_GateMutex_leave__E)
                  20012e20    00000018     ti.targets.arm.rtsarm.aem4 : Error.oem4 (.text:xdc_runtime_Error_check__E)
                  20012e38    00000018                                : System.oem4 (.text:xdc_runtime_System_exit__E)
                  20012e50    00000018                                : Text.oem4 (.text:xdc_runtime_Text_ropeText__E)
                  20012e68    00000016     driverlib.a : adc.obj (.text:ADCTimerEnable)
                  20012e7e    00000016                 : prcm.obj (.text:PRCMHIBRegRead)
                  20012e94    00000016                 : prcm.obj (.text:PRCMHIBRegWrite)
                  20012eaa    00000016     simplelink.a : driver.obj (.text:_SlDrvMemZero)
                  20012ec0    00000016     rtsv7M4_T_le_eabi.lib : strchr.obj (.text)
                  20012ed6    00000016     app_pem4.oem4 (.text:ti_sysbios_BIOS_exitFunc__I)
                  20012eec    00000014     driverlib.a : adc.obj (.text:ADCEnable)
                  20012f00    00000014                 : cpu.obj (.text:CPUcpsie)
                  20012f14    00000014                 : gpio.obj (.text:GPIOIntClear)
                  20012f28    00000014                 : pin.obj (.text:PinTypeADC)
                  20012f3c    00000014     rtsv7M4_T_le_eabi.lib : _lock.obj (.text)
                  20012f50    00000014                           : strcpy.obj (.text)
                  20012f64    00000014                           : strlen.obj (.text)
                  20012f78    00000014     app_pem4.oem4 (.text:ti_sysbios_family_arm_m3_Hwi_Object__get__S)
                  20012f8c    00000004     --HOLE-- [fill = 0]
                  20012f90    00000014     sysbios.aem4 : BIOS.obj (.text:ti_sysbios_family_arm_m3_Hwi_switchFromBootStack__E)
                  20012fa4    00000014     app_pem4.oem4 (.text:ti_sysbios_heaps_HeapMem_Object__get__S)
                  20012fb8    00000014     app_pem4.oem4 (.text:ti_sysbios_knl_Swi_Object__get__S)
                  20012fcc    00000014     app_pem4.oem4 (.text:xdc_runtime_LoggerBuf_Object__get__S)
                  20012fe0    00000012     sysbios.aem4 : BIOS.obj (.text:ti_sysbios_hal_Hwi_Module_startup__E)
                  20012ff2    00000006     rtsv7M4_T_le_eabi.lib : copy_decompress_rle.obj (.text:decompress:rle24)
                  20012ff8    00000012     sysbios.aem4 : BIOS.obj (.text:ti_sysbios_hal_Timer_Module_startup__E)
                  2001300a    00000012     ti.targets.arm.rtsarm.aem4 : LoggerBuf.oem4 (.text:xdc_runtime_LoggerBuf_Instance_finalize__E)
                  2001301c    00000012                                : LoggerBuf.oem4 (.text:xdc_runtime_LoggerBuf_write1__E)
                  2001302e    00000012                                : LoggerBuf.oem4 (.text:xdc_runtime_LoggerBuf_write2__E)
                  20013040    00000012     app_pem4.oem4 (.text:xdc_runtime_Startup_exec__I)
                  20013052    00000006     ti.targets.arm.rtsarm.aem4 : System.oem4 (.text:xdc_runtime_System_Module_startup__E)
                  20013058    00000010     sysbios.aem4 : BIOS.obj (.text:ti_sysbios_BIOS_setThreadType__E)
                  20013068    00000010                  : BIOS.obj (.text:ti_sysbios_BIOS_start__E)
                  20013078    00000010                  : BIOS.obj (.text:ti_sysbios_family_arm_m3_Hwi_getHandle__E)
                  20013088    00000010                  : m3_TaskSupport_asm.obj (.text:ti_sysbios_family_arm_m3_TaskSupport_glue)
                  20013098    00000010                  : m3_TaskSupport_asm.obj (.text:ti_sysbios_family_arm_m3_TaskSupport_swap__E)
                  200130a8    00000010                  : BIOS.obj (.text:ti_sysbios_gates_GateMutex_Instance_finalize__E)
                  200130b8    00000010     app_pem4.oem4 (.text:ti_sysbios_knl_Mailbox_Object__get__S)
                  200130c8    00000010     sysbios.aem4 : BIOS.obj (.text:ti_sysbios_knl_Semaphore_Instance_finalize__E)
                  200130d8    00000010                  : BIOS.obj (.text:ti_sysbios_knl_Swi_disable__E)
                  200130e8    00000010     app_pem4.oem4 (.text:ti_sysbios_knl_Task_Object__get__S)
                  200130f8    00000010     sysbios.aem4 : BIOS.obj (.text:ti_sysbios_knl_Task_disable__E)
                  20013108    00000010     ti.targets.arm.rtsarm.aem4 : Gate.oem4 (.text:xdc_runtime_Gate_leaveSystem__E)
                  20013118    00000010                                : LoggerBuf.oem4 (.text:xdc_runtime_LoggerBuf_write0__E)
                  20013128    00000010                                : Memory.oem4 (.text:xdc_runtime_Memory_free__E)
                  20013138    00000010                                : SysMin.oem4 (.text:xdc_runtime_SysMin_ready__E)
                  20013148    00000010                                : System.oem4 (.text:xdc_runtime_System_vsnprintf__E)
                  20013158    00000010     app_pem4.oem4 (.text:xdc_runtime_Text_visitRope__I)
                  20013168    0000000e     simplelink.a : driver.obj (.text:_SlDrvResetCmdExt)
                  20013176    0000000e     rtsv7M4_T_le_eabi.lib : copy_decompress_none.obj (.text:decompress:none)
                  20013184    00000004     --HOLE-- [fill = 0]
                  20013188    0000000e     sysbios.aem4 : BIOS.obj (.text:ti_sysbios_knl_Idle_loop__E)
                  20013196    00000002     --HOLE-- [fill = 0]
                  20013198    0000000e                  : BIOS.obj (.text:ti_sysbios_knl_Queue_empty__E)
                  200131a6    00000002     --HOLE-- [fill = 0]
                  200131a8    0000000c     simplelink.a : cc_pal.obj (.text:NwpMaskInterrupt)
                  200131b4    0000000c                  : cc_pal.obj (.text:NwpUnMaskInterrupt)
                  200131c0    0000000c     rtsv7M4_T_le_eabi.lib : copy_zero_init.obj (.text:decompress:ZI)
                  200131cc    0000000c     simplelink.a : wlan.obj (.text:sl_WlanDisconnect)
                  200131d8    0000000c     app_pem4.oem4 (.text:ti_sysbios_family_arm_m3_Hwi_Params__init__S)
                  200131e4    00000004     --HOLE-- [fill = 0]
                  200131e8    0000000c     sysbios.aem4 : BIOS.obj (.text:ti_sysbios_family_arm_m3_Hwi_disableFxn__E)
                  200131f4    00000004     --HOLE-- [fill = 0]
                  200131f8    0000000c                  : BIOS.obj (.text:ti_sysbios_family_arm_m3_TaskSupport_checkStack__E)
                  20013204    00000004     --HOLE-- [fill = 0]
                  20013208    0000000c                  : BIOS.obj (.text:ti_sysbios_family_arm_m3_TaskSupport_getStackAlignment__E)
                  20013214    00000004     --HOLE-- [fill = 0]
                  20013218    0000000c                  : BIOS.obj (.text:ti_sysbios_gates_GateHwi_enter__E)
                  20013224    0000000c     app_pem4.oem4 (.text:ti_sysbios_knl_Queue_Object__get__S)
                  20013230    0000000c     app_pem4.oem4 (.text:ti_sysbios_knl_Semaphore_Params__init__S)
                  2001323c    0000000c     app_pem4.oem4 (.text:ti_sysbios_knl_Task_Params__init__S)
                  20013248    0000000c     ti.targets.arm.rtsarm.aem4 : Error.oem4 (.text:xdc_runtime_Error_init__E)
                  20013254    0000000c                                : Gate.oem4 (.text:xdc_runtime_Gate_enterSystem__E)
                  20013260    0000000c                                : Memory.oem4 (.text:xdc_runtime_Memory_calloc__E)
                  2001326c    0000000c                                : Memory.oem4 (.text:xdc_runtime_Memory_getMaxDefaultTypeAlign__E)
                  20013278    0000000a     driverlib.a : interrupt.obj (.text:IntMasterEnable)
                  20013282    0000000a     app_pem4.oem4 (.text:xdc_runtime_IHeap_alloc)
                  2001328c    0000000a     app_pem4.oem4 (.text:xdc_runtime_IHeap_free)
                  20013296    0000000a     ti.targets.arm.rtsarm.aem4 : LoggerBuf.oem4 (.text:xdc_runtime_LoggerBuf_disable__E)
                  200132a0    0000000a                                : LoggerBuf.oem4 (.text:xdc_runtime_LoggerBuf_enable__E)
                  200132aa    00000006     --HOLE-- [fill = 0]
                  200132b0    00000008     sysbios.aem4 : BIOS.obj (.text:ti_sysbios_family_arm_m3_Hwi_doSwiRestore__I)
                  200132b8    00000008                  : BIOS.obj (.text:ti_sysbios_family_arm_m3_Hwi_startup__E)
                  200132c0    00000006                  : BIOS.obj (.text:ti_sysbios_family_arm_m3_Hwi_restoreFxn__E)
                  200132c6    00000002     --HOLE-- [fill = 0]
                  200132c8    00000006                  : BIOS.obj (.text:ti_sysbios_gates_GateHwi_leave__E)
                  200132ce    00000002     --HOLE-- [fill = 0]
                  200132d0    00000006                  : BIOS.obj (.text:ti_sysbios_heaps_HeapMem_isBlocking__E)
                  200132d6    00000002     --HOLE-- [fill = 0]
                  200132d8    00000006                  : BIOS.obj (.text:ti_sysbios_knl_Queue_Instance_init__E)
                  200132de    00000002     --HOLE-- [fill = 0]
                  200132e0    00000004                  : BIOS.obj (.text:ti_sysbios_family_arm_m3_Timer_getMaxTicks__E)
                  200132e4    00000004     --HOLE-- [fill = 0]
                  200132e8    00000004                  : BIOS.obj (.text:ti_sysbios_gates_GateHwi_query__E)
                  200132ec    00000004     --HOLE-- [fill = 0]
                  200132f0    00000004                  : BIOS.obj (.text:ti_sysbios_gates_GateMutex_query__E)
                  200132f4    00000004     --HOLE-- [fill = 0]
                  200132f8    00000004                  : BIOS.obj (.text:ti_sysbios_knl_Task_startup__E)
                  200132fc    00000004     --HOLE-- [fill = 0]
                  20013300    00000002                  : BIOS.obj (.text:ti_sysbios_gates_GateHwi_Instance_init__E)

.const     0    20013304    0000296c     
                  20013304    0000180f     app_pem4.oem4 (.const:xdc_runtime_Text_charTab__A)
                  20014b13    00000300     TFT.obj (.const:simpleFont)
                  20014e13    0000012c     TFT.obj (.const:$P$T2$3)
                  20014f3f    00000101     rtsv7M4_T_le_eabi.lib : ctype.obj (.const:.string:_ctypes_)
                  20015040    00000100     driverlib.a : pin.obj (.const:g_ulPinToPadMap)
                  20015140    000000b8     app_pem4.oem4 (.const:xdc_runtime_Text_nodeTab__A)
                  200151f8    000000a8     driverlib.a : prcm.obj (.const:PRCM_PeriphRegsList)
                  200152a0    00000080                 : interrupt.obj (.const)
                  20015320    00000048     app_pem4.oem4 (.const:.string)
                  20015368    0000003c     simplelink.a : driver.obj (.const:OpcodeTranslateTable)
                  200153a4    0000003c                  : wlan.obj (.const)
                  200153e0    0000003c     app_pem4.oem4 (.const:ti_sysbios_knl_Task_Object__PARAMS__C)
                  2001541c    0000003c     app_pem4.oem4 (.const:xdc_runtime_LoggerBuf_Module__FXNS__C)
                  20015458    00000038     simplelink.a : driver.obj (.const:_SlActionLookupTable)
                  20015490    00000038                  : fs.obj (.const)
                  200154c8    00000034     main.obj (.const:.string)
                  200154fc    00000034     simplelink.a : driver.obj (.const)
                  20015530    00000034                  : socket.obj (.const)
                  20015564    00000034     app_pem4.oem4 (.const:ti_sysbios_knl_Mailbox_Object__PARAMS__C)
                  20015598    00000030     app_pem4.oem4 (.const:ti_sysbios_family_arm_m3_Hwi_Object__PARAMS__C)
                  200155c8    00000030     app_pem4.oem4 (.const:xdc_runtime_Startup_sfxnTab__A)
                  200155f8    0000002c     main.obj (.const:$P$T4$5)
                  20015624    0000002c     main.obj (.const:.string:$P$T2$3)
                  20015650    00000028     simplelink.a : netapp.obj (.const)
                  20015678    00000028     app_pem4.oem4 (.const:ti_sysbios_heaps_HeapMem_Module__FXNS__C)
                  200156a0    00000024     main.obj (.const)
                  200156c4    00000024     app_pem4.oem4 (.const:ti_sysbios_gates_GateHwi_Module__FXNS__C)
                  200156e8    00000024     app_pem4.oem4 (.const:ti_sysbios_gates_GateMutex_Module__FXNS__C)
                  2001570c    00000024     app_pem4.oem4 (.const:ti_sysbios_heaps_HeapMem_Object__PARAMS__C)
                  20015730    00000024     app_pem4.oem4 (.const:ti_sysbios_knl_Semaphore_Object__PARAMS__C)
                  20015754    00000024     app_pem4.oem4 (.const:xdc_runtime_LoggerBuf_Object__PARAMS__C)
                  20015778    00000022     main.obj (.const:.string:$P$T3$4)
                  2001579a    00000021     main.obj (.const:.string:pcSsidName)
                  200157bb    00000001     app_pem4.oem4 (.const:xdc_runtime_Error_policy__C)
                  200157bc    00000020     app_pem4.oem4 (.const:ti_sysbios_family_arm_m3_Hwi_Object__DESC__C)
                  200157dc    00000020     app_pem4.oem4 (.const:ti_sysbios_gates_GateHwi_Object__DESC__C)
                  200157fc    00000020     app_pem4.oem4 (.const:ti_sysbios_gates_GateMutex_Object__DESC__C)
                  2001581c    00000020     app_pem4.oem4 (.const:ti_sysbios_heaps_HeapMem_Object__DESC__C)
                  2001583c    00000020     app_pem4.oem4 (.const:ti_sysbios_knl_Mailbox_Object__DESC__C)
                  2001585c    00000020     app_pem4.oem4 (.const:ti_sysbios_knl_Queue_Object__DESC__C)
                  2001587c    00000020     app_pem4.oem4 (.const:ti_sysbios_knl_Semaphore_Object__DESC__C)
                  2001589c    00000020     app_pem4.oem4 (.const:ti_sysbios_knl_Task_Object__DESC__C)
                  200158bc    00000020     app_pem4.oem4 (.const:xdc_runtime_LoggerBuf_Object__DESC__C)
                  200158dc    00000018     driverlib.a : spi.obj (.const)
                  200158f4    00000018     app_pem4.oem4 (.const:ti_sysbios_gates_GateHwi_Object__PARAMS__C)
                  2001590c    00000018     app_pem4.oem4 (.const:ti_sysbios_gates_GateMutex_Object__PARAMS__C)
                  20015924    00000018     app_pem4.oem4 (.const:ti_sysbios_knl_Queue_Object__PARAMS__C)
                  2001593c    00000018     app_pem4.oem4 (.const:xdc_runtime_Startup_sfxnRts__A)
                  20015954    00000014     simplelink.a : device.obj (.const)
                  20015968    00000011     ti.targets.arm.rtsarm.aem4 : System.oem4 (.const:.string)
                  20015979    00000003     TFT.obj (.const:.string)
                  2001597c    0000000c     TFT.obj (.const)
                  20015988    0000000c     app_pem4.oem4 (.const:xdc_runtime_Startup_firstFxns__A)
                  20015994    00000008     simplelink.a : device.obj (.const:.string)
                  2001599c    00000008                  : netcfg.obj (.const)
                  200159a4    00000008     app_pem4.oem4 (.const:ti_sysbios_family_arm_m3_Hwi_excHookFuncs__A)
                  200159ac    00000008     app_pem4.oem4 (.const:ti_sysbios_knl_Idle_funcList__C)
                  200159b4    00000008     app_pem4.oem4 (.const:xdc_runtime_Startup_firstFxns__C)
                  200159bc    00000008     app_pem4.oem4 (.const:xdc_runtime_Startup_lastFxns__C)
                  200159c4    00000004     app_pem4.oem4 (.const:ti_sysbios_family_arm_m3_Hwi_E_NMI__C)
                  200159c8    00000004     app_pem4.oem4 (.const:ti_sysbios_family_arm_m3_Hwi_E_alreadyDefined__C)
                  200159cc    00000004     app_pem4.oem4 (.const:ti_sysbios_family_arm_m3_Hwi_E_busFault__C)
                  200159d0    00000004     app_pem4.oem4 (.const:ti_sysbios_family_arm_m3_Hwi_E_debugMon__C)
                  200159d4    00000004     app_pem4.oem4 (.const:ti_sysbios_family_arm_m3_Hwi_E_hardFault__C)
                  200159d8    00000004     app_pem4.oem4 (.const:ti_sysbios_family_arm_m3_Hwi_E_memFault__C)
                  200159dc    00000004     app_pem4.oem4 (.const:ti_sysbios_family_arm_m3_Hwi_E_noIsr__C)
                  200159e0    00000004     app_pem4.oem4 (.const:ti_sysbios_family_arm_m3_Hwi_E_reserved__C)
                  200159e4    00000004     app_pem4.oem4 (.const:ti_sysbios_family_arm_m3_Hwi_E_svCall__C)
                  200159e8    00000004     app_pem4.oem4 (.const:ti_sysbios_family_arm_m3_Hwi_E_usageFault__C)
                  200159ec    00000004     app_pem4.oem4 (.const:ti_sysbios_family_arm_m3_Hwi_LD_end__C)
                  200159f0    00000004     app_pem4.oem4 (.const:ti_sysbios_family_arm_m3_Hwi_LM_begin__C)
                  200159f4    00000004     app_pem4.oem4 (.const:ti_sysbios_family_arm_m3_Hwi_Module__diagsEnabled__C)
                  200159f8    00000004     app_pem4.oem4 (.const:ti_sysbios_family_arm_m3_Hwi_Module__diagsIncluded__C)
                  200159fc    00000004     app_pem4.oem4 (.const:ti_sysbios_family_arm_m3_Hwi_Module__diagsMask__C)
                  20015a00    00000004     app_pem4.oem4 (.const:ti_sysbios_family_arm_m3_Hwi_Module__loggerFxn1__C)
                  20015a04    00000004     app_pem4.oem4 (.const:ti_sysbios_family_arm_m3_Hwi_Module__loggerFxn8__C)
                  20015a08    00000004     app_pem4.oem4 (.const:ti_sysbios_family_arm_m3_Hwi_Module__loggerObj__C)
                  20015a0c    00000004     app_pem4.oem4 (.const:ti_sysbios_family_arm_m3_Hwi_NUM_INTERRUPTS__C)
                  20015a10    00000004     app_pem4.oem4 (.const:ti_sysbios_family_arm_m3_Hwi_Object__count__C)
                  20015a14    00000004     app_pem4.oem4 (.const:ti_sysbios_family_arm_m3_Hwi_ccr__C)
                  20015a18    00000004     app_pem4.oem4 (.const:ti_sysbios_family_arm_m3_Hwi_excHandlerFunc__C)
                  20015a1c    00000004     app_pem4.oem4 (.const:ti_sysbios_family_arm_m3_Hwi_excHookFuncs__C)
                  20015a20    00000004     app_pem4.oem4 (.const:ti_sysbios_family_arm_m3_Hwi_nullIsrFunc__C)
                  20015a24    00000004     app_pem4.oem4 (.const:ti_sysbios_family_arm_m3_Hwi_priGroup__C)
                  20015a28    00000004     app_pem4.oem4 (.const:ti_sysbios_family_arm_m3_TaskSupport_stackAlignment__C)
                  20015a2c    00000004     app_pem4.oem4 (.const:ti_sysbios_family_arm_m3_Timer_E_cannotSupport__C)
                  20015a30    00000004     app_pem4.oem4 (.const:ti_sysbios_family_arm_m3_Timer_startupNeeded__C)
                  20015a34    00000004     app_pem4.oem4 (.const:ti_sysbios_gates_GateMutex_A_badContext__C)
                  20015a38    00000004     app_pem4.oem4 (.const:ti_sysbios_gates_GateMutex_Instance_State_sem__O)
                  20015a3c    00000004     app_pem4.oem4 (.const:ti_sysbios_gates_GateMutex_Module__diagsEnabled__C)
                  20015a40    00000004     app_pem4.oem4 (.const:ti_sysbios_gates_GateMutex_Module__diagsIncluded__C)
                  20015a44    00000004     app_pem4.oem4 (.const:ti_sysbios_gates_GateMutex_Module__diagsMask__C)
                  20015a48    00000004     app_pem4.oem4 (.const:ti_sysbios_hal_Hwi_E_stackOverflow__C)
                  20015a4c    00000004     app_pem4.oem4 (.const:ti_sysbios_heaps_HeapMem_A_align__C)
                  20015a50    00000004     app_pem4.oem4 (.const:ti_sysbios_heaps_HeapMem_A_heapSize__C)
                  20015a54    00000004     app_pem4.oem4 (.const:ti_sysbios_heaps_HeapMem_A_invalidFree__C)
                  20015a58    00000004     app_pem4.oem4 (.const:ti_sysbios_heaps_HeapMem_A_zeroBlock__C)
                  20015a5c    00000004     app_pem4.oem4 (.const:ti_sysbios_heaps_HeapMem_E_memory__C)
                  20015a60    00000004     app_pem4.oem4 (.const:ti_sysbios_heaps_HeapMem_Module__diagsEnabled__C)
                  20015a64    00000004     app_pem4.oem4 (.const:ti_sysbios_heaps_HeapMem_Module__diagsIncluded__C)
                  20015a68    00000004     app_pem4.oem4 (.const:ti_sysbios_heaps_HeapMem_Module__diagsMask__C)
                  20015a6c    00000004     app_pem4.oem4 (.const:ti_sysbios_heaps_HeapMem_Module__gateObj__C)
                  20015a70    00000004     app_pem4.oem4 (.const:ti_sysbios_heaps_HeapMem_Object__count__C)
                  20015a74    00000004     app_pem4.oem4 (.const:ti_sysbios_heaps_HeapMem_reqAlign__C)
                  20015a78    00000004     app_pem4.oem4 (.const:ti_sysbios_knl_Clock_LM_begin__C)
                  20015a7c    00000004     app_pem4.oem4 (.const:ti_sysbios_knl_Clock_LM_tick__C)
                  20015a80    00000004     app_pem4.oem4 (.const:ti_sysbios_knl_Clock_LW_delayed__C)
                  20015a84    00000004     app_pem4.oem4 (.const:ti_sysbios_knl_Clock_Module_State_clockQ__O)
                  20015a88    00000004     app_pem4.oem4 (.const:ti_sysbios_knl_Clock_Module__diagsEnabled__C)
                  20015a8c    00000004     app_pem4.oem4 (.const:ti_sysbios_knl_Clock_Module__diagsIncluded__C)
                  20015a90    00000004     app_pem4.oem4 (.const:ti_sysbios_knl_Clock_Module__diagsMask__C)
                  20015a94    00000004     app_pem4.oem4 (.const:ti_sysbios_knl_Clock_Module__loggerFxn1__C)
                  20015a98    00000004     app_pem4.oem4 (.const:ti_sysbios_knl_Clock_Module__loggerFxn2__C)
                  20015a9c    00000004     app_pem4.oem4 (.const:ti_sysbios_knl_Clock_Module__loggerObj__C)
                  20015aa0    00000004     app_pem4.oem4 (.const:ti_sysbios_knl_Clock_tickPeriod__C)
                  20015aa4    00000004     app_pem4.oem4 (.const:ti_sysbios_knl_Idle_funcList__A)
                  20015aa8    00000004     app_pem4.oem4 (.const:ti_sysbios_knl_Mailbox_A_invalidBufSize__C)
                  20015aac    00000004     app_pem4.oem4 (.const:ti_sysbios_knl_Mailbox_Instance_State_dataQue__O)
                  20015ab0    00000004     app_pem4.oem4 (.const:ti_sysbios_knl_Mailbox_Instance_State_dataSem__O)
                  20015ab4    00000004     app_pem4.oem4 (.const:ti_sysbios_knl_Mailbox_Instance_State_freeQue__O)
                  20015ab8    00000004     app_pem4.oem4 (.const:ti_sysbios_knl_Mailbox_Instance_State_freeSem__O)
                  20015abc    00000004     app_pem4.oem4 (.const:ti_sysbios_knl_Mailbox_Module__diagsEnabled__C)
                  20015ac0    00000004     app_pem4.oem4 (.const:ti_sysbios_knl_Mailbox_Module__diagsIncluded__C)
                  20015ac4    00000004     app_pem4.oem4 (.const:ti_sysbios_knl_Mailbox_Module__diagsMask__C)
                  20015ac8    00000004     app_pem4.oem4 (.const:ti_sysbios_knl_Mailbox_Object__count__C)
                  20015acc    00000004     app_pem4.oem4 (.const:ti_sysbios_knl_Mailbox_maxTypeAlign__C)
                  20015ad0    00000004     app_pem4.oem4 (.const:ti_sysbios_knl_Semaphore_A_badContext__C)
                  20015ad4    00000004     app_pem4.oem4 (.const:ti_sysbios_knl_Semaphore_A_noEvents__C)
                  20015ad8    00000004     app_pem4.oem4 (.const:ti_sysbios_knl_Semaphore_A_overflow__C)
                  20015adc    00000004     app_pem4.oem4 (.const:ti_sysbios_knl_Semaphore_A_pendTaskDisabled__C)
                  20015ae0    00000004     app_pem4.oem4 (.const:ti_sysbios_knl_Semaphore_Instance_State_pendQ__O)
                  20015ae4    00000004     app_pem4.oem4 (.const:ti_sysbios_knl_Semaphore_LM_pend__C)
                  20015ae8    00000004     app_pem4.oem4 (.const:ti_sysbios_knl_Semaphore_LM_post__C)
                  20015aec    00000004     app_pem4.oem4 (.const:ti_sysbios_knl_Semaphore_Module__diagsEnabled__C)
                  20015af0    00000004     app_pem4.oem4 (.const:ti_sysbios_knl_Semaphore_Module__diagsIncluded__C)
                  20015af4    00000004     app_pem4.oem4 (.const:ti_sysbios_knl_Semaphore_Module__diagsMask__C)
                  20015af8    00000004     app_pem4.oem4 (.const:ti_sysbios_knl_Semaphore_Module__loggerFxn2__C)
                  20015afc    00000004     app_pem4.oem4 (.const:ti_sysbios_knl_Semaphore_Module__loggerFxn4__C)
                  20015b00    00000004     app_pem4.oem4 (.const:ti_sysbios_knl_Semaphore_Module__loggerObj__C)
                  20015b04    00000004     app_pem4.oem4 (.const:ti_sysbios_knl_Swi_LD_end__C)
                  20015b08    00000004     app_pem4.oem4 (.const:ti_sysbios_knl_Swi_LM_begin__C)
                  20015b0c    00000004     app_pem4.oem4 (.const:ti_sysbios_knl_Swi_LM_post__C)
                  20015b10    00000004     app_pem4.oem4 (.const:ti_sysbios_knl_Swi_Module__diagsEnabled__C)
                  20015b14    00000004     app_pem4.oem4 (.const:ti_sysbios_knl_Swi_Module__diagsIncluded__C)
                  20015b18    00000004     app_pem4.oem4 (.const:ti_sysbios_knl_Swi_Module__diagsMask__C)
                  20015b1c    00000004     app_pem4.oem4 (.const:ti_sysbios_knl_Swi_Module__loggerFxn1__C)
                  20015b20    00000004     app_pem4.oem4 (.const:ti_sysbios_knl_Swi_Module__loggerFxn4__C)
                  20015b24    00000004     app_pem4.oem4 (.const:ti_sysbios_knl_Swi_Module__loggerObj__C)
                  20015b28    00000004     app_pem4.oem4 (.const:ti_sysbios_knl_Swi_Object__count__C)
                  20015b2c    00000004     app_pem4.oem4 (.const:ti_sysbios_knl_Task_A_badPriority__C)
                  20015b30    00000004     app_pem4.oem4 (.const:ti_sysbios_knl_Task_A_badTaskState__C)
                  20015b34    00000004     app_pem4.oem4 (.const:ti_sysbios_knl_Task_A_badThreadType__C)
                  20015b38    00000004     app_pem4.oem4 (.const:ti_sysbios_knl_Task_A_badTimeout__C)
                  20015b3c    00000004     app_pem4.oem4 (.const:ti_sysbios_knl_Task_A_noPendElem__C)
                  20015b40    00000004     app_pem4.oem4 (.const:ti_sysbios_knl_Task_A_sleepTaskDisabled__C)
                  20015b44    00000004     app_pem4.oem4 (.const:ti_sysbios_knl_Task_E_spOutOfBounds__C)
                  20015b48    00000004     app_pem4.oem4 (.const:ti_sysbios_knl_Task_E_stackOverflow__C)
                  20015b4c    00000004     app_pem4.oem4 (.const:ti_sysbios_knl_Task_LD_block__C)
                  20015b50    00000004     app_pem4.oem4 (.const:ti_sysbios_knl_Task_LD_exit__C)
                  20015b54    00000004     app_pem4.oem4 (.const:ti_sysbios_knl_Task_LD_ready__C)
                  20015b58    00000004     app_pem4.oem4 (.const:ti_sysbios_knl_Task_LM_sleep__C)
                  20015b5c    00000004     app_pem4.oem4 (.const:ti_sysbios_knl_Task_LM_switch__C)
                  20015b60    00000004     app_pem4.oem4 (.const:ti_sysbios_knl_Task_LM_yield__C)
                  20015b64    00000004     app_pem4.oem4 (.const:ti_sysbios_knl_Task_Module_State_inactiveQ__O)
                  20015b68    00000004     app_pem4.oem4 (.const:ti_sysbios_knl_Task_Module__diagsEnabled__C)
                  20015b6c    00000004     app_pem4.oem4 (.const:ti_sysbios_knl_Task_Module__diagsIncluded__C)
                  20015b70    00000004     app_pem4.oem4 (.const:ti_sysbios_knl_Task_Module__diagsMask__C)
                  20015b74    00000004     app_pem4.oem4 (.const:ti_sysbios_knl_Task_Module__loggerFxn2__C)
                  20015b78    00000004     app_pem4.oem4 (.const:ti_sysbios_knl_Task_Module__loggerFxn4__C)
                  20015b7c    00000004     app_pem4.oem4 (.const:ti_sysbios_knl_Task_Module__loggerObj__C)
                  20015b80    00000004     app_pem4.oem4 (.const:ti_sysbios_knl_Task_Object__count__C)
                  20015b84    00000004     app_pem4.oem4 (.const:ti_sysbios_knl_Task_allBlockedFunc__C)
                  20015b88    00000004     app_pem4.oem4 (.const:ti_sysbios_knl_Task_defaultStackHeap__C)
                  20015b8c    00000004     app_pem4.oem4 (.const:ti_sysbios_knl_Task_defaultStackSize__C)
                  20015b90    00000004     app_pem4.oem4 (.const:ti_sysbios_knl_Task_numConstructedTasks__C)
                  20015b94    00000004     app_pem4.oem4 (.const:xdc_runtime_Assert_E_assertFailed__C)
                  20015b98    00000004     app_pem4.oem4 (.const:xdc_runtime_Core_A_initializedParams__C)
                  20015b9c    00000004     app_pem4.oem4 (.const:xdc_runtime_Core_Module__diagsEnabled__C)
                  20015ba0    00000004     app_pem4.oem4 (.const:xdc_runtime_Core_Module__diagsIncluded__C)
                  20015ba4    00000004     app_pem4.oem4 (.const:xdc_runtime_Core_Module__diagsMask__C)
                  20015ba8    00000004     app_pem4.oem4 (.const:xdc_runtime_Error_E_memory__C)
                  20015bac    00000004     app_pem4.oem4 (.const:xdc_runtime_Error_Module__diagsEnabled__C)
                  20015bb0    00000004     app_pem4.oem4 (.const:xdc_runtime_Error_Module__diagsIncluded__C)
                  20015bb4    00000004     app_pem4.oem4 (.const:xdc_runtime_Error_Module__diagsMask__C)
                  20015bb8    00000004     app_pem4.oem4 (.const:xdc_runtime_Error_Module__loggerFxn8__C)
                  20015bbc    00000004     app_pem4.oem4 (.const:xdc_runtime_Error_Module__loggerObj__C)
                  20015bc0    00000004     app_pem4.oem4 (.const:xdc_runtime_Error_policyFxn__C)
                  20015bc4    00000004     app_pem4.oem4 (.const:xdc_runtime_Error_raiseHook__C)
                  20015bc8    00000004     app_pem4.oem4 (.const:xdc_runtime_IFilterLogger_Interface__BASE__C)
                  20015bcc    00000004     app_pem4.oem4 (.const:xdc_runtime_IGateProvider_Interface__BASE__C)
                  20015bd0    00000004     app_pem4.oem4 (.const:xdc_runtime_IHeap_Interface__BASE__C)
                  20015bd4    00000004     app_pem4.oem4 (.const:xdc_runtime_ILogger_Interface__BASE__C)
                  20015bd8    00000004     app_pem4.oem4 (.const:xdc_runtime_IModule_Interface__BASE__C)
                  20015bdc    00000004     app_pem4.oem4 (.const:xdc_runtime_Log_L_error__C)
                  20015be0    00000004     app_pem4.oem4 (.const:xdc_runtime_LoggerBuf_E_badLevel__C)
                  20015be4    00000004     app_pem4.oem4 (.const:xdc_runtime_LoggerBuf_Module__gateObj__C)
                  20015be8    00000004     app_pem4.oem4 (.const:xdc_runtime_LoggerBuf_Object__count__C)
                  20015bec    00000004     app_pem4.oem4 (.const:xdc_runtime_LoggerBuf_statusLogger__C)
                  20015bf0    00000004     app_pem4.oem4 (.const:xdc_runtime_Memory_defaultHeapInstance__C)
                  20015bf4    00000004     app_pem4.oem4 (.const:xdc_runtime_Startup_execImpl__C)
                  20015bf8    00000004     app_pem4.oem4 (.const:xdc_runtime_Startup_maxPasses__C)
                  20015bfc    00000004     app_pem4.oem4 (.const:xdc_runtime_Startup_sfxnRts__C)
                  20015c00    00000004     app_pem4.oem4 (.const:xdc_runtime_Startup_sfxnTab__C)
                  20015c04    00000004     app_pem4.oem4 (.const:xdc_runtime_SysMin_bufSize__C)
                  20015c08    00000004     app_pem4.oem4 (.const:xdc_runtime_SysMin_outputFunc__C)
                  20015c0c    00000004     app_pem4.oem4 (.const:xdc_runtime_System_Module__gateObj__C)
                  20015c10    00000004     app_pem4.oem4 (.const:xdc_runtime_System_abortFxn__C)
                  20015c14    00000004     app_pem4.oem4 (.const:xdc_runtime_System_exitFxn__C)
                  20015c18    00000004     app_pem4.oem4 (.const:xdc_runtime_System_extendFxn__C)
                  20015c1c    00000004     app_pem4.oem4 (.const:xdc_runtime_System_maxAtexitHandlers__C)
                  20015c20    00000004     app_pem4.oem4 (.const:xdc_runtime_Text_charTab__C)
                  20015c24    00000004     app_pem4.oem4 (.const:xdc_runtime_Text_nameEmpty__C)
                  20015c28    00000004     app_pem4.oem4 (.const:xdc_runtime_Text_nameStatic__C)
                  20015c2c    00000004     app_pem4.oem4 (.const:xdc_runtime_Text_nameUnknown__C)
                  20015c30    00000004     app_pem4.oem4 (.const:xdc_runtime_Text_nodeTab__C)
                  20015c34    00000004     app_pem4.oem4 (.const:xdc_runtime_Text_visitRopeFxn__C)
                  20015c38    00000002     app_pem4.oem4 (.const:ti_sysbios_family_arm_m3_Hwi_Module__id__C)
                  20015c3a    00000002     app_pem4.oem4 (.const:ti_sysbios_family_arm_m3_Hwi_Module__loggerDefined__C)
                  20015c3c    00000002     app_pem4.oem4 (.const:ti_sysbios_family_arm_m3_Timer_Module__id__C)
                  20015c3e    00000002     app_pem4.oem4 (.const:ti_sysbios_family_arm_m3_TimestampProvider_configTimer__C)
                  20015c40    00000002     app_pem4.oem4 (.const:ti_sysbios_gates_GateMutex_Module__id__C)
                  20015c42    00000002     app_pem4.oem4 (.const:ti_sysbios_hal_Hwi_Module__id__C)
                  20015c44    00000002     app_pem4.oem4 (.const:ti_sysbios_heaps_HeapMem_Module__id__C)
                  20015c46    00000002     app_pem4.oem4 (.const:ti_sysbios_knl_Clock_Module__id__C)
                  20015c48    00000002     app_pem4.oem4 (.const:ti_sysbios_knl_Clock_Module__loggerDefined__C)
                  20015c4a    00000002     app_pem4.oem4 (.const:ti_sysbios_knl_Mailbox_Module__id__C)
                  20015c4c    00000002     app_pem4.oem4 (.const:ti_sysbios_knl_Semaphore_Module__id__C)
                  20015c4e    00000002     app_pem4.oem4 (.const:ti_sysbios_knl_Semaphore_Module__loggerDefined__C)
                  20015c50    00000002     app_pem4.oem4 (.const:ti_sysbios_knl_Swi_Module__id__C)
                  20015c52    00000002     app_pem4.oem4 (.const:ti_sysbios_knl_Swi_Module__loggerDefined__C)
                  20015c54    00000002     app_pem4.oem4 (.const:ti_sysbios_knl_Task_Module__id__C)
                  20015c56    00000002     app_pem4.oem4 (.const:ti_sysbios_knl_Task_Module__loggerDefined__C)
                  20015c58    00000002     app_pem4.oem4 (.const:ti_sysbios_knl_Task_initStackFlag__C)
                  20015c5a    00000002     app_pem4.oem4 (.const:xdc_runtime_Core_Module__id__C)
                  20015c5c    00000002     app_pem4.oem4 (.const:xdc_runtime_Error_Module__loggerDefined__C)
                  20015c5e    00000002     app_pem4.oem4 (.const:xdc_runtime_Error_maxDepth__C)
                  20015c60    00000002     app_pem4.oem4 (.const:xdc_runtime_LoggerBuf_Module__id__C)
                  20015c62    00000002     app_pem4.oem4 (.const:xdc_runtime_LoggerBuf_filterByLevel__C)
                  20015c64    00000002     app_pem4.oem4 (.const:xdc_runtime_Memory_Module__id__C)
                  20015c66    00000002     app_pem4.oem4 (.const:xdc_runtime_SysMin_flushAtExit__C)
                  20015c68    00000002     app_pem4.oem4 (.const:xdc_runtime_Text_charCnt__C)
                  20015c6a    00000002     app_pem4.oem4 (.const:xdc_runtime_Text_isLoaded__C)
                  20015c6c    00000002     app_pem4.oem4 (.const:xdc_runtime_Text_registryModsLastId__C)
                  20015c6e    00000002     app_pem4.oem4 (.const:xdc_runtime_Text_unnamedModsLastId__C)

.cinit     0    20015c70    000003a8     
                  20015c70    00000380     (.cinit..data.load) [load image, compression = rle]
                  20015ff0    0000000c     (__TI_handler_table)
                  20015ffc    00000004     --HOLE-- [fill = 0]
                  20016000    00000008     (.cinit..bss.load) [load image, compression = zero_init]
                  20016008    00000010     (__TI_cinit_table)

.bss       0    20017000    00013264     UNINITIALIZED
                  20017000    00008000     app_pem4.oem4 (.bss:ti_sysbios_heaps_HeapMem_Instance_State_0_buf__A)
                  2001f000    00004e28     main.obj (.bss:final_results)
                  20023e28    00004e28     main.obj (.bss:sample_results)
                  20028c50    00000800     app_pem4.oem4 (.bss:taskStackSection)
                  20029450    00000400     app_pem4.oem4 (.bss:xdc_runtime_LoggerBuf_Instance_State_0_entryArr__A)
                  20029850    00000400     app_pem4.oem4 (.bss:xdc_runtime_SysMin_Module_State_0_outbuf__A)
                  20029c50    0000030c     app_pem4.oem4 (.bss:ti_sysbios_family_arm_m3_Hwi_dispatchTable)
                  20029f5c    00000178     simplelink.a : driver.obj (.bss:g_StatMem)
                  2002a0d4    00000120     rtsv7M4_T_le_eabi.lib : trgmsg.obj (.bss:__CIOBUF_)
                  2002a1f4    00000050     simplelink.a : cc_pal.obj (.bss:g_ucDinDout)
                  2002a244    00000008     (.common:parmbuf)
                  2002a24c    00000004     (.common:DMAMsgQ)
                  2002a250    00000004     (.common:SimpleLinkSpawnTaskHndl)
                  2002a254    00000004     (.common:__Errorlog)
                  2002a258    00000004     (.common:g_cDummy)
                  2002a25c    00000004     (.common:simpleLink_mailbox)
[...]
20015a00  ti_sysbios_family_arm_m3_Hwi_Module__loggerFxn1__C          
20015a04  ti_sysbios_family_arm_m3_Hwi_Module__loggerFxn8__C          
20015a08  ti_sysbios_family_arm_m3_Hwi_Module__loggerObj__C           
20015a0c  ti_sysbios_family_arm_m3_Hwi_NUM_INTERRUPTS__C              
20015a10  ti_sysbios_family_arm_m3_Hwi_Object__count__C               
20015a14  ti_sysbios_family_arm_m3_Hwi_ccr__C                         
20015a18  ti_sysbios_family_arm_m3_Hwi_excHandlerFunc__C              
20015a1c  ti_sysbios_family_arm_m3_Hwi_excHookFuncs__C                
20015a20  ti_sysbios_family_arm_m3_Hwi_nullIsrFunc__C                 
20015a24  ti_sysbios_family_arm_m3_Hwi_priGroup__C                    
20015a28  ti_sysbios_family_arm_m3_TaskSupport_stackAlignment__C      
20015a2c  ti_sysbios_family_arm_m3_Timer_E_cannotSupport__C           
20015a30  ti_sysbios_family_arm_m3_Timer_startupNeeded__C             
20015a34  ti_sysbios_gates_GateMutex_A_badContext__C                  
20015a38  ti_sysbios_gates_GateMutex_Instance_State_sem__O            
20015a3c  ti_sysbios_gates_GateMutex_Module__diagsEnabled__C          
20015a40  ti_sysbios_gates_GateMutex_Module__diagsIncluded__C         
20015a44  ti_sysbios_gates_GateMutex_Module__diagsMask__C             
20015a48  ti_sysbios_hal_Hwi_E_stackOverflow__C                       
20015a4c  ti_sysbios_heaps_HeapMem_A_align__C                         
20015a50  ti_sysbios_heaps_HeapMem_A_heapSize__C                      
20015a54  ti_sysbios_heaps_HeapMem_A_invalidFree__C                   
20015a58  ti_sysbios_heaps_HeapMem_A_zeroBlock__C                     
20015a5c  ti_sysbios_heaps_HeapMem_E_memory__C                        
20015a60  ti_sysbios_heaps_HeapMem_Module__diagsEnabled__C            
20015a64  ti_sysbios_heaps_HeapMem_Module__diagsIncluded__C           
20015a68  ti_sysbios_heaps_HeapMem_Module__diagsMask__C               
20015a6c  ti_sysbios_heaps_HeapMem_Module__gateObj__C                 
20015a70  ti_sysbios_heaps_HeapMem_Object__count__C                   
20015a74  ti_sysbios_heaps_HeapMem_reqAlign__C                        
20015a78  ti_sysbios_knl_Clock_LM_begin__C                            
20015a7c  ti_sysbios_knl_Clock_LM_tick__C                             
20015a80  ti_sysbios_knl_Clock_LW_delayed__C                          
20015a84  ti_sysbios_knl_Clock_Module_State_clockQ__O                 
20015a88  ti_sysbios_knl_Clock_Module__diagsEnabled__C                
20015a8c  ti_sysbios_knl_Clock_Module__diagsIncluded__C               
20015a90  ti_sysbios_knl_Clock_Module__diagsMask__C                   
20015a94  ti_sysbios_knl_Clock_Module__loggerFxn1__C                  
20015a98  ti_sysbios_knl_Clock_Module__loggerFxn2__C                  
20015a9c  ti_sysbios_knl_Clock_Module__loggerObj__C                   
20015aa0  ti_sysbios_knl_Clock_tickPeriod__C                          
20015aa4  ti_sysbios_knl_Idle_funcList__A                             
20015aa8  ti_sysbios_knl_Mailbox_A_invalidBufSize__C                  
20015aac  ti_sysbios_knl_Mailbox_Instance_State_dataQue__O            
20015ab0  ti_sysbios_knl_Mailbox_Instance_State_dataSem__O            
20015ab4  ti_sysbios_knl_Mailbox_Instance_State_freeQue__O            
20015ab8  ti_sysbios_knl_Mailbox_Instance_State_freeSem__O            
20015abc  ti_sysbios_knl_Mailbox_Module__diagsEnabled__C              
20015ac0  ti_sysbios_knl_Mailbox_Module__diagsIncluded__C             
20015ac4  ti_sysbios_knl_Mailbox_Module__diagsMask__C                 
20015ac8  ti_sysbios_knl_Mailbox_Object__count__C                     
20015acc  ti_sysbios_knl_Mailbox_maxTypeAlign__C                      
20015ad0  ti_sysbios_knl_Semaphore_A_badContext__C                    
20015ad4  ti_sysbios_knl_Semaphore_A_noEvents__C                      
20015ad8  ti_sysbios_knl_Semaphore_A_overflow__C                      
20015adc  ti_sysbios_knl_Semaphore_A_pendTaskDisabled__C              
20015ae0  ti_sysbios_knl_Semaphore_Instance_State_pendQ__O            
20015ae4  ti_sysbios_knl_Semaphore_LM_pend__C                         
20015ae8  ti_sysbios_knl_Semaphore_LM_post__C                         
20015aec  ti_sysbios_knl_Semaphore_Module__diagsEnabled__C            
20015af0  ti_sysbios_knl_Semaphore_Module__diagsIncluded__C           
20015af4  ti_sysbios_knl_Semaphore_Module__diagsMask__C               
20015af8  ti_sysbios_knl_Semaphore_Module__loggerFxn2__C              
20015afc  ti_sysbios_knl_Semaphore_Module__loggerFxn4__C              
20015b00  ti_sysbios_knl_Semaphore_Module__loggerObj__C               
20015b04  ti_sysbios_knl_Swi_LD_end__C                                
20015b08  ti_sysbios_knl_Swi_LM_begin__C                              
20015b0c  ti_sysbios_knl_Swi_LM_post__C                               
20015b10  ti_sysbios_knl_Swi_Module__diagsEnabled__C                  
20015b14  ti_sysbios_knl_Swi_Module__diagsIncluded__C                 
20015b18  ti_sysbios_knl_Swi_Module__diagsMask__C                     
20015b1c  ti_sysbios_knl_Swi_Module__loggerFxn1__C                    
20015b20  ti_sysbios_knl_Swi_Module__loggerFxn4__C                    
20015b24  ti_sysbios_knl_Swi_Module__loggerObj__C                     
20015b28  ti_sysbios_knl_Swi_Object__count__C                         
20015b2c  ti_sysbios_knl_Task_A_badPriority__C                        
20015b30  ti_sysbios_knl_Task_A_badTaskState__C                       
20015b34  ti_sysbios_knl_Task_A_badThreadType__C                      
20015b38  ti_sysbios_knl_Task_A_badTimeout__C                         
20015b3c  ti_sysbios_knl_Task_A_noPendElem__C                         
20015b40  ti_sysbios_knl_Task_A_sleepTaskDisabled__C                  
20015b44  ti_sysbios_knl_Task_E_spOutOfBounds__C                      
20015b48  ti_sysbios_knl_Task_E_stackOverflow__C                      
20015b4c  ti_sysbios_knl_Task_LD_block__C                             
20015b50  ti_sysbios_knl_Task_LD_exit__C                              
20015b54  ti_sysbios_knl_Task_LD_ready__C                             
20015b58  ti_sysbios_knl_Task_LM_sleep__C                             
20015b5c  ti_sysbios_knl_Task_LM_switch__C                            
20015b60  ti_sysbios_knl_Task_LM_yield__C                             
20015b64  ti_sysbios_knl_Task_Module_State_inactiveQ__O               
20015b68  ti_sysbios_knl_Task_Module__diagsEnabled__C                 
20015b6c  ti_sysbios_knl_Task_Module__diagsIncluded__C                
20015b70  ti_sysbios_knl_Task_Module__diagsMask__C                    
20015b74  ti_sysbios_knl_Task_Module__loggerFxn2__C                   
20015b78  ti_sysbios_knl_Task_Module__loggerFxn4__C                   
20015b7c  ti_sysbios_knl_Task_Module__loggerObj__C                    
20015b80  ti_sysbios_knl_Task_Object__count__C                        
20015b84  ti_sysbios_knl_Task_allBlockedFunc__C                       
20015b88  ti_sysbios_knl_Task_defaultStackHeap__C                     
20015b8c  ti_sysbios_knl_Task_defaultStackSize__C                     
20015b90  ti_sysbios_knl_Task_numConstructedTasks__C                  
20015b94  xdc_runtime_Assert_E_assertFailed__C                        
20015b98  xdc_runtime_Core_A_initializedParams__C                     
20015b9c  xdc_runtime_Core_Module__diagsEnabled__C                    
20015ba0  xdc_runtime_Core_Module__diagsIncluded__C                   
20015ba4  xdc_runtime_Core_Module__diagsMask__C                       
20015ba8  xdc_runtime_Error_E_memory__C                               
20015bac  xdc_runtime_Error_Module__diagsEnabled__C                   
20015bb0  xdc_runtime_Error_Module__diagsIncluded__C                  
20015bb4  xdc_runtime_Error_Module__diagsMask__C                      
20015bb8  xdc_runtime_Error_Module__loggerFxn8__C                     
20015bbc  xdc_runtime_Error_Module__loggerObj__C                      
20015bc0  xdc_runtime_Error_policyFxn__C                              
20015bc4  xdc_runtime_Error_raiseHook__C                              
20015bc8  xdc_runtime_IFilterLogger_Interface__BASE__C                
20015bcc  xdc_runtime_IGateProvider_Interface__BASE__C                
20015bd0  xdc_runtime_IHeap_Interface__BASE__C                        
20015bd4  xdc_runtime_ILogger_Interface__BASE__C                      
20015bd8  xdc_runtime_IModule_Interface__BASE__C                      
20015bdc  xdc_runtime_Log_L_error__C                                  
20015be0  xdc_runtime_LoggerBuf_E_badLevel__C                         
20015be4  xdc_runtime_LoggerBuf_Module__gateObj__C                    
20015be8  xdc_runtime_LoggerBuf_Object__count__C                      
20015bec  xdc_runtime_LoggerBuf_statusLogger__C                       
20015bf0  xdc_runtime_Memory_defaultHeapInstance__C                   
20015bf4  xdc_runtime_Startup_execImpl__C                             
20015bf8  xdc_runtime_Startup_maxPasses__C                            
20015bfc  xdc_runtime_Startup_sfxnRts__C                              
20015c00  xdc_runtime_Startup_sfxnTab__C                              
20015c04  xdc_runtime_SysMin_bufSize__C                               
20015c08  xdc_runtime_SysMin_outputFunc__C                            
20015c0c  xdc_runtime_System_Module__gateObj__C                       
20015c10  xdc_runtime_System_abortFxn__C                              
20015c14  xdc_runtime_System_exitFxn__C                               
20015c18  xdc_runtime_System_extendFxn__C                             
20015c1c  xdc_runtime_System_maxAtexitHandlers__C                     
20015c20  xdc_runtime_Text_charTab__C                                 
20015c24  xdc_runtime_Text_nameEmpty__C                               
20015c28  xdc_runtime_Text_nameStatic__C                              
20015c2c  xdc_runtime_Text_nameUnknown__C                             
20015c30  xdc_runtime_Text_nodeTab__C                                 
20015c34  xdc_runtime_Text_visitRopeFxn__C                            
20015c38  ti_sysbios_family_arm_m3_Hwi_Module__id__C                  
20015c3a  ti_sysbios_family_arm_m3_Hwi_Module__loggerDefined__C       
20015c3c  ti_sysbios_family_arm_m3_Timer_Module__id__C                
20015c3e  ti_sysbios_family_arm_m3_TimestampProvider_configTimer__C   
20015c40  ti_sysbios_gates_GateMutex_Module__id__C                    
20015c42  ti_sysbios_hal_Hwi_Module__id__C                            
20015c44  ti_sysbios_heaps_HeapMem_Module__id__C                      
20015c46  ti_sysbios_knl_Clock_Module__id__C                          
20015c48  ti_sysbios_knl_Clock_Module__loggerDefined__C               
20015c4a  ti_sysbios_knl_Mailbox_Module__id__C                        
20015c4c  ti_sysbios_knl_Semaphore_Module__id__C                      
20015c4e  ti_sysbios_knl_Semaphore_Module__loggerDefined__C           
20015c50  ti_sysbios_knl_Swi_Module__id__C                            
20015c52  ti_sysbios_knl_Swi_Module__loggerDefined__C                 
20015c54  ti_sysbios_knl_Task_Module__id__C                           
20015c56  ti_sysbios_knl_Task_Module__loggerDefined__C                
20015c58  ti_sysbios_knl_Task_initStackFlag__C                        
20015c5a  xdc_runtime_Core_Module__id__C                              
20015c5c  xdc_runtime_Error_Module__loggerDefined__C                  
20015c5e  xdc_runtime_Error_maxDepth__C                               
20015c60  xdc_runtime_LoggerBuf_Module__id__C                         
20015c62  xdc_runtime_LoggerBuf_filterByLevel__C                      
20015c64  xdc_runtime_Memory_Module__id__C                            
20015c66  xdc_runtime_SysMin_flushAtExit__C                           
20015c68  xdc_runtime_Text_charCnt__C                                 
20015c6a  xdc_runtime_Text_isLoaded__C                                
20015c6c  xdc_runtime_Text_registryModsLastId__C                      
20015c6e  xdc_runtime_Text_unnamedModsLastId__C                       
20015c70  __TI_static_base__                                          
20015ff0  __TI_Handler_Table_Base                                     
20015ffc  __TI_Handler_Table_Limit                                    
20016008  __TI_CINIT_Base                                             
20016018  __TI_CINIT_Limit                                            
20017000  ti_sysbios_heaps_HeapMem_Instance_State_0_buf__A            
2001f000  final_results                                               
20023e28  sample_results                                              
20028c50  ti_sysbios_knl_Task_Instance_State_0_stack__A               
20029450  xdc_runtime_LoggerBuf_Instance_State_0_entryArr__A          
20029850  xdc_runtime_SysMin_Module_State_0_outbuf__A                 
20029c50  ti_sysbios_family_arm_m3_Hwi_dispatchTable                  
20029f5c  g_StatMem                                                   
2002a0d4  __CIOBUF_                                                   
2002a1f4  g_ucDinDout                                                 
2002a24c  DMAMsgQ                                                     
2002a250  SimpleLinkSpawnTaskHndl                                     
2002a258  g_cDummy                                                    
2002a25c  simpleLink_mailbox                                          
2002a260  RxIrqCnt                                                    
2002a261  g_ucLED1Pin                                                 
2002a262  g_ucLED2Pin                                                 
2002a263  g_ucLED3Pin                                                 
2002a268  ti_sysbios_family_arm_m3_Hwi_Module__root__V                
2002a270  ti_sysbios_family_arm_m3_Hwi_Object__table__V               
2002a288  ti_sysbios_family_arm_m3_Hwi_Module_State_0_excActive__A    
2002a28c  ti_sysbios_family_arm_m3_Hwi_Module_State_0_excContext__A   
2002a290  ti_sysbios_family_arm_m3_Hwi_Module_State_0_excStack__A     
2002a294  ti_sysbios_family_arm_m3_Timer_Module__root__V              
2002a29c  ti_sysbios_family_arm_m3_Timer_Module__state__V             
2002a2a8  ti_sysbios_family_arm_m3_TimestampProvider_Module__state__V 
2002a2ac  ti_sysbios_gates_GateHwi_Module__root__V                    
2002a2b4  ti_sysbios_gates_GateHwi_Object__table__V                   
2002a2b8  ti_sysbios_gates_GateMutex_Module__root__V                  
2002a2c0  ti_sysbios_hal_Hwi_Module__root__V                          
2002a2c8  ti_sysbios_hal_Timer_Module__root__V                        
2002a2d0  ti_sysbios_heaps_HeapMem_Module__root__V                    
2002a2d8  ti_sysbios_heaps_HeapMem_Object__table__V                   
2002a2f0  ti_sysbios_knl_Clock_Module__root__V                        
2002a2f8  ti_sysbios_knl_Event_Module__root__V                        
2002a300  ti_sysbios_knl_Mailbox_Module__root__V                      
2002a308  ti_sysbios_knl_Queue_Module__root__V                        
2002a310  ti_sysbios_knl_Semaphore_Module__root__V                    
2002a318  ti_sysbios_knl_Swi_Module__root__V                          
2002a320  ti_sysbios_knl_Swi_Module__state__V                         
2002a33c  ti_sysbios_knl_Task_Module__root__V                         
2002a344  ti_sysbios_knl_Task_Module_State_0_idleTask__A              
2002a348  xdc_runtime_Error_Module__state__V                          
2002a34c  xdc_runtime_LoggerBuf_Module__root__V                       
2002a354  xdc_runtime_LoggerBuf_Module__state__V                      
2002a35c  xdc_runtime_Memory_Module__state__V                         
2002a360  xdc_runtime_Registry_Module__state__V                       
2002a368  xdc_runtime_Startup_Module__state__V                        
2002a370  xdc_runtime_SysMin_Module__state__V                         
2002a37c  xdc_runtime_System_Module_State_0_atexitHandlers__A         
2002a38c  xdc_runtime_System_Module__state__V                         
2002a394  xdc_runtime_Text_Module__state__V                           
2002a39c  __xdc__init__addr                                           
2002a450  _Denorm                                                     
2002a460  _Eps                                                        
2002a470  _Hugeval                                                    
2002a480  _Inf                                                        
2002a490  _Nan                                                        
2002a4a0  _Snan                                                       
2002a4b0  _Rteps                                                      
2002a4c0  _Xbig                                                       
2002a4c8  _Zero                                                       
2002a4d0  ti_sysbios_knl_Swi_Module_State_0_readyQ__A                 
2002a550  ti_sysbios_knl_Task_Module_State_0_readyQ__A                
2002a5d0  TSK_idle                                                    
2002a5d0  ti_sysbios_knl_Task_Object__table__V                        
2002a61c  ti_sysbios_knl_Task_Module__state__V                        
2002a660  ti_sysbios_gates_GateMutex_Object__table__V                 
2002a698  ti_sysbios_family_arm_m3_Hwi_Module__state__V               
2002a6cc  ti_sysbios_family_arm_m3_Timer_Object__table__V             
2002a6fc  ti_sysbios_knl_Swi_Object__table__V                         
2002a72c  ti_sysbios_knl_Clock_Module__state__V                       
2002a758  ti_sysbios_BIOS_Module__state__V                            
2002a77c  xdc_runtime_LoggerBuf_Object__table__V                      
2002a7b4  g_uiLED1Port                                                
2002a7b8  g_uiLED2Port                                                
2002a7bc  g_uiLED3Port                                                
2002a7c0  sample_amount                                               
2002a7c4  amount_average                                              
2002a7c8  uiIndex                                                     
2002a7cc  g_ulStatus                                                  
2002a7d0  g_ulStaIp                                                   
2002a7d4  g_ulPingPacketsRecv                                         
2002a7d8  g_uiGatewayIP                                               
2002a7dc  g_SpiFd                                                     
2002a7e0  g_pHostIntHdl                                               
2002a7e4  g_ucDMAEnabled                                              
2002a7e8  g_pCB                                                       
2002a7ec  pPingCallBackFunc                                           
2002a7f0  gFirstCmdMode                                               
2002a7f4  _lock                                                       
2002a7f8  _unlock                                                     
2002a7fc  __TI_cleanup_ptr                                            
2002a800  __TI_dtors_ptr                                              
2002a804  _Fenv                                                       
2002a808  _Tls_setup__Fenv                                            
2002a80c  _Errno                                                      
2002a810  main_func_sp                                                
2002e000  __stack                                                     
20030000  __STACK_END                                                 
e000e000  ti_sysbios_family_arm_m3_Hwi_nvic                           
ffffffff  __binit__                                                   
ffffffff  __c_args__                                                  
ffffffff  binit                                                       
UNDEFED   SHT$$INIT_ARRAY$$Base                                       
UNDEFED   SHT$$INIT_ARRAY$$Limit                                      

[1009 symbols]
