******************************************************************************
                  TI ARM Linker PC v5.2.2                      
******************************************************************************
>> Linked Mon Aug 21 21:46:20 2017

OUTPUT FILE NAME:   <wlan_ap.out>
ENTRY POINT SYMBOL: "_c_int00"  address: 2000f221


MEMORY CONFIGURATION

         name            origin    length      used     unused   attr    fill
----------------------  --------  ---------  --------  --------  ----  --------
  SRAM_CODE             20004000   00013000  0000f824  000037dc  RW X
  SRAM_DATA             20017000   00019000  0000bb91  0000d46f  RW X


SEGMENT ALLOCATION MAP

run origin  load origin   length   init length attrs members
----------  ----------- ---------- ----------- ----- -------
20004000    20004000    0000f830   0000f830    r-x
  20004000    20004000    0000030c   0000030c    r-- .resetVecs
  20004310    20004310    0000cc42   0000cc42    r-x .text
  20010f54    20010f54    00002556   00002556    r-- .const
  200134b0    200134b0    00000380   00000380    r-- .cinit
20017000    20017000    00009b98   00000000    rw-
  20017000    20017000    00009611   00000000    rw- .bss
  20020618    20020618    00000580   00000000    rw- .data
2002e000    2002e000    00002000   00000000    rw-
  2002e000    2002e000    00002000   00000000    rw- .stack


SECTION ALLOCATION MAP

 output                                  attributes/
section   page    origin      length       input sections
--------  ----  ----------  ----------   ----------------
.bootVecs 
*          0    00000000    00000008     DSECT
                  00000000    00000008     boot.aem4 : boot.oem4 (.bootVecs)

.vecs      0    20004000    00000000     DSECT

.resetVecs 
*          0    20004000    0000030c     
                  20004000    0000030c     app_pem4.oem4 (.resetVecs)

xdc.meta   0    00000000    000000f8     COPY SECTION
                  00000000    000000f8     app_pem4.oem4 (xdc.meta)

.init_array 
*          0    20004000    00000000     UNINITIALIZED

.text      0    20004310    0000cc42     
                  20004310    000010a6     rtsv7M4_T_le_eabi.lib : _printfi.obj (.text)
                  200053b6    00000002     app_pem4.oem4 (.text:ti_sysbios_BIOS_nullFunc__I)
                  200053b8    00000da0     main.obj (.text)
                  20006158    000005ec     simplelink.a : driver.obj (.text:_SlDrvMsgRead)
                  20006744    00000544     ti_rtos.a : osi_tirtos.obj (.text)
                  20006c88    00000430     sysbios.aem4 : BIOS.obj (.text:ti_sysbios_family_arm_m3_Hwi_excDumpRegs__I)
                  200070b8    0000034c     ti.targets.arm.rtsarm.aem4 : System.oem4 (.text:xdc_runtime_System_doPrint__I)
                  20007404    00000004     app_pem4.oem4 (.text:ti_sysbios_BIOS_RtsGateProxy_enter__E)
                  20007408    00000314     sysbios.aem4 : BIOS.obj (.text:ti_sysbios_knl_Semaphore_pend__E)
                  2000771c    000002d4     rtsv7M4_T_le_eabi.lib : trgdrv.obj (.text)
                  200079f0    00000280     uart_if.obj (.text)
                  20007c70    00000254     sysbios.aem4 : BIOS.obj (.text:ti_sysbios_heaps_HeapMem_free__E)
                  20007ec4    00000248     simplelink.a : driver.obj (.text:_SlDrvRxHdrRead)
                  2000810c    00000004     app_pem4.oem4 (.text:ti_sysbios_BIOS_RtsGateProxy_leave__E)
                  20008110    00000248     sysbios.aem4 : BIOS.obj (.text:ti_sysbios_heaps_HeapMem_alloc__E)
                  20008358    0000022c                  : BIOS.obj (.text:ti_sysbios_knl_Task_Instance_finalize__E)
                  20008584    00000004     app_pem4.oem4 (.text:ti_sysbios_family_arm_m3_Hwi_delete)
                  20008588    00000200     sysbios.aem4 : BIOS.obj (.text:ti_sysbios_knl_Task_sleep__E)
                  20008788    000001fc                  : BIOS.obj (.text:ti_sysbios_family_arm_m3_Hwi_excHandlerMax__I)
                  20008984    000001f4     rtsv7M4_T_le_eabi.lib : ull_div_t2.obj (.text)
                  20008b78    000001d0     simplelink.a : driver.obj (.text:_SlDrvReleasePoolObj)
                  20008d48    000001cc                  : driver.obj (.text:_SlDrvMsgWrite)
                  20008f14    00000004     app_pem4.oem4 (.text:ti_sysbios_family_arm_m3_TaskSupport_Module__startupDone__S)
                  20008f18    000001c8     sysbios.aem4 : BIOS.obj (.text:ti_sysbios_knl_Task_Instance_init__E)
                  200090e0    000001b6     rtsv7M4_T_le_eabi.lib : fd_add_t2.obj (.text)
                  20009296    00000002     app_pem4.oem4 (.text:xdc_runtime_Startup_reset__I)
                  20009298    0000019c     sysbios.aem4 : BIOS.obj (.text:ti_sysbios_knl_Task_Module_startup__E)
                  20009434    00000190     simplelink.a : driver.obj (.text:_SlDrvWaitForPoolObj)
                  200095c4    00000174                  : driver.obj (.text:_SlDrvDriverCBInit)
                  20009738    00000174     sysbios.aem4 : BIOS.obj (.text:ti_sysbios_family_arm_m3_Hwi_excBusFault__I)
                  200098ac    00000170     simplelink.a : driver.obj (.text:_SlFindAndSetActiveObj)
                  20009a1c    00000004     app_pem4.oem4 (.text:ti_sysbios_heaps_HeapMem_Module_GateProxy_enter__E)
                  20009a20    00000164     sysbios.aem4 : BIOS.obj (.text:ti_sysbios_family_arm_m3_Hwi_excUsageFault__I)
                  20009b84    00000004     app_pem4.oem4 (.text:ti_sysbios_heaps_HeapMem_Module_GateProxy_leave__E)
                  20009b88    00000158     sysbios.aem4 : BIOS.obj (.text:ti_sysbios_knl_Mailbox_Instance_init__E)
                  20009ce0    00000150     simplelink.a : cc_pal.obj (.text:spi_Open)
                  20009e30    00000148     sysbios.aem4 : BIOS.obj (.text:ti_sysbios_family_arm_m3_Hwi_excMemFault__I)
                  20009f78    00000140                  : BIOS.obj (.text:ti_sysbios_knl_Semaphore_post__E)
                  2000a0b8    0000013c                  : BIOS.obj (.text:ti_sysbios_heaps_HeapMem_Instance_init__E)
                  2000a1f4    00000138     simplelink.a : socket.obj (.text:sl_Accept)
                  2000a32c    00000004     app_pem4.oem4 (.text:ti_sysbios_knl_Clock_TimerProxy_getMaxTicks__E)
                  2000a330    00000138     sysbios.aem4 : BIOS.obj (.text:ti_sysbios_family_arm_m3_Hwi_dispatchC__I)
                  2000a468    00000138     ti.targets.arm.rtsarm.aem4 : LoggerBuf.oem4 (.text:xdc_runtime_LoggerBuf_write8__E)
                  2000a5a0    00000136     rtsv7M4_T_le_eabi.lib : fd_div_t2.obj (.text)
                  2000a6d6    00000002     --HOLE-- [fill = 0]
                  2000a6d8    00000134     driverlib.a : prcm.obj (.text:PRCMCC3200MCUInit)
                  2000a80c    00000004     app_pem4.oem4 (.text:ti_sysbios_knl_Mailbox_delete)
                  2000a810    00000134     sysbios.aem4 : BIOS.obj (.text:ti_sysbios_knl_Clock_workFunc__E)
                  2000a944    00000128     simplelink.a : driver.obj (.text:_SlDrvDataReadOp)
                  2000aa6c    00000004     app_pem4.oem4 (.text:ti_sysbios_knl_Queue_destruct)
                  2000aa70    0000011c     sysbios.aem4 : BIOS.obj (.text:ti_sysbios_knl_Swi_run__I)
                  2000ab8c    00000118     ti.targets.arm.rtsarm.aem4 : Error.oem4 (.text:xdc_runtime_Error_policyDefault__E)
                  2000aca4    00000110     rtsv7M4_T_le_eabi.lib : xdscale.obj (.text)
                  2000adb4    00000100     ti.targets.arm.rtsarm.aem4 : Core-mem.oem4 (.text:xdc_runtime_Core_createObject__I)
                  2000aeb4    000000fe     simplelink.a : netapp.obj (.text:_SlDrvNetAppEventHandler)
                  2000afb2    000000fc     rtsv7M4_T_le_eabi.lib : fd_mul_t2.obj (.text)
                  2000b0ae    00000002     --HOLE-- [fill = 0]
                  2000b0b0    000000f8     ti.targets.arm.rtsarm.aem4 : Startup.oem4 (.text:xdc_runtime_Startup_startMods__I)
                  2000b1a8    000000f8     app_pem4.oem4 (.text:xdc_runtime_System_printfExtend__I)
                  2000b2a0    000000f4     simplelink.a : driver.obj (.text:_SlDrvDriverCBDeinit)
                  2000b394    000000f0     driverlib.a : udma.obj (.text:uDMAChannelTransferSet)
                  2000b484    000000dc     simplelink.a : cc_pal.obj (.text:spi_Read)
                  2000b560    000000d8                  : driver.obj (.text:_SlDrvClassifyRxMsg)
                  2000b638    000000d4                  : device.obj (.text:sl_Stop)
                  2000b70c    000000d4     ti.targets.arm.rtsarm.aem4 : LoggerBuf.oem4 (.text:xdc_runtime_LoggerBuf_write4__E)
                  2000b7e0    000000d0     sysbios.aem4 : BIOS.obj (.text:ti_sysbios_family_arm_m3_Hwi_Module_startup__E)
                  2000b8b0    000000d0                  : m3_Hwi_asm.obj (.text:ti_sysbios_family_arm_m3_Hwi_dispatch__I)
                  2000b980    000000cc                  : BIOS.obj (.text:ti_sysbios_knl_Task_schedule__I)
                  2000ba4c    000000cc     ti.targets.arm.rtsarm.aem4 : Core-smem.oem4 (.text:xdc_runtime_Core_constructObject__I)
                  2000bb18    000000c8     simplelink.a : netapp.obj (.text:_sl_HandleAsync_DnsGetHostByService)
                  2000bbe0    000000c4                  : driver.obj (.text:_SlRemoveFromList)
                  2000bca4    000000be     rtsv7M4_T_le_eabi.lib : xdnorm.obj (.text)
                  2000bd62    00000002     --HOLE-- [fill = 0]
                  2000bd64    000000bc     simplelink.a : driver.obj (.text:_SlDrvMsgReadCmdCtx)
                  2000be20    000000bc                  : device.obj (.text:sl_Start)
                  2000bedc    00000004     app_pem4.oem4 (.text:ti_sysbios_knl_Semaphore_delete)
                  2000bee0    000000bc     sysbios.aem4 : BIOS.obj (.text:ti_sysbios_family_arm_m3_Hwi_excDebugMon__I)
                  2000bf9c    00000004     app_pem4.oem4 (.text:ti_sysbios_knl_Semaphore_destruct)
                  2000bfa0    000000bc     sysbios.aem4 : BIOS.obj (.text:ti_sysbios_family_arm_m3_Hwi_excHardFault__I)
                  2000c05c    00000004     app_pem4.oem4 (.text:ti_sysbios_knl_Task_delete)
                  2000c060    000000bc     sysbios.aem4 : BIOS.obj (.text:ti_sysbios_knl_Task_startCore__E)
                  2000c11c    000000b8     simplelink.a : driver.obj (.text:_SlAsyncEventGenericHandler)
                  2000c1d4    000000b4                  : netapp.obj (.text:sl_NetAppMDNSRegisterUnregisterService)
                  2000c288    000000b4     sysbios.aem4 : BIOS.obj (.text:ti_sysbios_gates_GateMutex_enter__E)
                  2000c33c    00000004     ti.targets.arm.rtsarm.aem4 : Error.oem4 (.text:xdc_runtime_Error_getSite__E)
                  2000c340    000000b4     sysbios.aem4 : BIOS.obj (.text:ti_sysbios_knl_Task_checkStacks__E)
                  2000c3f4    00000004     app_pem4.oem4 (.text:xdc_runtime_LoggerBuf_Module_GateProxy_enter__E)
                  2000c3f8    000000b4     sysbios.aem4 : BIOS.obj (.text:ti_sysbios_knl_Task_yield__E)
                  2000c4ac    00000004     app_pem4.oem4 (.text:xdc_runtime_LoggerBuf_Module_GateProxy_leave__E)
                  2000c4b0    000000ac     sysbios.aem4 : BIOS.obj (.text:ti_sysbios_knl_Swi_post__E)
                  2000c55c    000000a8     driverlib.a : interrupt.obj (.text:IntEnable)
                  2000c604    000000a8     simplelink.a : netcfg.obj (.text:sl_NetCfgGet)
                  2000c6ac    00000004     app_pem4.oem4 (.text:xdc_runtime_System_Module_GateProxy_enter__E)
                  2000c6b0    000000a8     sysbios.aem4 : BIOS.obj (.text:ti_sysbios_knl_Task_blockI__E)
                  2000c758    000000a8                  : BIOS.obj (.text:ti_sysbios_knl_Task_postInit__I)
                  2000c800    000000a0     driverlib.a : spi.obj (.text:SPIConfigSetExpClk)
                  2000c8a0    000000a0     auto_init.aem4 : auto_init.oem4 (.text)
                  2000c940    000000a0     ti.targets.arm.rtsarm.aem4 : Text.oem4 (.text:xdc_runtime_Text_putMod__E)
                  2000c9e0    0000009c     simplelink.a : driver.obj (.text:_SlDrvMsgReadSpawnCtx)
                  2000ca7c    0000009c     rtsv7M4_T_le_eabi.lib : memcpy_t2.obj (.text)
                  2000cb18    0000009c     simplelink.a : device.obj (.text:sl_DevGet)
                  2000cbb4    00000004     app_pem4.oem4 (.text:xdc_runtime_System_Module_GateProxy_leave__E)
                  2000cbb8    0000009c     sysbios.aem4 : BIOS.obj (.text:ti_sysbios_knl_Semaphore_Instance_init__E)
                  2000cc54    0000009c     ti.targets.arm.rtsarm.aem4 : LoggerBuf.oem4 (.text:xdc_runtime_LoggerBuf_setFilterLevel__E)
                  2000ccf0    0000009a                                : Text.oem4 (.text:xdc_runtime_Text_putSite__E)
                  2000cd8a    00000006     driverlib.a : utils.obj (.text:UtilsDelay)
                  2000cd90    00000098     sysbios.aem4 : BIOS.obj (.text:ti_sysbios_knl_Mailbox_post__E)
                  2000ce28    00000094     driverlib.a : prcm.obj (.text:PRCMPeripheralClockGet)
                  2000cebc    00000004     ti.targets.arm.rtsarm.aem4 : System.oem4 (.text:xdc_runtime_System_aprintf_va__F)
                  2000cec0    00000094     sysbios.aem4 : BIOS.obj (.text:ti_sysbios_family_arm_m3_Hwi_Instance_init__E)
                  2000cf54    00000004     ti.targets.arm.rtsarm.aem4 : System.oem4 (.text:xdc_runtime_System_printf_va__F)
                  2000cf58    00000094     sysbios.aem4 : BIOS.obj (.text:ti_sysbios_knl_Task_exit__E)
                  2000cfec    00000004     --HOLE-- [fill = 0]
                  2000cff0    00000090                  : BIOS.obj (.text:ti_sysbios_knl_Task_unblockI__E)
                  2000d080    0000008c     simplelink.a : cc_pal.obj (.text:SetupDMAReceive)
                  2000d10c    0000008c                  : cc_pal.obj (.text:SetupDMASend)
                  2000d198    0000008c                  : netapp.obj (.text:_sl_HandleAsync_DnsGetHostByName)
                  2000d224    0000008c                  : netapp.obj (.text:_sl_HandleAsync_PingResponse)
                  2000d2b0    0000008c                  : cc_pal.obj (.text:spi_Write)
                  2000d33c    00000004     --HOLE-- [fill = 0]
                  2000d340    0000008c     sysbios.aem4 : BIOS.obj (.text:ti_sysbios_knl_Mailbox_pend__E)
                  2000d3cc    00000088     driverlib.a : pin.obj (.text:PinConfigSet)
                  2000d454    00000088     rtsv7M4_T_le_eabi.lib : vsnprintf.obj (.text)
                  2000d4dc    00000088     simplelink.a : socket.obj (.text:sl_Bind)
                  2000d564    00000004     --HOLE-- [fill = 0]
                  2000d568    00000088     sysbios.aem4 : BIOS.obj (.text:ti_sysbios_family_arm_m3_Hwi_initNVIC__E)
                  2000d5f0    00000088                  : BIOS.obj (.text:ti_sysbios_knl_Mailbox_Module_startup__E)
                  2000d678    00000086     rtsv7M4_T_le_eabi.lib : fd_cmp_t2.obj (.text:__aeabi_cdcmple)
                  2000d6fe    00000086                           : fd_cmp_t2.obj (.text:__aeabi_cdrcmple)
                  2000d784    00000084     simplelink.a : cc_pal.obj (.text:NwpPowerOnPreamble)
                  2000d808    00000084     sysbios.aem4 : BIOS.obj (.text:ti_sysbios_family_arm_m3_Hwi_postInit__I)
                  2000d88c    00000080     simplelink.a : driver.obj (.text:_SlDrvCmdOp)
                  2000d90c    00000080                  : cc_pal.obj (.text:spi_Read_CPU)
                  2000d98c    00000080                  : cc_pal.obj (.text:spi_Write_CPU)
                  2000da0c    0000007c                  : device.obj (.text:_sl_HandleAsync_InitComplete)
                  2000da88    0000007c     sysbios.aem4 : BIOS.obj (.text:ti_sysbios_family_arm_m3_TimestampProvider_get64__E)
                  2000db04    0000007a     rtsv7M4_T_le_eabi.lib : memset_t2.obj (.text)
                  2000db7e    00000002     --HOLE-- [fill = 0]
                  2000db80    00000078     simplelink.a : socket.obj (.text:_sl_HandleAsync_Connect)
                  2000dbf8    00000078                  : cc_pal.obj (.text:spi_Close)
                  2000dc70    00000076     driverlib.a : uart.obj (.text:UARTConfigSetExpClk)
                  2000dce6    00000002     --HOLE-- [fill = 0]
                  2000dce8    00000074     simplelink.a : socket.obj (.text:sl_Recv)
                  2000dd5c    00000074     ti.targets.arm.rtsarm.aem4 : LoggerBuf.oem4 (.text:xdc_runtime_LoggerBuf_getFilterLevel__E)
                  2000ddd0    00000070     sysbios.aem4 : BIOS.obj (.text:ti_sysbios_knl_Mailbox_Instance_finalize__E)
                  2000de40    0000006d     ti.targets.arm.rtsarm.aem4 : System.oem4 (.text:xdc_runtime_System_formatNum__I)
                  2000dead    00000003     --HOLE-- [fill = 0]
                  2000deb0    0000006c     simplelink.a : driver.obj (.text:_SlDrvCmdSend)
                  2000df1c    00000004     --HOLE-- [fill = 0]
                  2000df20    0000006c     sysbios.aem4 : BIOS.obj (.text:ti_sysbios_knl_Swi_restoreHwi__E)
                  2000df8c    0000006c     ti.targets.arm.rtsarm.aem4 : Error.oem4 (.text:xdc_runtime_Error_print__E)
                  2000dff8    0000006c                                : Memory.oem4 (.text:xdc_runtime_Memory_alloc__E)
                  2000e064    0000006a     rtsv7M4_T_le_eabi.lib : copy_decompress_rle.obj (.text)
                  2000e0ce    00000002     --HOLE-- [fill = 0]
                  2000e0d0    00000068     simplelink.a : netapp.obj (.text:_sl_NetAppSendTokenValue)
                  2000e138    00000068     rtsv7M4_T_le_eabi.lib : trgmsg.obj (.text)
                  2000e1a0    00000068     simplelink.a : netcfg.obj (.text:sl_NetCfgSet)
                  2000e208    00000068                  : wlan.obj (.text:sl_WlanSet)
                  2000e270    00000066     rtsv7M4_T_le_eabi.lib : xdunscal.obj (.text)
                  2000e2d6    00000066     ti.targets.arm.rtsarm.aem4 : Core-mem.oem4 (.text:xdc_runtime_Core_deleteObject__I)
                  2000e33c    00000064     pinmux.obj (.text)
                  2000e3a0    00000064     app_pem4.oem4 (.text:ti_sysbios_family_arm_m3_Hwi_create)
                  2000e404    00000064     app_pem4.oem4 (.text:ti_sysbios_knl_Mailbox_create)
                  2000e468    00000064     driverlib.a : udma.obj (.text:uDMAChannelAttributeDisable)
                  2000e4cc    00000064                 : udma.obj (.text:uDMAChannelAttributeEnable)
                  2000e530    00000060     simplelink.a : socket.obj (.text:_sl_HandleAsync_Accept)
                  2000e590    00000060                  : wlan.obj (.text:sl_WlanPolicySet)
                  2000e5f0    00000060     sysbios.aem4 : BIOS.obj (.text:ti_sysbios_knl_Clock_logTick__E)
                  2000e650    0000005c     simplelink.a : socket.obj (.text:sl_Socket)
                  2000e6ac    00000004     --HOLE-- [fill = 0]
                  2000e6b0    0000005c     sysbios.aem4 : BIOS.obj (.text:ti_sysbios_knl_Swi_schedule__I)
                  2000e70c    0000005c     app_pem4.oem4 (.text:ti_sysbios_knl_Task_create)
                  2000e768    0000005c     app_pem4.oem4 (.text:xdc_runtime_LoggerBuf_Object__create__S)
                  2000e7c4    0000005b     ti.targets.arm.rtsarm.aem4 : Text.oem4 (.text:xdc_runtime_Text_putLab__E)
                  2000e81f    00000001     --HOLE-- [fill = 0]
                  2000e820    00000058     driverlib.a : interrupt.obj (.text:IntPendClear)
                  2000e878    00000058                 : prcm.obj (.text:PRCMPeripheralReset)
                  2000e8d0    00000058     sysbios.aem4 : BIOS.obj (.text:ti_sysbios_family_arm_m3_Timer_setPeriod__E)
                  2000e928    00000056     rtsv7M4_T_le_eabi.lib : ltoa.obj (.text)
                  2000e97e    00000002     --HOLE-- [fill = 0]
                  2000e980    00000054     simplelink.a : socket.obj (.text:_sl_HandleAsync_Select)
                  2000e9d4    00000054                  : wlan.obj (.text:sl_WlanRxFilterSet)
                  2000ea28    00000054     sysbios.aem4 : BIOS.obj (.text:ti_sysbios_family_arm_m3_Timer_start__E)
                  2000ea7c    00000054     ti.targets.arm.rtsarm.aem4 : Assert.oem4 (.text:xdc_runtime_Assert_raise__I)
                  2000ead0    00000050     simplelink.a : device.obj (.text:_sl_HandleAsync_Stop)
                  2000eb20    00000050     ti.targets.arm.rtsarm.aem4 : Startup.oem4 (.text:xdc_runtime_Startup_exec__E)
                  2000eb70    00000050                                : Text.oem4 (.text:xdc_runtime_Text_visitRope2__I)
                  2000ebc0    0000004c     driverlib.a : spi.obj (.text:SPIIntEnable)
                  2000ec0c    0000004c     simplelink.a : driver.obj (.text:_SlDrvProtectAsyncRespSetting)
                  2000ec58    0000004c                  : driver.obj (.text:_SlDrvRxIrqHandler)
                  2000eca4    0000004c                  : socket.obj (.text:_sl_BuildAddress)
                  2000ecf0    0000004c     rtsv7M4_T_le_eabi.lib : atoi.obj (.text)
                  2000ed3c    0000004c                           : cpy_tbl.obj (.text)
                  2000ed88    0000004c     sysbios.aem4 : m3_TaskSupport_asm.obj (.text:ti_sysbios_family_arm_m3_TaskSupport_buildTaskStack)
                  2000edd4    00000004     --HOLE-- [fill = 0]
                  2000edd8    0000004c                  : BIOS.obj (.text:ti_sysbios_heaps_HeapMem_getStats__E)
                  2000ee24    00000004     --HOLE-- [fill = 0]
                  2000ee28    0000004c                  : BIOS.obj (.text:ti_sysbios_knl_Swi_runLoop__I)
                  2000ee74    00000004     --HOLE-- [fill = 0]
                  2000ee78    0000004c                  : BIOS.obj (.text:ti_sysbios_knl_Task_allBlockedFunction__I)
                  2000eec4    0000004c     driverlib.a : udma.obj (.text:uDMAChannelAssign)
                  2000ef10    00000048                 : spi.obj (.text:SPIIntClear)
                  2000ef58    00000048     simplelink.a : driver.obj (.text:_SlDrvBasicCmd)
                  2000efa0    00000048     rtsv7M4_T_le_eabi.lib : fd_toi_t2.obj (.text)
                  2000efe8    00000048     sysbios.aem4 : BIOS.obj (.text:ti_sysbios_family_arm_m3_Hwi_disableInterrupt__E)
                  2000f030    00000048                  : BIOS.obj (.text:ti_sysbios_family_arm_m3_Hwi_enableInterrupt__E)
                  2000f078    00000048                  : BIOS.obj (.text:ti_sysbios_family_arm_m3_Hwi_excReserved__I)
                  2000f0c0    00000048                  : m3_Hwi_asm_switch.obj (.text:ti_sysbios_family_arm_m3_Hwi_initStacks__E)
                  2000f108    00000048                  : BIOS.obj (.text:ti_sysbios_family_arm_m3_Timer_initDevice__I)
                  2000f150    00000046     rtsv7M4_T_le_eabi.lib : ldexp.obj (.text)
                  2000f196    00000046     ti.targets.arm.rtsarm.aem4 : Core-params.oem4 (.text:xdc_runtime_Core_assignParams__I)
                  2000f1dc    00000044     driverlib.a : spi.obj (.text:SPIDmaMaskGet)
                  2000f220    00000044     boot.aem4 : boot.oem4 (.text)
                  2000f264    00000044     simplelink.a : cc_pal.obj (.text:cc_SetupTransfer)
                  2000f2a8    00000044     rtsv7M4_T_le_eabi.lib : exit.obj (.text)
                  2000f2ec    00000004     --HOLE-- [fill = 0]
                  2000f2f0    00000044     sysbios.aem4 : BIOS.obj (.text:ti_sysbios_family_arm_m3_Hwi_getStackInfo__E)
                  2000f334    00000004     --HOLE-- [fill = 0]
                  2000f338    00000044                  : BIOS.obj (.text:ti_sysbios_knl_Mailbox_postInit__I)
                  2000f37c    00000044     ti.targets.arm.rtsarm.aem4 : Error.oem4 (.text:xdc_runtime_Error_setX__E)
                  2000f3c0    00000044                                : LoggerBuf.oem4 (.text:xdc_runtime_LoggerBuf_filterOutEvent__I)
                  2000f404    00000044                                : SysMin.oem4 (.text:xdc_runtime_SysMin_flush__E)
                  2000f448    00000044                                : Text.oem4 (.text:xdc_runtime_Text_xprintf__I)
                  2000f48c    00000042     rtsv7M4_T_le_eabi.lib : u_divt2.obj (.text)
                  2000f4ce    00000002     --HOLE-- [fill = 0]
                  2000f4d0    00000040     driverlib.a : pin.obj (.text:PinModeSet)
                  2000f510    00000040     rtsv7M4_T_le_eabi.lib : signal.obj (.text)
                  2000f550    00000040     sysbios.aem4 : BIOS.obj (.text:ti_sysbios_family_arm_m3_Timer_Module_startup__E)
                  2000f590    0000003e     app_pem4.oem4 (.text:realloc)
                  2000f5ce    0000003c     simplelink.a : netapp.obj (.text:CopyPingResultsToReport)
                  2000f60a    00000002     --HOLE-- [fill = 0]
                  2000f60c    0000003c     driverlib.a : prcm.obj (.text:PRCMPeripheralClkEnable)
                  2000f648    0000003c     simplelink.a : socket.obj (.text:sl_Htons)
                  2000f684    0000003c                  : socket.obj (.text:sl_Listen)
                  2000f6c0    0000003c     sysbios.aem4 : BIOS.obj (.text:ti_sysbios_family_arm_m3_Hwi_excSvCall__I)
                  2000f6fc    00000004     --HOLE-- [fill = 0]
                  2000f700    0000003c                  : BIOS.obj (.text:ti_sysbios_heaps_HeapMem_init__I)
                  2000f73c    00000004     --HOLE-- [fill = 0]
                  2000f740    0000003c                  : BIOS.obj (.text:ti_sysbios_knl_Swi_startup__E)
                  2000f77c    0000003c     driverlib.a : udma.obj (.text:uDMAChannelControlSet)
                  2000f7b8    0000003a     ti.targets.arm.rtsarm.aem4 : LoggerBuf.oem4 (.text:xdc_runtime_LoggerBuf_Instance_init__E)
                  2000f7f2    00000002     --HOLE-- [fill = 0]
                  2000f7f4    00000038     simplelink.a : cc_pal.obj (.text:NwpPowerOff)
                  2000f82c    00000004     --HOLE-- [fill = 0]
                  2000f830    00000038     sysbios.aem4 : BIOS.obj (.text:ti_sysbios_family_arm_m3_Hwi_excNoIsr__I)
                  2000f868    00000038                  : BIOS.obj (.text:ti_sysbios_knl_Task_processVitalTaskFlag__I)
                  2000f8a0    00000038     ti.targets.arm.rtsarm.aem4 : SysMin.oem4 (.text:xdc_runtime_SysMin_putch__E)
                  2000f8d8    00000038                                : System.oem4 (.text:xdc_runtime_System_atexit__E)
                  2000f910    00000036     driverlib.a : gpio.obj (.text:GPIODirModeSet)
                  2000f946    00000036     simplelink.a : netapp.obj (.text:sl_NetAppMDNSUnRegisterService)
                  2000f97c    00000034     driverlib.a : prcm.obj (.text:PRCMPeripheralStatusGet)
                  2000f9b0    00000034                 : spi.obj (.text:SPIFIFOLevelSet)
                  2000f9e4    00000034     rtsv7M4_T_le_eabi.lib : feraiseexcept.obj (.text)
                  2000fa18    00000034     sysbios.aem4 : BIOS.obj (.text:ti_sysbios_family_arm_m3_Hwi_Instance_finalize__E)
                  2000fa4c    00000004     --HOLE-- [fill = 0]
                  2000fa50    00000034                  : BIOS.obj (.text:ti_sysbios_family_arm_m3_Hwi_excNmi__I)
                  2000fa84    00000004     --HOLE-- [fill = 0]
                  2000fa88    00000034                  : BIOS.obj (.text:ti_sysbios_family_arm_m3_Timer_periodicStub__I)
                  2000fabc    00000004     --HOLE-- [fill = 0]
                  2000fac0    00000034                  : BIOS.obj (.text:ti_sysbios_hal_Hwi_checkStack)
                  2000faf4    00000034     app_pem4.oem4 (.text:ti_sysbios_knl_Semaphore_create)
                  2000fb28    00000034     ti.targets.arm.rtsarm.aem4 : Core-label.oem4 (.text:xdc_runtime_Core_assignLabel__I)
                  2000fb5c    00000033                                : Text.oem4 (.text:xdc_runtime_Text_printVisFxn__I)
                  2000fb8f    00000001     --HOLE-- [fill = 0]
                  2000fb90    00000032     sysbios.aem4 : BIOS.obj (.text:ti_sysbios_hal_Hwi_initStack)
                  2000fbc2    00000006     ti.targets.arm.rtsarm.aem4 : xdc_noinit.oem4 (.text:__xdc__init)
                  2000fbc8    00000032     sysbios.aem4 : BIOS.obj (.text:ti_sysbios_knl_Semaphore_pendTimeout__I)
                  2000fbfa    00000030     driverlib.a : pin.obj (.text:PinTypeGPIO)
                  2000fc2a    00000002     --HOLE-- [fill = 0]
                  2000fc2c    00000030                 : uart.obj (.text:UARTDisable)
                  2000fc5c    00000030     simplelink.a : device.obj (.text:_SlDrvDeviceEventHandler)
                  2000fc8c    00000030     rtsv7M4_T_le_eabi.lib : xferaise.obj (.text)
                  2000fcbc    00000030     simplelink.a : wlan.obj (.text:sl_WlanProfileDel)
                  2000fcec    00000030                  : wlan.obj (.text:sl_WlanSetMode)
                  2000fd1c    00000030     app_pem4.oem4 (.text:ti_sysbios_BIOS_atExitFunc__I)
                  2000fd4c    00000004     --HOLE-- [fill = 0]
                  2000fd50    00000030     sysbios.aem4 : BIOS.obj (.text:ti_sysbios_family_arm_m3_TaskSupport_start__E)
                  2000fd80    00000030     app_pem4.oem4 (.text:ti_sysbios_gates_GateHwi_Object__create__S)
                  2000fdb0    00000030     app_pem4.oem4 (.text:ti_sysbios_gates_GateMutex_Object__create__S)
                  2000fde0    00000030     app_pem4.oem4 (.text:ti_sysbios_heaps_HeapMem_Object__create__S)
                  2000fe10    00000030     app_pem4.oem4 (.text:ti_sysbios_knl_Semaphore_construct)
                  2000fe40    00000030     ti.targets.arm.rtsarm.aem4 : SysMin.oem4 (.text:xdc_runtime_SysMin_abort__E)
                  2000fe70    00000030                                : System.oem4 (.text:xdc_runtime_System_processAtExit__E)
                  2000fea0    0000002e     app_pem4.oem4 (.text:malloc)
                  2000fece    0000002e     rtsv7M4_T_le_eabi.lib : i_tofd_t2.obj (.text)
                  2000fefc    0000002e                           : raise.obj (.text)
                  2000ff2a    00000002     --HOLE-- [fill = 0]
                  2000ff2c    0000002c     simplelink.a : cc_pal.obj (.text:DmaSpiSwIntHandler)
                  2000ff58    0000002c                  : cc_pal.obj (.text:NwpPowerOn)
                  2000ff84    0000002c     driverlib.a : prcm.obj (.text:PRCMSysResetCauseGet)
                  2000ffb0    0000002c     app_pem4.oem4 (.text:ti_sysbios_knl_Clock_doTick__I)
                  2000ffdc    0000002c     app_pem4.oem4 (.text:ti_sysbios_knl_Queue_construct)
                  20010008    0000002c     sysbios.aem4 : BIOS.obj (.text:ti_sysbios_knl_Task_restore__E)
                  20010034    0000002c     ti.targets.arm.rtsarm.aem4 : Text.oem4 (.text:xdc_runtime_Text_cordText__E)
                  20010060    0000002a     rtsv7M4_T_le_eabi.lib : xdclass.obj (.text)
                  2001008a    0000002a     ti.targets.arm.rtsarm.aem4 : System.oem4 (.text:xdc_runtime_System_putchar__I)
                  200100b4    00000028     driverlib.a : prcm.obj (.text:PRCMPeripheralClkDisable)
                  200100dc    00000004     --HOLE-- [fill = 0]
                  200100e0    00000028     sysbios.aem4 : BIOS.obj (.text:ti_sysbios_knl_Swi_Module_startup__E)
                  20010108    00000028     ti.targets.arm.rtsarm.aem4 : LoggerBuf.oem4 (.text:xdc_runtime_LoggerBuf_Module_startup__E)
                  20010130    00000026     simplelink.a : cc_pal.obj (.text:NwpRegisterInterruptHandler)
                  20010156    00000026     ti.targets.arm.rtsarm.aem4 : System.oem4 (.text:xdc_runtime_System_avprintf__E)
                  2001017c    00000024     driverlib.a : uart.obj (.text:UARTEnable)
                  200101a0    00000024     simplelink.a : driver.obj (.text:_SlDrvProtectionObjLockWaitForever)
                  200101c4    00000024     rtsv7M4_T_le_eabi.lib : memmov.obj (.text)
                  200101e8    00000024     app_pem4.oem4 (.text:ti_sysbios_BIOS_errorRaiseHook__I)
                  2001020c    00000024     app_pem4.oem4 (.text:ti_sysbios_BIOS_registerRTSLock__I)
                  20010230    00000024     app_pem4.oem4 (.text:ti_sysbios_BIOS_removeRTSLock__I)
                  20010254    00000024     app_pem4.oem4 (.text:ti_sysbios_BIOS_startFunc__I)
                  20010278    00000024     sysbios.aem4 : BIOS.obj (.text:ti_sysbios_family_arm_m3_Hwi_doTaskRestore__I)
                  2001029c    00000004     --HOLE-- [fill = 0]
                  200102a0    00000024                  : BIOS.obj (.text:ti_sysbios_family_arm_m3_Timer_startup__E)
                  200102c4    00000024     app_pem4.oem4 (.text:ti_sysbios_gates_GateMutex_Object__delete__S)
                  200102e8    00000024     sysbios.aem4 : BIOS.obj (.text:ti_sysbios_knl_Clock_Module_startup__E)
                  2001030c    00000024     app_pem4.oem4 (.text:ti_sysbios_knl_Semaphore_Object__delete__S)
                  20010330    00000024     ti.targets.arm.rtsarm.aem4 : System.oem4 (.text:xdc_runtime_System_vprintf__E)
                  20010354    00000022     driverlib.a : spi.obj (.text:SPIReset)
                  20010376    00000022                 : spi.obj (.text:SPIWordCountSet)
                  20010398    00000022     rtsv7M4_T_le_eabi.lib : frexp.obj (.text)
                  200103ba    00000022     app_pem4.oem4 (.text:xdc_runtime_SysMin_output__I)
                  200103dc    00000020     driverlib.a : gpio.obj (.text:GPIOPinWrite)
                  200103fc    00000020     simplelink.a : driver.obj (.text:_SlDrvProtectionObjUnLock)
                  2001041c    00000020     app_pem4.oem4 (.text:ti_sysbios_BIOS_rtsLock__I)
                  2001043c    00000020     app_pem4.oem4 (.text:ti_sysbios_family_arm_m3_Hwi_Object__delete__S)
                  2001045c    00000020     sysbios.aem4 : m3_Hwi_asm.obj (.text:ti_sysbios_family_arm_m3_Hwi_excHandlerAsm__I)
                  2001047c    00000004     --HOLE-- [fill = 0]
                  20010480    00000020                  : BIOS.obj (.text:ti_sysbios_family_arm_m3_Hwi_excHandler__I)
                  200104a0    00000020                  : BIOS.obj (.text:ti_sysbios_family_arm_m3_TimestampProvider_Module_startup__E)
                  200104c0    00000020     app_pem4.oem4 (.text:ti_sysbios_gates_GateHwi_Object__delete__S)
                  200104e0    00000020     app_pem4.oem4 (.text:ti_sysbios_heaps_HeapMem_Object__delete__S)
                  20010500    00000020     sysbios.aem4 : BIOS.obj (.text:ti_sysbios_knl_Idle_run__E)
                  20010520    00000020     app_pem4.oem4 (.text:ti_sysbios_knl_Mailbox_Object__delete__S)
                  20010540    00000020     app_pem4.oem4 (.text:ti_sysbios_knl_Semaphore_Object__destruct__S)
                  20010560    00000020     app_pem4.oem4 (.text:ti_sysbios_knl_Task_Object__delete__S)
                  20010580    00000020     app_pem4.oem4 (.text:xdc_runtime_LoggerBuf_Object__delete__S)
                  200105a0    00000020     ti.targets.arm.rtsarm.aem4 : LoggerBuf.oem4 (.text:xdc_runtime_LoggerBuf_reset__E)
                  200105c0    00000020                                : Registry.oem4 (.text:xdc_runtime_Registry_findById__E)
                  200105e0    00000020                                : SysMin.oem4 (.text:xdc_runtime_SysMin_Module_startup__E)
                  20010600    0000001e     driverlib.a : uart.obj (.text:UARTCharPut)
                  2001061e    0000001e     simplelink.a : cc_pal.obj (.text:cc_UDMAChannelSelect)
                  2001063c    0000001e     sysbios.aem4 : m3_Hwi_asm_switch.obj (.text:ti_sysbios_family_xxx_Hwi_switchAndRunFunc)
                  2001065a    0000001c     driverlib.a : uart.obj (.text:UARTCharGetNonBlocking)
                  20010676    0000001c     simplelink.a : driver.obj (.text:_SlDrvObjLockWaitForever)
                  20010692    0000001c                  : driver.obj (.text:_SlDrvSyncObjWaitForever)
                  200106ae    0000001c     rtsv7M4_T_le_eabi.lib : memccpy.obj (.text)
                  200106ca    00000006                           : copy_decompress_rle.obj (.text:decompress:rle24)
                  200106d0    0000001c     sysbios.aem4 : BIOS.obj (.text:ti_sysbios_family_arm_m3_Hwi_setPriority__E)
                  200106ec    00000004     --HOLE-- [fill = 0]
                  200106f0    0000001c                  : BIOS.obj (.text:ti_sysbios_gates_GateMutex_Instance_init__E)
                  2001070c    0000001c     app_pem4.oem4 (.text:ti_sysbios_knl_Queue_Object__destruct__S)
                  20010728    0000001c     sysbios.aem4 : BIOS.obj (.text:ti_sysbios_knl_Task_enter__I)
                  20010744    0000001c     driverlib.a : udma.obj (.text:uDMAChannelEnable)
                  20010760    0000001c     ti.targets.arm.rtsarm.aem4 : Error.oem4 (.text:xdc_runtime_Error_raiseX__E)
                  2001077c    0000001c                                : Memory.oem4 (.text:xdc_runtime_Memory_valloc__E)
                  20010798    0000001c                                : SysMin.oem4 (.text:xdc_runtime_SysMin_exit__E)
                  200107b4    0000001c                                : System.oem4 (.text:xdc_runtime_System_abort__E)
                  200107d0    0000001a     driverlib.a : pin.obj (.text:PinTypeUART)
                  200107ea    0000001a                 : spi.obj (.text:SPIDmaDisable)
                  20010804    0000001a                 : spi.obj (.text:SPIDmaEnable)
                  2001081e    0000001a                 : spi.obj (.text:SPIFIFODisable)
                  20010838    0000001a                 : spi.obj (.text:SPIFIFOEnable)
                  20010852    0000001a     app_pem4.oem4 (.text:ti_sysbios_family_arm_m3_Hwi_Handle__label__S)
                  2001086c    0000001a     sysbios.aem4 : m3_Hwi_asm.obj (.text:ti_sysbios_family_arm_m3_Hwi_pendSV__I)
                  20010886    0000001a     app_pem4.oem4 (.text:ti_sysbios_gates_GateHwi_Handle__label__S)
                  200108a0    0000001a     app_pem4.oem4 (.text:ti_sysbios_gates_GateMutex_Handle__label__S)
                  200108ba    0000001a     app_pem4.oem4 (.text:ti_sysbios_heaps_HeapMem_Handle__label__S)
                  200108d4    0000001a     app_pem4.oem4 (.text:ti_sysbios_knl_Swi_Handle__label__S)
                  200108ee    0000001a     app_pem4.oem4 (.text:ti_sysbios_knl_Task_Handle__label__S)
                  20010908    0000001a     sysbios.aem4 : BIOS.obj (.text:ti_sysbios_knl_Task_sleepTimeout__I)
                  20010922    0000001a     app_pem4.oem4 (.text:xdc_runtime_LoggerBuf_Handle__label__S)
                  2001093c    0000001a     app_pem4.oem4 (.text:xdc_runtime_System_aprintf__E)
                  20010956    0000001a     app_pem4.oem4 (.text:xdc_runtime_System_printf__E)
                  20010970    00000018     driverlib.a : spi.obj (.text:SPICSDisable)
                  20010988    00000018                 : spi.obj (.text:SPICSEnable)
                  200109a0    00000018                 : spi.obj (.text:SPIDisable)
                  200109b8    00000018                 : spi.obj (.text:SPIEnable)
                  200109d0    00000018                 : uart.obj (.text:UARTCharsAvail)
                  200109e8    00000018     simplelink.a : driver.obj (.text:_SlDrvObjUnLock)
                  20010a00    00000018                  : driver.obj (.text:_SlDrvSyncObjSignal)
                  20010a18    00000018                  : device.obj (.text:_sl_GetStartResponseConvert)
                  20010a30    00000018     app_pem4.oem4 (.text:free)
                  20010a48    00000018     rtsv7M4_T_le_eabi.lib : args_main.obj (.text)
                  20010a60    00000018     app_pem4.oem4 (.text:ti_sysbios_BIOS_rtsUnlock__I)
                  20010a78    00000018     app_pem4.oem4 (.text:ti_sysbios_family_arm_m3_Hwi_Module__startupDone__F)
                  20010a90    00000018     app_pem4.oem4 (.text:ti_sysbios_family_arm_m3_Timer_Module__startupDone__F)
                  20010aa8    00000018     sysbios.aem4 : BIOS.obj (.text:ti_sysbios_gates_GateMutex_leave__E)
                  20010ac0    00000018     ti.targets.arm.rtsarm.aem4 : Error.oem4 (.text:xdc_runtime_Error_check__E)
                  20010ad8    00000018                                : System.oem4 (.text:xdc_runtime_System_exit__E)
                  20010af0    00000018                                : Text.oem4 (.text:xdc_runtime_Text_ropeText__E)
                  20010b08    00000016     driverlib.a : prcm.obj (.text:PRCMHIBRegRead)
                  20010b1e    00000016                 : prcm.obj (.text:PRCMHIBRegWrite)
                  20010b34    00000016     simplelink.a : driver.obj (.text:_SlDrvMemZero)
                  20010b4a    00000016     rtsv7M4_T_le_eabi.lib : strchr.obj (.text)
                  20010b60    00000016     app_pem4.oem4 (.text:ti_sysbios_BIOS_exitFunc__I)
                  20010b76    00000014     driverlib.a : cpu.obj (.text:CPUcpsie)
                  20010b8a    00000002     --HOLE-- [fill = 0]
                  20010b8c    00000014     rtsv7M4_T_le_eabi.lib : _lock.obj (.text)
                  20010ba0    00000014                           : strcpy.obj (.text)
                  20010bb4    00000014                           : strlen.obj (.text)
                  20010bc8    00000014     app_pem4.oem4 (.text:ti_sysbios_family_arm_m3_Hwi_Object__get__S)
                  20010bdc    00000004     --HOLE-- [fill = 0]
                  20010be0    00000014     sysbios.aem4 : BIOS.obj (.text:ti_sysbios_family_arm_m3_Hwi_switchFromBootStack__E)
                  20010bf4    00000014     app_pem4.oem4 (.text:ti_sysbios_heaps_HeapMem_Object__get__S)
                  20010c08    00000014     app_pem4.oem4 (.text:ti_sysbios_knl_Swi_Object__get__S)
                  20010c1c    00000014     app_pem4.oem4 (.text:xdc_runtime_LoggerBuf_Object__get__S)
                  20010c30    00000012     sysbios.aem4 : BIOS.obj (.text:ti_sysbios_hal_Hwi_Module_startup__E)
                  20010c42    00000006     ti.targets.arm.rtsarm.aem4 : System.oem4 (.text:xdc_runtime_System_Module_startup__E)
                  20010c48    00000012     sysbios.aem4 : BIOS.obj (.text:ti_sysbios_hal_Timer_Module_startup__E)
                  20010c5a    00000012     ti.targets.arm.rtsarm.aem4 : LoggerBuf.oem4 (.text:xdc_runtime_LoggerBuf_Instance_finalize__E)
                  20010c6c    00000012                                : LoggerBuf.oem4 (.text:xdc_runtime_LoggerBuf_write1__E)
                  20010c7e    00000012                                : LoggerBuf.oem4 (.text:xdc_runtime_LoggerBuf_write2__E)
                  20010c90    00000012     app_pem4.oem4 (.text:xdc_runtime_Startup_exec__I)
                  20010ca2    00000006     --HOLE-- [fill = 0]
                  20010ca8    00000010     sysbios.aem4 : BIOS.obj (.text:ti_sysbios_BIOS_setThreadType__E)
                  20010cb8    00000010                  : BIOS.obj (.text:ti_sysbios_BIOS_start__E)
                  20010cc8    00000010                  : BIOS.obj (.text:ti_sysbios_family_arm_m3_Hwi_getHandle__E)
                  20010cd8    00000010                  : m3_TaskSupport_asm.obj (.text:ti_sysbios_family_arm_m3_TaskSupport_glue)
                  20010ce8    00000010                  : m3_TaskSupport_asm.obj (.text:ti_sysbios_family_arm_m3_TaskSupport_swap__E)
                  20010cf8    00000010                  : BIOS.obj (.text:ti_sysbios_gates_GateMutex_Instance_finalize__E)
                  20010d08    00000010     app_pem4.oem4 (.text:ti_sysbios_knl_Mailbox_Object__get__S)
                  20010d18    00000010     sysbios.aem4 : BIOS.obj (.text:ti_sysbios_knl_Semaphore_Instance_finalize__E)
                  20010d28    00000010                  : BIOS.obj (.text:ti_sysbios_knl_Swi_disable__E)
                  20010d38    00000010     app_pem4.oem4 (.text:ti_sysbios_knl_Task_Object__get__S)
                  20010d48    00000010     sysbios.aem4 : BIOS.obj (.text:ti_sysbios_knl_Task_disable__E)
                  20010d58    00000010     ti.targets.arm.rtsarm.aem4 : Gate.oem4 (.text:xdc_runtime_Gate_leaveSystem__E)
                  20010d68    00000010                                : LoggerBuf.oem4 (.text:xdc_runtime_LoggerBuf_write0__E)
                  20010d78    00000010                                : Memory.oem4 (.text:xdc_runtime_Memory_free__E)
                  20010d88    00000010                                : SysMin.oem4 (.text:xdc_runtime_SysMin_ready__E)
                  20010d98    00000010                                : System.oem4 (.text:xdc_runtime_System_vsnprintf__E)
                  20010da8    00000010     app_pem4.oem4 (.text:xdc_runtime_Text_visitRope__I)
                  20010db8    0000000e     simplelink.a : driver.obj (.text:_SlDrvResetCmdExt)
                  20010dc6    0000000e     rtsv7M4_T_le_eabi.lib : copy_decompress_none.obj (.text:decompress:none)
                  20010dd4    00000004     --HOLE-- [fill = 0]
                  20010dd8    0000000e     sysbios.aem4 : BIOS.obj (.text:ti_sysbios_knl_Idle_loop__E)
                  20010de6    00000002     --HOLE-- [fill = 0]
                  20010de8    0000000e                  : BIOS.obj (.text:ti_sysbios_knl_Queue_empty__E)
                  20010df6    00000002     --HOLE-- [fill = 0]
                  20010df8    0000000c     simplelink.a : cc_pal.obj (.text:NwpMaskInterrupt)
                  20010e04    0000000c                  : cc_pal.obj (.text:NwpUnMaskInterrupt)
                  20010e10    0000000c     rtsv7M4_T_le_eabi.lib : copy_zero_init.obj (.text:decompress:ZI)
                  20010e1c    0000000c     simplelink.a : wlan.obj (.text:sl_WlanDisconnect)
                  20010e28    0000000c     app_pem4.oem4 (.text:ti_sysbios_family_arm_m3_Hwi_Params__init__S)
                  20010e34    00000004     --HOLE-- [fill = 0]
                  20010e38    0000000c     sysbios.aem4 : BIOS.obj (.text:ti_sysbios_family_arm_m3_Hwi_disableFxn__E)
                  20010e44    00000004     --HOLE-- [fill = 0]
                  20010e48    0000000c                  : BIOS.obj (.text:ti_sysbios_family_arm_m3_TaskSupport_checkStack__E)
                  20010e54    00000004     --HOLE-- [fill = 0]
                  20010e58    0000000c                  : BIOS.obj (.text:ti_sysbios_family_arm_m3_TaskSupport_getStackAlignment__E)
                  20010e64    00000004     --HOLE-- [fill = 0]
                  20010e68    0000000c                  : BIOS.obj (.text:ti_sysbios_gates_GateHwi_enter__E)
                  20010e74    0000000c     app_pem4.oem4 (.text:ti_sysbios_knl_Queue_Object__get__S)
                  20010e80    0000000c     app_pem4.oem4 (.text:ti_sysbios_knl_Semaphore_Params__init__S)
                  20010e8c    0000000c     app_pem4.oem4 (.text:ti_sysbios_knl_Task_Params__init__S)
                  20010e98    0000000c     ti.targets.arm.rtsarm.aem4 : Error.oem4 (.text:xdc_runtime_Error_init__E)
                  20010ea4    0000000c                                : Gate.oem4 (.text:xdc_runtime_Gate_enterSystem__E)
                  20010eb0    0000000c                                : Memory.oem4 (.text:xdc_runtime_Memory_calloc__E)
                  20010ebc    0000000c                                : Memory.oem4 (.text:xdc_runtime_Memory_getMaxDefaultTypeAlign__E)
                  20010ec8    0000000a     driverlib.a : interrupt.obj (.text:IntMasterEnable)
                  20010ed2    0000000a     app_pem4.oem4 (.text:xdc_runtime_IHeap_alloc)
                  20010edc    0000000a     app_pem4.oem4 (.text:xdc_runtime_IHeap_free)
                  20010ee6    0000000a     ti.targets.arm.rtsarm.aem4 : LoggerBuf.oem4 (.text:xdc_runtime_LoggerBuf_disable__E)
                  20010ef0    0000000a                                : LoggerBuf.oem4 (.text:xdc_runtime_LoggerBuf_enable__E)
                  20010efa    00000006     --HOLE-- [fill = 0]
                  20010f00    00000008     sysbios.aem4 : BIOS.obj (.text:ti_sysbios_family_arm_m3_Hwi_doSwiRestore__I)
                  20010f08    00000008                  : BIOS.obj (.text:ti_sysbios_family_arm_m3_Hwi_startup__E)
                  20010f10    00000006                  : BIOS.obj (.text:ti_sysbios_family_arm_m3_Hwi_restoreFxn__E)
                  20010f16    00000002     --HOLE-- [fill = 0]
                  20010f18    00000006                  : BIOS.obj (.text:ti_sysbios_gates_GateHwi_leave__E)
                  20010f1e    00000002     --HOLE-- [fill = 0]
                  20010f20    00000006                  : BIOS.obj (.text:ti_sysbios_heaps_HeapMem_isBlocking__E)
                  20010f26    00000002     --HOLE-- [fill = 0]
                  20010f28    00000006                  : BIOS.obj (.text:ti_sysbios_knl_Queue_Instance_init__E)
                  20010f2e    00000002     --HOLE-- [fill = 0]
                  20010f30    00000004                  : BIOS.obj (.text:ti_sysbios_family_arm_m3_Timer_getMaxTicks__E)
                  20010f34    00000004     --HOLE-- [fill = 0]
                  20010f38    00000004                  : BIOS.obj (.text:ti_sysbios_gates_GateHwi_query__E)
                  20010f3c    00000004     --HOLE-- [fill = 0]
                  20010f40    00000004                  : BIOS.obj (.text:ti_sysbios_gates_GateMutex_query__E)
                  20010f44    00000004     --HOLE-- [fill = 0]
                  20010f48    00000004                  : BIOS.obj (.text:ti_sysbios_knl_Task_startup__E)
                  20010f4c    00000004     --HOLE-- [fill = 0]
                  20010f50    00000002                  : BIOS.obj (.text:ti_sysbios_gates_GateHwi_Instance_init__E)

.const     0    20010f54    00002556     
                  20010f54    000018cb     app_pem4.oem4 (.const:xdc_runtime_Text_charTab__A)
                  2001281f    00000101     rtsv7M4_T_le_eabi.lib : ctype.obj (.const:.string:_ctypes_)
                  20012920    00000100     driverlib.a : pin.obj (.const:g_ulPinToPadMap)
                  20012a20    000000b8     app_pem4.oem4 (.const:xdc_runtime_Text_nodeTab__A)
                  20012ad8    000000a8     driverlib.a : prcm.obj (.const:PRCM_PeriphRegsList)
                  20012b80    00000080                 : interrupt.obj (.const)
                  20012c00    00000048     app_pem4.oem4 (.const:.string)
                  20012c48    0000003c     simplelink.a : driver.obj (.const:OpcodeTranslateTable)
                  20012c84    0000003c                  : wlan.obj (.const)
                  20012cc0    0000003c     app_pem4.oem4 (.const:ti_sysbios_knl_Task_Object__PARAMS__C)
                  20012cfc    0000003c     app_pem4.oem4 (.const:xdc_runtime_LoggerBuf_Module__FXNS__C)
                  20012d38    00000038     simplelink.a : driver.obj (.const:_SlActionLookupTable)
                  20012d70    00000034                  : driver.obj (.const)
                  20012da4    00000034                  : socket.obj (.const)
                  20012dd8    00000034     app_pem4.oem4 (.const:ti_sysbios_knl_Mailbox_Object__PARAMS__C)
                  20012e0c    00000030     app_pem4.oem4 (.const:ti_sysbios_family_arm_m3_Hwi_Object__PARAMS__C)
                  20012e3c    00000030     app_pem4.oem4 (.const:xdc_runtime_Startup_sfxnTab__A)
                  20012e6c    0000002c     main.obj (.const:$P$T1$2)
                  20012e98    00000028     simplelink.a : netapp.obj (.const)
                  20012ec0    00000028     app_pem4.oem4 (.const:ti_sysbios_heaps_HeapMem_Module__FXNS__C)
                  20012ee8    00000024     main.obj (.const)
                  20012f0c    00000024     app_pem4.oem4 (.const:ti_sysbios_gates_GateHwi_Module__FXNS__C)
                  20012f30    00000024     app_pem4.oem4 (.const:ti_sysbios_gates_GateMutex_Module__FXNS__C)
                  20012f54    00000024     app_pem4.oem4 (.const:ti_sysbios_heaps_HeapMem_Object__PARAMS__C)
                  20012f78    00000024     app_pem4.oem4 (.const:ti_sysbios_knl_Semaphore_Object__PARAMS__C)
                  20012f9c    00000024     app_pem4.oem4 (.const:xdc_runtime_LoggerBuf_Object__PARAMS__C)
                  20012fc0    00000022     main.obj (.const:.string:$P$T0$1)
                  20012fe2    00000021     main.obj (.const:.string:pcSsidName)
                  20013003    00000001     app_pem4.oem4 (.const:xdc_runtime_Error_policy__C)
                  20013004    00000020     app_pem4.oem4 (.const:ti_sysbios_family_arm_m3_Hwi_Object__DESC__C)
                  20013024    00000020     app_pem4.oem4 (.const:ti_sysbios_gates_GateHwi_Object__DESC__C)
                  20013044    00000020     app_pem4.oem4 (.const:ti_sysbios_gates_GateMutex_Object__DESC__C)
                  20013064    00000020     app_pem4.oem4 (.const:ti_sysbios_heaps_HeapMem_Object__DESC__C)
                  20013084    00000020     app_pem4.oem4 (.const:ti_sysbios_knl_Mailbox_Object__DESC__C)
                  200130a4    00000020     app_pem4.oem4 (.const:ti_sysbios_knl_Queue_Object__DESC__C)
                  200130c4    00000020     app_pem4.oem4 (.const:ti_sysbios_knl_Semaphore_Object__DESC__C)
                  200130e4    00000020     app_pem4.oem4 (.const:ti_sysbios_knl_Task_Object__DESC__C)
                  20013104    00000020     app_pem4.oem4 (.const:xdc_runtime_LoggerBuf_Object__DESC__C)
                  20013124    00000018     driverlib.a : spi.obj (.const)
                  2001313c    00000018     app_pem4.oem4 (.const:ti_sysbios_gates_GateHwi_Object__PARAMS__C)
                  20013154    00000018     app_pem4.oem4 (.const:ti_sysbios_gates_GateMutex_Object__PARAMS__C)
                  2001316c    00000018     app_pem4.oem4 (.const:ti_sysbios_knl_Queue_Object__PARAMS__C)
                  20013184    00000018     app_pem4.oem4 (.const:xdc_runtime_Startup_sfxnRts__A)
                  2001319c    00000014     simplelink.a : device.obj (.const)
                  200131b0    00000013     main.obj (.const:.string)
                  200131c3    00000001     --HOLE-- [fill = 0]
                  200131c4    0000000c     app_pem4.oem4 (.const:xdc_runtime_Startup_firstFxns__A)
                  200131d0    00000008     simplelink.a : device.obj (.const:.string)
                  200131d8    00000008                  : netcfg.obj (.const)
                  200131e0    00000008     app_pem4.oem4 (.const:ti_sysbios_family_arm_m3_Hwi_excHookFuncs__A)
                  200131e8    00000008     app_pem4.oem4 (.const:ti_sysbios_knl_Idle_funcList__C)
                  200131f0    00000008     app_pem4.oem4 (.const:xdc_runtime_Startup_firstFxns__C)
                  200131f8    00000008     app_pem4.oem4 (.const:xdc_runtime_Startup_lastFxns__C)
                  20013200    00000004     app_pem4.oem4 (.const:ti_sysbios_family_arm_m3_Hwi_E_NMI__C)
                  20013204    00000004     app_pem4.oem4 (.const:ti_sysbios_family_arm_m3_Hwi_E_alreadyDefined__C)
                  20013208    00000004     app_pem4.oem4 (.const:ti_sysbios_family_arm_m3_Hwi_E_busFault__C)
                  2001320c    00000004     app_pem4.oem4 (.const:ti_sysbios_family_arm_m3_Hwi_E_debugMon__C)
                  20013210    00000004     app_pem4.oem4 (.const:ti_sysbios_family_arm_m3_Hwi_E_hardFault__C)
                  20013214    00000004     app_pem4.oem4 (.const:ti_sysbios_family_arm_m3_Hwi_E_memFault__C)
                  20013218    00000004     app_pem4.oem4 (.const:ti_sysbios_family_arm_m3_Hwi_E_noIsr__C)
                  2001321c    00000004     app_pem4.oem4 (.const:ti_sysbios_family_arm_m3_Hwi_E_reserved__C)
                  20013220    00000004     app_pem4.oem4 (.const:ti_sysbios_family_arm_m3_Hwi_E_svCall__C)
                  20013224    00000004     app_pem4.oem4 (.const:ti_sysbios_family_arm_m3_Hwi_E_usageFault__C)
                  20013228    00000004     app_pem4.oem4 (.const:ti_sysbios_family_arm_m3_Hwi_LD_end__C)
                  2001322c    00000004     app_pem4.oem4 (.const:ti_sysbios_family_arm_m3_Hwi_LM_begin__C)
                  20013230    00000004     app_pem4.oem4 (.const:ti_sysbios_family_arm_m3_Hwi_Module__diagsEnabled__C)
                  20013234    00000004     app_pem4.oem4 (.const:ti_sysbios_family_arm_m3_Hwi_Module__diagsIncluded__C)
                  20013238    00000004     app_pem4.oem4 (.const:ti_sysbios_family_arm_m3_Hwi_Module__diagsMask__C)
                  2001323c    00000004     app_pem4.oem4 (.const:ti_sysbios_family_arm_m3_Hwi_Module__loggerFxn1__C)
                  20013240    00000004     app_pem4.oem4 (.const:ti_sysbios_family_arm_m3_Hwi_Module__loggerFxn8__C)
                  20013244    00000004     app_pem4.oem4 (.const:ti_sysbios_family_arm_m3_Hwi_Module__loggerObj__C)
                  20013248    00000004     app_pem4.oem4 (.const:ti_sysbios_family_arm_m3_Hwi_NUM_INTERRUPTS__C)
                  2001324c    00000004     app_pem4.oem4 (.const:ti_sysbios_family_arm_m3_Hwi_Object__count__C)
                  20013250    00000004     app_pem4.oem4 (.const:ti_sysbios_family_arm_m3_Hwi_ccr__C)
                  20013254    00000004     app_pem4.oem4 (.const:ti_sysbios_family_arm_m3_Hwi_excHandlerFunc__C)
                  20013258    00000004     app_pem4.oem4 (.const:ti_sysbios_family_arm_m3_Hwi_excHookFuncs__C)
                  2001325c    00000004     app_pem4.oem4 (.const:ti_sysbios_family_arm_m3_Hwi_nullIsrFunc__C)
                  20013260    00000004     app_pem4.oem4 (.const:ti_sysbios_family_arm_m3_Hwi_priGroup__C)
                  20013264    00000004     app_pem4.oem4 (.const:ti_sysbios_family_arm_m3_TaskSupport_stackAlignment__C)
                  20013268    00000004     app_pem4.oem4 (.const:ti_sysbios_family_arm_m3_Timer_E_cannotSupport__C)
                  2001326c    00000004     app_pem4.oem4 (.const:ti_sysbios_family_arm_m3_Timer_startupNeeded__C)
                  20013270    00000004     app_pem4.oem4 (.const:ti_sysbios_gates_GateMutex_A_badContext__C)
                  20013274    00000004     app_pem4.oem4 (.const:ti_sysbios_gates_GateMutex_Instance_State_sem__O)
                  20013278    00000004     app_pem4.oem4 (.const:ti_sysbios_gates_GateMutex_Module__diagsEnabled__C)
                  2001327c    00000004     app_pem4.oem4 (.const:ti_sysbios_gates_GateMutex_Module__diagsIncluded__C)
                  20013280    00000004     app_pem4.oem4 (.const:ti_sysbios_gates_GateMutex_Module__diagsMask__C)
                  20013284    00000004     app_pem4.oem4 (.const:ti_sysbios_hal_Hwi_E_stackOverflow__C)
                  20013288    00000004     app_pem4.oem4 (.const:ti_sysbios_heaps_HeapMem_A_align__C)
                  2001328c    00000004     app_pem4.oem4 (.const:ti_sysbios_heaps_HeapMem_A_heapSize__C)
                  20013290    00000004     app_pem4.oem4 (.const:ti_sysbios_heaps_HeapMem_A_invalidFree__C)
                  20013294    00000004     app_pem4.oem4 (.const:ti_sysbios_heaps_HeapMem_A_zeroBlock__C)
                  20013298    00000004     app_pem4.oem4 (.const:ti_sysbios_heaps_HeapMem_E_memory__C)
                  2001329c    00000004     app_pem4.oem4 (.const:ti_sysbios_heaps_HeapMem_Module__diagsEnabled__C)
                  200132a0    00000004     app_pem4.oem4 (.const:ti_sysbios_heaps_HeapMem_Module__diagsIncluded__C)
                  200132a4    00000004     app_pem4.oem4 (.const:ti_sysbios_heaps_HeapMem_Module__diagsMask__C)
                  200132a8    00000004     app_pem4.oem4 (.const:ti_sysbios_heaps_HeapMem_Module__gateObj__C)
                  200132ac    00000004     app_pem4.oem4 (.const:ti_sysbios_heaps_HeapMem_Object__count__C)
                  200132b0    00000004     app_pem4.oem4 (.const:ti_sysbios_heaps_HeapMem_reqAlign__C)
                  200132b4    00000004     app_pem4.oem4 (.const:ti_sysbios_knl_Clock_LM_begin__C)
                  200132b8    00000004     app_pem4.oem4 (.const:ti_sysbios_knl_Clock_LM_tick__C)
                  200132bc    00000004     app_pem4.oem4 (.const:ti_sysbios_knl_Clock_LW_delayed__C)
                  200132c0    00000004     app_pem4.oem4 (.const:ti_sysbios_knl_Clock_Module_State_clockQ__O)
                  200132c4    00000004     app_pem4.oem4 (.const:ti_sysbios_knl_Clock_Module__diagsEnabled__C)
                  200132c8    00000004     app_pem4.oem4 (.const:ti_sysbios_knl_Clock_Module__diagsIncluded__C)
                  200132cc    00000004     app_pem4.oem4 (.const:ti_sysbios_knl_Clock_Module__diagsMask__C)
                  200132d0    00000004     app_pem4.oem4 (.const:ti_sysbios_knl_Clock_Module__loggerFxn1__C)
                  200132d4    00000004     app_pem4.oem4 (.const:ti_sysbios_knl_Clock_Module__loggerFxn2__C)
                  200132d8    00000004     app_pem4.oem4 (.const:ti_sysbios_knl_Clock_Module__loggerObj__C)
                  200132dc    00000004     app_pem4.oem4 (.const:ti_sysbios_knl_Clock_tickPeriod__C)
                  200132e0    00000004     app_pem4.oem4 (.const:ti_sysbios_knl_Idle_funcList__A)
                  200132e4    00000004     app_pem4.oem4 (.const:ti_sysbios_knl_Mailbox_A_invalidBufSize__C)
                  200132e8    00000004     app_pem4.oem4 (.const:ti_sysbios_knl_Mailbox_Instance_State_dataQue__O)
                  200132ec    00000004     app_pem4.oem4 (.const:ti_sysbios_knl_Mailbox_Instance_State_dataSem__O)
                  200132f0    00000004     app_pem4.oem4 (.const:ti_sysbios_knl_Mailbox_Instance_State_freeQue__O)
                  200132f4    00000004     app_pem4.oem4 (.const:ti_sysbios_knl_Mailbox_Instance_State_freeSem__O)
                  200132f8    00000004     app_pem4.oem4 (.const:ti_sysbios_knl_Mailbox_Module__diagsEnabled__C)
                  200132fc    00000004     app_pem4.oem4 (.const:ti_sysbios_knl_Mailbox_Module__diagsIncluded__C)
                  20013300    00000004     app_pem4.oem4 (.const:ti_sysbios_knl_Mailbox_Module__diagsMask__C)
                  20013304    00000004     app_pem4.oem4 (.const:ti_sysbios_knl_Mailbox_Object__count__C)
                  20013308    00000004     app_pem4.oem4 (.const:ti_sysbios_knl_Mailbox_maxTypeAlign__C)
                  2001330c    00000004     app_pem4.oem4 (.const:ti_sysbios_knl_Semaphore_A_badContext__C)
                  20013310    00000004     app_pem4.oem4 (.const:ti_sysbios_knl_Semaphore_A_noEvents__C)
                  20013314    00000004     app_pem4.oem4 (.const:ti_sysbios_knl_Semaphore_A_overflow__C)
                  20013318    00000004     app_pem4.oem4 (.const:ti_sysbios_knl_Semaphore_A_pendTaskDisabled__C)
                  2001331c    00000004     app_pem4.oem4 (.const:ti_sysbios_knl_Semaphore_Instance_State_pendQ__O)
                  20013320    00000004     app_pem4.oem4 (.const:ti_sysbios_knl_Semaphore_LM_pend__C)
                  20013324    00000004     app_pem4.oem4 (.const:ti_sysbios_knl_Semaphore_LM_post__C)
                  20013328    00000004     app_pem4.oem4 (.const:ti_sysbios_knl_Semaphore_Module__diagsEnabled__C)
                  2001332c    00000004     app_pem4.oem4 (.const:ti_sysbios_knl_Semaphore_Module__diagsIncluded__C)
                  20013330    00000004     app_pem4.oem4 (.const:ti_sysbios_knl_Semaphore_Module__diagsMask__C)
                  20013334    00000004     app_pem4.oem4 (.const:ti_sysbios_knl_Semaphore_Module__loggerFxn2__C)
                  20013338    00000004     app_pem4.oem4 (.const:ti_sysbios_knl_Semaphore_Module__loggerFxn4__C)
                  2001333c    00000004     app_pem4.oem4 (.const:ti_sysbios_knl_Semaphore_Module__loggerObj__C)
                  20013340    00000004     app_pem4.oem4 (.const:ti_sysbios_knl_Swi_LD_end__C)
                  20013344    00000004     app_pem4.oem4 (.const:ti_sysbios_knl_Swi_LM_begin__C)
                  20013348    00000004     app_pem4.oem4 (.const:ti_sysbios_knl_Swi_LM_post__C)
                  2001334c    00000004     app_pem4.oem4 (.const:ti_sysbios_knl_Swi_Module__diagsEnabled__C)
                  20013350    00000004     app_pem4.oem4 (.const:ti_sysbios_knl_Swi_Module__diagsIncluded__C)
                  20013354    00000004     app_pem4.oem4 (.const:ti_sysbios_knl_Swi_Module__diagsMask__C)
                  20013358    00000004     app_pem4.oem4 (.const:ti_sysbios_knl_Swi_Module__loggerFxn1__C)
                  2001335c    00000004     app_pem4.oem4 (.const:ti_sysbios_knl_Swi_Module__loggerFxn4__C)
                  20013360    00000004     app_pem4.oem4 (.const:ti_sysbios_knl_Swi_Module__loggerObj__C)
                  20013364    00000004     app_pem4.oem4 (.const:ti_sysbios_knl_Swi_Object__count__C)
                  20013368    00000004     app_pem4.oem4 (.const:ti_sysbios_knl_Task_A_badPriority__C)
                  2001336c    00000004     app_pem4.oem4 (.const:ti_sysbios_knl_Task_A_badTaskState__C)
                  20013370    00000004     app_pem4.oem4 (.const:ti_sysbios_knl_Task_A_badThreadType__C)
                  20013374    00000004     app_pem4.oem4 (.const:ti_sysbios_knl_Task_A_badTimeout__C)
                  20013378    00000004     app_pem4.oem4 (.const:ti_sysbios_knl_Task_A_noPendElem__C)
                  2001337c    00000004     app_pem4.oem4 (.const:ti_sysbios_knl_Task_A_sleepTaskDisabled__C)
                  20013380    00000004     app_pem4.oem4 (.const:ti_sysbios_knl_Task_E_spOutOfBounds__C)
                  20013384    00000004     app_pem4.oem4 (.const:ti_sysbios_knl_Task_E_stackOverflow__C)
                  20013388    00000004     app_pem4.oem4 (.const:ti_sysbios_knl_Task_LD_block__C)
                  2001338c    00000004     app_pem4.oem4 (.const:ti_sysbios_knl_Task_LD_exit__C)
                  20013390    00000004     app_pem4.oem4 (.const:ti_sysbios_knl_Task_LD_ready__C)
                  20013394    00000004     app_pem4.oem4 (.const:ti_sysbios_knl_Task_LM_sleep__C)
                  20013398    00000004     app_pem4.oem4 (.const:ti_sysbios_knl_Task_LM_switch__C)
                  2001339c    00000004     app_pem4.oem4 (.const:ti_sysbios_knl_Task_LM_yield__C)
                  200133a0    00000004     app_pem4.oem4 (.const:ti_sysbios_knl_Task_Module_State_inactiveQ__O)
                  200133a4    00000004     app_pem4.oem4 (.const:ti_sysbios_knl_Task_Module__diagsEnabled__C)
                  200133a8    00000004     app_pem4.oem4 (.const:ti_sysbios_knl_Task_Module__diagsIncluded__C)
                  200133ac    00000004     app_pem4.oem4 (.const:ti_sysbios_knl_Task_Module__diagsMask__C)
                  200133b0    00000004     app_pem4.oem4 (.const:ti_sysbios_knl_Task_Module__loggerFxn2__C)
                  200133b4    00000004     app_pem4.oem4 (.const:ti_sysbios_knl_Task_Module__loggerFxn4__C)
                  200133b8    00000004     app_pem4.oem4 (.const:ti_sysbios_knl_Task_Module__loggerObj__C)
                  200133bc    00000004     app_pem4.oem4 (.const:ti_sysbios_knl_Task_Object__count__C)
                  200133c0    00000004     app_pem4.oem4 (.const:ti_sysbios_knl_Task_allBlockedFunc__C)
                  200133c4    00000004     app_pem4.oem4 (.const:ti_sysbios_knl_Task_defaultStackHeap__C)
                  200133c8    00000004     app_pem4.oem4 (.const:ti_sysbios_knl_Task_defaultStackSize__C)
                  200133cc    00000004     app_pem4.oem4 (.const:ti_sysbios_knl_Task_numConstructedTasks__C)
                  200133d0    00000004     app_pem4.oem4 (.const:xdc_runtime_Assert_E_assertFailed__C)
                  200133d4    00000004     app_pem4.oem4 (.const:xdc_runtime_Core_A_initializedParams__C)
                  200133d8    00000004     app_pem4.oem4 (.const:xdc_runtime_Core_Module__diagsEnabled__C)
                  200133dc    00000004     app_pem4.oem4 (.const:xdc_runtime_Core_Module__diagsIncluded__C)
                  200133e0    00000004     app_pem4.oem4 (.const:xdc_runtime_Core_Module__diagsMask__C)
                  200133e4    00000004     app_pem4.oem4 (.const:xdc_runtime_Error_E_memory__C)
                  200133e8    00000004     app_pem4.oem4 (.const:xdc_runtime_Error_Module__diagsEnabled__C)
                  200133ec    00000004     app_pem4.oem4 (.const:xdc_runtime_Error_Module__diagsIncluded__C)
                  200133f0    00000004     app_pem4.oem4 (.const:xdc_runtime_Error_Module__diagsMask__C)
                  200133f4    00000004     app_pem4.oem4 (.const:xdc_runtime_Error_Module__loggerFxn8__C)
                  200133f8    00000004     app_pem4.oem4 (.const:xdc_runtime_Error_Module__loggerObj__C)
                  200133fc    00000004     app_pem4.oem4 (.const:xdc_runtime_Error_policyFxn__C)
                  20013400    00000004     app_pem4.oem4 (.const:xdc_runtime_Error_raiseHook__C)
                  20013404    00000004     app_pem4.oem4 (.const:xdc_runtime_IFilterLogger_Interface__BASE__C)
                  20013408    00000004     app_pem4.oem4 (.const:xdc_runtime_IGateProvider_Interface__BASE__C)
                  2001340c    00000004     app_pem4.oem4 (.const:xdc_runtime_IHeap_Interface__BASE__C)
                  20013410    00000004     app_pem4.oem4 (.const:xdc_runtime_ILogger_Interface__BASE__C)
                  20013414    00000004     app_pem4.oem4 (.const:xdc_runtime_IModule_Interface__BASE__C)
                  20013418    00000004     app_pem4.oem4 (.const:xdc_runtime_Log_L_error__C)
                  2001341c    00000004     app_pem4.oem4 (.const:xdc_runtime_LoggerBuf_E_badLevel__C)
                  20013420    00000004     app_pem4.oem4 (.const:xdc_runtime_LoggerBuf_Module__gateObj__C)
                  20013424    00000004     app_pem4.oem4 (.const:xdc_runtime_LoggerBuf_Object__count__C)
                  20013428    00000004     app_pem4.oem4 (.const:xdc_runtime_LoggerBuf_statusLogger__C)
                  2001342c    00000004     app_pem4.oem4 (.const:xdc_runtime_Memory_defaultHeapInstance__C)
                  20013430    00000004     app_pem4.oem4 (.const:xdc_runtime_Startup_execImpl__C)
                  20013434    00000004     app_pem4.oem4 (.const:xdc_runtime_Startup_maxPasses__C)
                  20013438    00000004     app_pem4.oem4 (.const:xdc_runtime_Startup_sfxnRts__C)
                  2001343c    00000004     app_pem4.oem4 (.const:xdc_runtime_Startup_sfxnTab__C)
                  20013440    00000004     app_pem4.oem4 (.const:xdc_runtime_SysMin_bufSize__C)
                  20013444    00000004     app_pem4.oem4 (.const:xdc_runtime_SysMin_outputFunc__C)
                  20013448    00000004     app_pem4.oem4 (.const:xdc_runtime_System_Module__gateObj__C)
                  2001344c    00000004     app_pem4.oem4 (.const:xdc_runtime_System_abortFxn__C)
                  20013450    00000004     app_pem4.oem4 (.const:xdc_runtime_System_exitFxn__C)
                  20013454    00000004     app_pem4.oem4 (.const:xdc_runtime_System_extendFxn__C)
                  20013458    00000004     app_pem4.oem4 (.const:xdc_runtime_System_maxAtexitHandlers__C)
                  2001345c    00000004     app_pem4.oem4 (.const:xdc_runtime_Text_charTab__C)
                  20013460    00000004     app_pem4.oem4 (.const:xdc_runtime_Text_nameEmpty__C)
                  20013464    00000004     app_pem4.oem4 (.const:xdc_runtime_Text_nameStatic__C)
                  20013468    00000004     app_pem4.oem4 (.const:xdc_runtime_Text_nameUnknown__C)
                  2001346c    00000004     app_pem4.oem4 (.const:xdc_runtime_Text_nodeTab__C)
                  20013470    00000004     app_pem4.oem4 (.const:xdc_runtime_Text_visitRopeFxn__C)
                  20013474    00000002     app_pem4.oem4 (.const:ti_sysbios_family_arm_m3_Hwi_Module__id__C)
                  20013476    00000002     app_pem4.oem4 (.const:ti_sysbios_family_arm_m3_Hwi_Module__loggerDefined__C)
                  20013478    00000002     app_pem4.oem4 (.const:ti_sysbios_family_arm_m3_Timer_Module__id__C)
                  2001347a    00000002     app_pem4.oem4 (.const:ti_sysbios_family_arm_m3_TimestampProvider_configTimer__C)
                  2001347c    00000002     app_pem4.oem4 (.const:ti_sysbios_gates_GateMutex_Module__id__C)
                  2001347e    00000002     app_pem4.oem4 (.const:ti_sysbios_hal_Hwi_Module__id__C)
                  20013480    00000002     app_pem4.oem4 (.const:ti_sysbios_heaps_HeapMem_Module__id__C)
                  20013482    00000002     app_pem4.oem4 (.const:ti_sysbios_knl_Clock_Module__id__C)
                  20013484    00000002     app_pem4.oem4 (.const:ti_sysbios_knl_Clock_Module__loggerDefined__C)
                  20013486    00000002     app_pem4.oem4 (.const:ti_sysbios_knl_Mailbox_Module__id__C)
                  20013488    00000002     app_pem4.oem4 (.const:ti_sysbios_knl_Semaphore_Module__id__C)
                  2001348a    00000002     app_pem4.oem4 (.const:ti_sysbios_knl_Semaphore_Module__loggerDefined__C)
                  2001348c    00000002     app_pem4.oem4 (.const:ti_sysbios_knl_Swi_Module__id__C)
                  2001348e    00000002     app_pem4.oem4 (.const:ti_sysbios_knl_Swi_Module__loggerDefined__C)
                  20013490    00000002     app_pem4.oem4 (.const:ti_sysbios_knl_Task_Module__id__C)
                  20013492    00000002     app_pem4.oem4 (.const:ti_sysbios_knl_Task_Module__loggerDefined__C)
                  20013494    00000002     app_pem4.oem4 (.const:xdc_runtime_Core_Module__id__C)
                  20013496    00000002     app_pem4.oem4 (.const:xdc_runtime_Error_Module__loggerDefined__C)
                  20013498    00000002     app_pem4.oem4 (.const:xdc_runtime_Error_maxDepth__C)
                  2001349a    00000002     app_pem4.oem4 (.const:xdc_runtime_LoggerBuf_Module__id__C)
                  2001349c    00000002     app_pem4.oem4 (.const:xdc_runtime_LoggerBuf_filterByLevel__C)
                  2001349e    00000002     app_pem4.oem4 (.const:xdc_runtime_Memory_Module__id__C)
                  200134a0    00000002     app_pem4.oem4 (.const:xdc_runtime_SysMin_flushAtExit__C)
                  200134a2    00000002     app_pem4.oem4 (.const:xdc_runtime_Text_charCnt__C)
                  200134a4    00000002     app_pem4.oem4 (.const:xdc_runtime_Text_isLoaded__C)
                  200134a6    00000002     app_pem4.oem4 (.const:xdc_runtime_Text_registryModsLastId__C)
                  200134a8    00000002     app_pem4.oem4 (.const:xdc_runtime_Text_unnamedModsLastId__C)

.cinit     0    200134b0    00000380     
                  200134b0    0000035c     (.cinit..data.load) [load image, compression = rle]
                  2001380c    0000000c     (__TI_handler_table)
                  20013818    00000008     (.cinit..bss.load) [load image, compression = zero_init]
                  20013820    00000010     (__TI_cinit_table)

.bss       0    20017000    00009611     UNINITIALIZED
                  20017000    00008000     app_pem4.oem4 (.bss:ti_sysbios_heaps_HeapMem_Instance_State_0_buf__A)
                  2001f000    00000800     app_pem4.oem4 (.bss:taskStackSection)
                  2001f800    00000400     app_pem4.oem4 (.bss:xdc_runtime_LoggerBuf_Instance_State_0_entryArr__A)
                  2001fc00    00000400     app_pem4.oem4 (.bss:xdc_runtime_SysMin_Module_State_0_outbuf__A)
                  20020000    0000030c     app_pem4.oem4 (.bss:ti_sysbios_family_arm_m3_Hwi_dispatchTable)
                  2002030c    00000178     simplelink.a : driver.obj (.bss:g_StatMem)
                  20020484    00000120     rtsv7M4_T_le_eabi.lib : trgmsg.obj (.bss:__CIOBUF_)
                  200205a4    00000050     simplelink.a : cc_pal.obj (.bss:g_ucDinDout)
                  200205f4    00000008     (.common:parmbuf)
                  200205fc    00000004     (.common:DMAMsgQ)
                  20020600    00000004     (.common:SimpleLinkSpawnTaskHndl)
                  20020604    00000004     (.common:__Errorlog)
                  20020608    00000004     (.common:g_cDummy)
                  2002060c    00000004     (.common:simpleLink_mailbox)
                  20020610    00000001     (.common:RxIrqCnt)

.data      0    20020618    00000580     UNINITIALIZED
                  20020618    00000138     app_pem4.oem4 (.data)
                  20020750    000000b0     rtsv7M4_T_le_eabi.lib : signal.obj (.data:sigtable)
                  20020800    00000080                           : xvalues.obj (.data)
                  20020880    00000080     app_pem4.oem4 (.data:ti_sysbios_knl_Swi_Module_State_0_readyQ__A)
                  20020900    00000080     app_pem4.oem4 (.data:ti_sysbios_knl_Task_Module_State_0_readyQ__A)
                  20020980    0000004c     app_pem4.oem4 (.data:ti_sysbios_knl_Task_Object__table__V)
                  200209cc    00000044     app_pem4.oem4 (.data:ti_sysbios_knl_Task_Module__state__V)
                  20020a10    00000038     app_pem4.oem4 (.data:ti_sysbios_gates_GateMutex_Object__table__V)
                  20020a48    00000034     app_pem4.oem4 (.data:ti_sysbios_family_arm_m3_Hwi_Module__state__V)
                  20020a7c    00000030     app_pem4.oem4 (.data:ti_sysbios_family_arm_m3_Timer_Object__table__V)
                  20020aac    00000030     app_pem4.oem4 (.data:ti_sysbios_knl_Swi_Object__table__V)
                  20020adc    0000002c     app_pem4.oem4 (.data:ti_sysbios_knl_Clock_Module__state__V)
                  20020b08    00000024     app_pem4.oem4 (.data:ti_sysbios_BIOS_Module__state__V)
                  20020b2c    00000024     app_pem4.oem4 (.data:xdc_runtime_LoggerBuf_Object__table__V)
                  20020b50    00000010     main.obj (.data)
                  20020b60    00000009     simplelink.a : cc_pal.obj (.data)
                  20020b69    00000003     --HOLE--
                  20020b6c    00000009                  : driver.obj (.data)
                  20020b75    00000003     --HOLE--
                  20020b78    00000008     rtsv7M4_T_le_eabi.lib : _lock.obj (.data)
                  20020b80    00000008                           : exit.obj (.data)
                  20020b88    00000008                           : feraiseexcept.obj (.data)
                  20020b90    00000004                           : errno.obj (.data)
                  20020b94    00000004                           : stkdepth_vars.obj (.data)

.TI.noinit 
*          0    20017000    00000000     UNINITIALIZED

.TI.persistent 
*          0    20020618    00000000     UNINITIALIZED

.stack     0    2002e000    00002000     UNINITIALIZED
                  2002e000    00002000     --HOLE--


LINKER GENERATED COPY TABLES

__TI_cinit_table @ 20013820 records: 2, size/record: 8, table size: 16
	.data: load addr=200134b0, load size=0000035c bytes, run addr=20020618, run size=00000580 bytes, compression=rle
	.bss: load addr=20013818, load size=00000008 bytes, run addr=20017000, run size=00009611 bytes, compression=zero_init


LINKER GENERATED HANDLER TABLE

__TI_handler_table @ 2001380c records: 3, size/record: 4, table size: 12
	index: 0, handler: __TI_decompress_rle24
	index: 1, handler: __TI_decompress_none
	index: 2, handler: __TI_zero_init


GLOBAL SYMBOLS: SORTED ALPHABETICALLY BY Name 

address   name                                                        
-------   ----                                                        
2000f2a9  C$$EXIT                                                     
2000e167  C$$IO$$                                                     
[...]
20013208  ti_sysbios_family_arm_m3_Hwi_E_busFault__C                  
2001320c  ti_sysbios_family_arm_m3_Hwi_E_debugMon__C                  
20013210  ti_sysbios_family_arm_m3_Hwi_E_hardFault__C                 
20013214  ti_sysbios_family_arm_m3_Hwi_E_memFault__C                  
20013218  ti_sysbios_family_arm_m3_Hwi_E_noIsr__C                     
2001321c  ti_sysbios_family_arm_m3_Hwi_E_reserved__C                  
20013220  ti_sysbios_family_arm_m3_Hwi_E_svCall__C                    
20013224  ti_sysbios_family_arm_m3_Hwi_E_usageFault__C                
20013228  ti_sysbios_family_arm_m3_Hwi_LD_end__C                      
2001322c  ti_sysbios_family_arm_m3_Hwi_LM_begin__C                    
20013230  ti_sysbios_family_arm_m3_Hwi_Module__diagsEnabled__C        
20013234  ti_sysbios_family_arm_m3_Hwi_Module__diagsIncluded__C       
20013238  ti_sysbios_family_arm_m3_Hwi_Module__diagsMask__C           
2001323c  ti_sysbios_family_arm_m3_Hwi_Module__loggerFxn1__C          
20013240  ti_sysbios_family_arm_m3_Hwi_Module__loggerFxn8__C          
20013244  ti_sysbios_family_arm_m3_Hwi_Module__loggerObj__C           
20013248  ti_sysbios_family_arm_m3_Hwi_NUM_INTERRUPTS__C              
2001324c  ti_sysbios_family_arm_m3_Hwi_Object__count__C               
20013250  ti_sysbios_family_arm_m3_Hwi_ccr__C                         
20013254  ti_sysbios_family_arm_m3_Hwi_excHandlerFunc__C              
20013258  ti_sysbios_family_arm_m3_Hwi_excHookFuncs__C                
2001325c  ti_sysbios_family_arm_m3_Hwi_nullIsrFunc__C                 
20013260  ti_sysbios_family_arm_m3_Hwi_priGroup__C                    
20013264  ti_sysbios_family_arm_m3_TaskSupport_stackAlignment__C      
20013268  ti_sysbios_family_arm_m3_Timer_E_cannotSupport__C           
2001326c  ti_sysbios_family_arm_m3_Timer_startupNeeded__C             
20013270  ti_sysbios_gates_GateMutex_A_badContext__C                  
20013274  ti_sysbios_gates_GateMutex_Instance_State_sem__O            
20013278  ti_sysbios_gates_GateMutex_Module__diagsEnabled__C          
2001327c  ti_sysbios_gates_GateMutex_Module__diagsIncluded__C         
20013280  ti_sysbios_gates_GateMutex_Module__diagsMask__C             
20013284  ti_sysbios_hal_Hwi_E_stackOverflow__C                       
20013288  ti_sysbios_heaps_HeapMem_A_align__C                         
2001328c  ti_sysbios_heaps_HeapMem_A_heapSize__C                      
20013290  ti_sysbios_heaps_HeapMem_A_invalidFree__C                   
20013294  ti_sysbios_heaps_HeapMem_A_zeroBlock__C                     
20013298  ti_sysbios_heaps_HeapMem_E_memory__C                        
2001329c  ti_sysbios_heaps_HeapMem_Module__diagsEnabled__C            
200132a0  ti_sysbios_heaps_HeapMem_Module__diagsIncluded__C           
200132a4  ti_sysbios_heaps_HeapMem_Module__diagsMask__C               
200132a8  ti_sysbios_heaps_HeapMem_Module__gateObj__C                 
200132ac  ti_sysbios_heaps_HeapMem_Object__count__C                   
200132b0  ti_sysbios_heaps_HeapMem_reqAlign__C                        
200132b4  ti_sysbios_knl_Clock_LM_begin__C                            
200132b8  ti_sysbios_knl_Clock_LM_tick__C                             
200132bc  ti_sysbios_knl_Clock_LW_delayed__C                          
200132c0  ti_sysbios_knl_Clock_Module_State_clockQ__O                 
200132c4  ti_sysbios_knl_Clock_Module__diagsEnabled__C                
200132c8  ti_sysbios_knl_Clock_Module__diagsIncluded__C               
200132cc  ti_sysbios_knl_Clock_Module__diagsMask__C                   
200132d0  ti_sysbios_knl_Clock_Module__loggerFxn1__C                  
200132d4  ti_sysbios_knl_Clock_Module__loggerFxn2__C                  
200132d8  ti_sysbios_knl_Clock_Module__loggerObj__C                   
200132dc  ti_sysbios_knl_Clock_tickPeriod__C                          
200132e0  ti_sysbios_knl_Idle_funcList__A                             
200132e4  ti_sysbios_knl_Mailbox_A_invalidBufSize__C                  
200132e8  ti_sysbios_knl_Mailbox_Instance_State_dataQue__O            
200132ec  ti_sysbios_knl_Mailbox_Instance_State_dataSem__O            
200132f0  ti_sysbios_knl_Mailbox_Instance_State_freeQue__O            
200132f4  ti_sysbios_knl_Mailbox_Instance_State_freeSem__O            
200132f8  ti_sysbios_knl_Mailbox_Module__diagsEnabled__C              
200132fc  ti_sysbios_knl_Mailbox_Module__diagsIncluded__C             
20013300  ti_sysbios_knl_Mailbox_Module__diagsMask__C                 
20013304  ti_sysbios_knl_Mailbox_Object__count__C                     
20013308  ti_sysbios_knl_Mailbox_maxTypeAlign__C                      
2001330c  ti_sysbios_knl_Semaphore_A_badContext__C                    
20013310  ti_sysbios_knl_Semaphore_A_noEvents__C                      
20013314  ti_sysbios_knl_Semaphore_A_overflow__C                      
20013318  ti_sysbios_knl_Semaphore_A_pendTaskDisabled__C              
2001331c  ti_sysbios_knl_Semaphore_Instance_State_pendQ__O            
20013320  ti_sysbios_knl_Semaphore_LM_pend__C                         
20013324  ti_sysbios_knl_Semaphore_LM_post__C                         
20013328  ti_sysbios_knl_Semaphore_Module__diagsEnabled__C            
2001332c  ti_sysbios_knl_Semaphore_Module__diagsIncluded__C           
20013330  ti_sysbios_knl_Semaphore_Module__diagsMask__C               
20013334  ti_sysbios_knl_Semaphore_Module__loggerFxn2__C              
20013338  ti_sysbios_knl_Semaphore_Module__loggerFxn4__C              
2001333c  ti_sysbios_knl_Semaphore_Module__loggerObj__C               
20013340  ti_sysbios_knl_Swi_LD_end__C                                
20013344  ti_sysbios_knl_Swi_LM_begin__C                              
20013348  ti_sysbios_knl_Swi_LM_post__C                               
2001334c  ti_sysbios_knl_Swi_Module__diagsEnabled__C                  
20013350  ti_sysbios_knl_Swi_Module__diagsIncluded__C                 
20013354  ti_sysbios_knl_Swi_Module__diagsMask__C                     
20013358  ti_sysbios_knl_Swi_Module__loggerFxn1__C                    
2001335c  ti_sysbios_knl_Swi_Module__loggerFxn4__C                    
20013360  ti_sysbios_knl_Swi_Module__loggerObj__C                     
20013364  ti_sysbios_knl_Swi_Object__count__C                         
20013368  ti_sysbios_knl_Task_A_badPriority__C                        
2001336c  ti_sysbios_knl_Task_A_badTaskState__C                       
20013370  ti_sysbios_knl_Task_A_badThreadType__C                      
20013374  ti_sysbios_knl_Task_A_badTimeout__C                         
20013378  ti_sysbios_knl_Task_A_noPendElem__C                         
2001337c  ti_sysbios_knl_Task_A_sleepTaskDisabled__C                  
20013380  ti_sysbios_knl_Task_E_spOutOfBounds__C                      
20013384  ti_sysbios_knl_Task_E_stackOverflow__C                      
20013388  ti_sysbios_knl_Task_LD_block__C                             
2001338c  ti_sysbios_knl_Task_LD_exit__C                              
20013390  ti_sysbios_knl_Task_LD_ready__C                             
20013394  ti_sysbios_knl_Task_LM_sleep__C                             
20013398  ti_sysbios_knl_Task_LM_switch__C                            
2001339c  ti_sysbios_knl_Task_LM_yield__C                             
200133a0  ti_sysbios_knl_Task_Module_State_inactiveQ__O               
200133a4  ti_sysbios_knl_Task_Module__diagsEnabled__C                 
200133a8  ti_sysbios_knl_Task_Module__diagsIncluded__C                
200133ac  ti_sysbios_knl_Task_Module__diagsMask__C                    
200133b0  ti_sysbios_knl_Task_Module__loggerFxn2__C                   
200133b4  ti_sysbios_knl_Task_Module__loggerFxn4__C                   
200133b8  ti_sysbios_knl_Task_Module__loggerObj__C                    
200133bc  ti_sysbios_knl_Task_Object__count__C                        
200133c0  ti_sysbios_knl_Task_allBlockedFunc__C                       
200133c4  ti_sysbios_knl_Task_defaultStackHeap__C                     
200133c8  ti_sysbios_knl_Task_defaultStackSize__C                     
200133cc  ti_sysbios_knl_Task_numConstructedTasks__C                  
200133d0  xdc_runtime_Assert_E_assertFailed__C                        
200133d4  xdc_runtime_Core_A_initializedParams__C                     
200133d8  xdc_runtime_Core_Module__diagsEnabled__C                    
200133dc  xdc_runtime_Core_Module__diagsIncluded__C                   
200133e0  xdc_runtime_Core_Module__diagsMask__C                       
200133e4  xdc_runtime_Error_E_memory__C                               
200133e8  xdc_runtime_Error_Module__diagsEnabled__C                   
200133ec  xdc_runtime_Error_Module__diagsIncluded__C                  
200133f0  xdc_runtime_Error_Module__diagsMask__C                      
200133f4  xdc_runtime_Error_Module__loggerFxn8__C                     
200133f8  xdc_runtime_Error_Module__loggerObj__C                      
200133fc  xdc_runtime_Error_policyFxn__C                              
20013400  xdc_runtime_Error_raiseHook__C                              
20013404  xdc_runtime_IFilterLogger_Interface__BASE__C                
20013408  xdc_runtime_IGateProvider_Interface__BASE__C                
2001340c  xdc_runtime_IHeap_Interface__BASE__C                        
20013410  xdc_runtime_ILogger_Interface__BASE__C                      
20013414  xdc_runtime_IModule_Interface__BASE__C                      
20013418  xdc_runtime_Log_L_error__C                                  
2001341c  xdc_runtime_LoggerBuf_E_badLevel__C                         
20013420  xdc_runtime_LoggerBuf_Module__gateObj__C                    
20013424  xdc_runtime_LoggerBuf_Object__count__C                      
20013428  xdc_runtime_LoggerBuf_statusLogger__C                       
2001342c  xdc_runtime_Memory_defaultHeapInstance__C                   
20013430  xdc_runtime_Startup_execImpl__C                             
20013434  xdc_runtime_Startup_maxPasses__C                            
20013438  xdc_runtime_Startup_sfxnRts__C                              
2001343c  xdc_runtime_Startup_sfxnTab__C                              
20013440  xdc_runtime_SysMin_bufSize__C                               
20013444  xdc_runtime_SysMin_outputFunc__C                            
20013448  xdc_runtime_System_Module__gateObj__C                       
2001344c  xdc_runtime_System_abortFxn__C                              
20013450  xdc_runtime_System_exitFxn__C                               
20013454  xdc_runtime_System_extendFxn__C                             
20013458  xdc_runtime_System_maxAtexitHandlers__C                     
2001345c  xdc_runtime_Text_charTab__C                                 
20013460  xdc_runtime_Text_nameEmpty__C                               
20013464  xdc_runtime_Text_nameStatic__C                              
20013468  xdc_runtime_Text_nameUnknown__C                             
2001346c  xdc_runtime_Text_nodeTab__C                                 
20013470  xdc_runtime_Text_visitRopeFxn__C                            
20013474  ti_sysbios_family_arm_m3_Hwi_Module__id__C                  
20013476  ti_sysbios_family_arm_m3_Hwi_Module__loggerDefined__C       
20013478  ti_sysbios_family_arm_m3_Timer_Module__id__C                
2001347a  ti_sysbios_family_arm_m3_TimestampProvider_configTimer__C   
2001347c  ti_sysbios_gates_GateMutex_Module__id__C                    
2001347e  ti_sysbios_hal_Hwi_Module__id__C                            
20013480  ti_sysbios_heaps_HeapMem_Module__id__C                      
20013482  ti_sysbios_knl_Clock_Module__id__C                          
20013484  ti_sysbios_knl_Clock_Module__loggerDefined__C               
20013486  ti_sysbios_knl_Mailbox_Module__id__C                        
20013488  ti_sysbios_knl_Semaphore_Module__id__C                      
2001348a  ti_sysbios_knl_Semaphore_Module__loggerDefined__C           
2001348c  ti_sysbios_knl_Swi_Module__id__C                            
2001348e  ti_sysbios_knl_Swi_Module__loggerDefined__C                 
20013490  ti_sysbios_knl_Task_Module__id__C                           
20013492  ti_sysbios_knl_Task_Module__loggerDefined__C                
20013494  xdc_runtime_Core_Module__id__C                              
20013496  xdc_runtime_Error_Module__loggerDefined__C                  
20013498  xdc_runtime_Error_maxDepth__C                               
2001349a  xdc_runtime_LoggerBuf_Module__id__C                         
2001349c  xdc_runtime_LoggerBuf_filterByLevel__C                      
2001349e  xdc_runtime_Memory_Module__id__C                            
200134a0  xdc_runtime_SysMin_flushAtExit__C                           
200134a2  xdc_runtime_Text_charCnt__C                                 
200134a4  xdc_runtime_Text_isLoaded__C                                
200134a6  xdc_runtime_Text_registryModsLastId__C                      
200134a8  xdc_runtime_Text_unnamedModsLastId__C                       
200134b0  __TI_static_base__                                          
2001380c  __TI_Handler_Table_Base                                     
20013818  __TI_Handler_Table_Limit                                    
20013820  __TI_CINIT_Base                                             
20013830  __TI_CINIT_Limit                                            
20017000  ti_sysbios_heaps_HeapMem_Instance_State_0_buf__A            
2001f000  ti_sysbios_knl_Task_Instance_State_0_stack__A               
2001f800  xdc_runtime_LoggerBuf_Instance_State_0_entryArr__A          
2001fc00  xdc_runtime_SysMin_Module_State_0_outbuf__A                 
20020000  ti_sysbios_family_arm_m3_Hwi_dispatchTable                  
2002030c  g_StatMem                                                   
20020484  __CIOBUF_                                                   
200205a4  g_ucDinDout                                                 
200205fc  DMAMsgQ                                                     
20020600  SimpleLinkSpawnTaskHndl                                     
20020608  g_cDummy                                                    
2002060c  simpleLink_mailbox                                          
20020610  RxIrqCnt                                                    
20020618  ti_sysbios_family_arm_m3_Hwi_Module__root__V                
20020620  ti_sysbios_family_arm_m3_Hwi_Object__table__V               
20020638  ti_sysbios_family_arm_m3_Hwi_Module_State_0_excActive__A    
2002063c  ti_sysbios_family_arm_m3_Hwi_Module_State_0_excContext__A   
20020640  ti_sysbios_family_arm_m3_Hwi_Module_State_0_excStack__A     
20020644  ti_sysbios_family_arm_m3_Timer_Module__root__V              
2002064c  ti_sysbios_family_arm_m3_Timer_Module__state__V             
20020658  ti_sysbios_family_arm_m3_TimestampProvider_Module__state__V 
2002065c  ti_sysbios_gates_GateHwi_Module__root__V                    
20020664  ti_sysbios_gates_GateHwi_Object__table__V                   
20020668  ti_sysbios_gates_GateMutex_Module__root__V                  
20020670  ti_sysbios_hal_Hwi_Module__root__V                          
20020678  ti_sysbios_hal_Timer_Module__root__V                        
20020680  ti_sysbios_heaps_HeapMem_Module__root__V                    
20020688  ti_sysbios_heaps_HeapMem_Object__table__V                   
200206a0  ti_sysbios_knl_Clock_Module__root__V                        
200206a8  ti_sysbios_knl_Event_Module__root__V                        
200206b0  ti_sysbios_knl_Mailbox_Module__root__V                      
200206b8  ti_sysbios_knl_Queue_Module__root__V                        
200206c0  ti_sysbios_knl_Semaphore_Module__root__V                    
200206c8  ti_sysbios_knl_Swi_Module__root__V                          
200206d0  ti_sysbios_knl_Swi_Module__state__V                         
200206ec  ti_sysbios_knl_Task_Module__root__V                         
200206f4  ti_sysbios_knl_Task_Module_State_0_idleTask__A              
200206f8  xdc_runtime_Error_Module__state__V                          
200206fc  xdc_runtime_LoggerBuf_Module__root__V                       
20020704  xdc_runtime_LoggerBuf_Module__state__V                      
2002070c  xdc_runtime_Memory_Module__state__V                         
20020710  xdc_runtime_Registry_Module__state__V                       
20020718  xdc_runtime_Startup_Module__state__V                        
20020720  xdc_runtime_SysMin_Module__state__V                         
2002072c  xdc_runtime_System_Module_State_0_atexitHandlers__A         
2002073c  xdc_runtime_System_Module__state__V                         
20020744  xdc_runtime_Text_Module__state__V                           
2002074c  __xdc__init__addr                                           
20020800  _Denorm                                                     
20020810  _Eps                                                        
20020820  _Hugeval                                                    
20020830  _Inf                                                        
20020840  _Nan                                                        
20020850  _Snan                                                       
20020860  _Rteps                                                      
20020870  _Xbig                                                       
20020878  _Zero                                                       
20020880  ti_sysbios_knl_Swi_Module_State_0_readyQ__A                 
20020900  ti_sysbios_knl_Task_Module_State_0_readyQ__A                
20020980  ti_sysbios_knl_Task_Object__table__V                        
200209cc  ti_sysbios_knl_Task_Module__state__V                        
20020a10  ti_sysbios_gates_GateMutex_Object__table__V                 
20020a48  ti_sysbios_family_arm_m3_Hwi_Module__state__V               
20020a7c  ti_sysbios_family_arm_m3_Timer_Object__table__V             
20020aac  ti_sysbios_knl_Swi_Object__table__V                         
20020adc  ti_sysbios_knl_Clock_Module__state__V                       
20020b08  ti_sysbios_BIOS_Module__state__V                            
20020b2c  xdc_runtime_LoggerBuf_Object__table__V                      
20020b50  g_ulStatus                                                  
20020b54  g_ulStaIp                                                   
20020b58  g_ulPingPacketsRecv                                         
20020b5c  g_uiGatewayIP                                               
20020b60  g_SpiFd                                                     
20020b64  g_pHostIntHdl                                               
20020b68  g_ucDMAEnabled                                              
20020b6c  g_pCB                                                       
20020b70  pPingCallBackFunc                                           
20020b74  gFirstCmdMode                                               
20020b78  _lock                                                       
20020b7c  _unlock                                                     
20020b80  __TI_cleanup_ptr                                            
20020b84  __TI_dtors_ptr                                              
20020b88  _Fenv                                                       
20020b8c  _Tls_setup__Fenv                                            
20020b90  _Errno                                                      
20020b94  main_func_sp                                                
2002e000  __stack                                                     
20030000  __STACK_END                                                 
e000e000  ti_sysbios_family_arm_m3_Hwi_nvic                           
ffffffff  __binit__                                                   
ffffffff  __c_args__                                                  
ffffffff  binit                                                       
UNDEFED   SHT$$INIT_ARRAY$$Base                                       
UNDEFED   SHT$$INIT_ARRAY$$Limit                                      

[913 symbols]
